17:19:00 **** Incremental Build of configuration Debug for project LPC55S69_Project_M33SLAVE ****
make -r -j4 all 
Building target: LPC55S69_Project_M33SLAVE.axf
Invoking: MCU Linker
arm-none-eabi-gcc -nostdlib -Xlinker -Map="LPC55S69_Project_M33SLAVE.map" -Xlinker --gc-sections -Xlinker -print-memory-usage -Xlinker --sort-section=alignment -Xlinker --cref -mcpu=cortex-m33+nodsp -mthumb -T LPC55S69_Project_M33SLAVE_Debug.ld -o "LPC55S69_Project_M33SLAVE.axf" ./utilities/fsl_assert.o ./utilities/fsl_debug_console.o ./utilities/fsl_str.o  ./startup/boot_multicore_slave.o ./startup/startup_lpc55s69_cm33_core1.o  ./source/fonts/fixed12.o ./source/fonts/fixed16.o ./source/fonts/fixed20.o ./source/fonts/fixed24.o ./source/fonts/fixed8.o  ./source/fsl_ili9341.o ./source/lcd.o ./source/lcd_dpy.o ./source/lcd_private.o ./source/lcd_ts.o ./source/main_core1.o ./source/semihost_hardfault.o  ./drivers/fsl_clock.o ./drivers/fsl_common.o ./drivers/fsl_common_arm.o ./drivers/fsl_ctimer.o ./drivers/fsl_flexcomm.o ./drivers/fsl_gpio.o ./drivers/fsl_i2c.o ./drivers/fsl_power.o ./drivers/fsl_reset.o ./drivers/fsl_spi.o ./drivers/fsl_usart.o  ./device/system_LPC55S69_cm33_core1.o  ./component/uart/fsl_adapter_usart.o  ./component/serial_manager/fsl_component_serial_manager.o ./component/serial_manager/fsl_component_serial_port_uart.o  ./component/lists/fsl_component_generic_list.o  ./board/board.o ./board/clock_config.o ./board/peripherals.o ./board/pin_mux.o    && arm-none-eabi-objcopy --target elf32-littlearm --verbose --strip-all --remove-section=.ARM.attributes --redefine-sym __vectors_start__=__vectors_start___core_m33slave --keep-symbol __vectors_start___core_m33slave --redefine-sym _data=__start_data_core_m33slave --keep-symbol __start_data_core_m33slave --redefine-sym _edata=__end_data_core_m33slave --keep-symbol __end_data_core_m33slave --remove-section=".bss*" --remove-section=".noinit*" --rename-section .ARM.exidx=".core_m33slave.ARM.exidx" --rename-section .ARM.extab=".core_m33slave.ARM.extab" --rename-section .text=".core_m33slave" --rename-section .data=".core_m33slave.data" --rename-section .data_RAM2=".core_m33slave.data_RAM2" "LPC55S69_Project_M33SLAVE.axf" "LPC55S69_Project_M33SLAVE.axf.o" && mcux-fixelf "LPC55S69_Project_M33SLAVE.axf.o"
/usr/local/mcuxpressoide-11.10.0_3148/ide/plugins/com.nxp.mcuxpresso.tools.linux_11.10.0.202311280810/tools/bin/../lib/gcc/arm-none-eabi/13.2.1/../../../../arm-none-eabi/bin/ld: warning: LPC55S69_Project_M33SLAVE.axf has a LOAD segment with RWX permissions
Memory region         Used Size  Region Size  %age Used
            SRAM:       23776 B        48 KB     48.37%
           shmem:          0 GB        16 KB      0.00%
copy from `LPC55S69_Project_M33SLAVE.axf' [elf32-littlearm] to `LPC55S69_Project_M33SLAVE.axf.o' [elf32-littlearm]
Finished building target: LPC55S69_Project_M33SLAVE.axf
 
Performing post-build steps
arm-none-eabi-size "LPC55S69_Project_M33SLAVE.axf"; # arm-none-eabi-objcopy -v -O binary "LPC55S69_Project_M33SLAVE.axf" "LPC55S69_Project_M33SLAVE.bin" ; # checksum -p LPC55S69 -d "LPC55S69_Project_M33SLAVE.bin";
   text	   data	    bss	    dec	    hex	filename
  16732	     60	   6984	  23776	   5ce0	LPC55S69_Project_M33SLAVE.axf
 

17:19:01 Build Finished. 0 errors, 1 warnings. (took 1s.716ms)

