17:49:51 **** Incremental Build of configuration Debug for project lpc55s69_calc_starter ****
make -r -j4 all 
Building file: ../source/calc.c
Building file: ../source/dsp.c
Invoking: MCU C Compiler
Invoking: MCU C Compiler
arm-none-eabi-gcc -std=c17 -DCPU_LPC55S69JBD100 -DUSE_HS_SPI=1 -DBOARD_USE_CODEC=1 -DSDK_I2C_BASED_COMPONENT_USED=1 -DCODEC_WM8904_ENABLE -DSD_ENABLED -DEMBED -DFLOAT32 -DCPU_LPC55S69JBD100_cm33 -DCPU_LPC55S69JBD100_cm33_core0 -DFSL_RTOS_BM -DSDK_OS_BAREMETAL -DSDK_DEBUGCONSOLE=0 -DCR_INTEGER_PRINTF -DPRINTF_FLOAT_ENABLE=0 -DSERIAL_PORT_TYPE_UART=1 -D__MCUXPRESSO -D__USE_CMSIS -DDEBUG -D__NEWLIB__ -D__MULTICORE_MASTER -D__MULTICORE_MASTER_SLAVE_M33SLAVE -I"/home/mohamed/apps/MCUXpresso_11.10.0_3148/workspace/lpc55s69_calc_starter/component/osa" -I"/home/mohamed/apps/MCUXpresso_11.10.0_3148/workspace/lpc55s69_calc_starter/sdmmc/inc" -I"/home/mohamed/apps/MCUXpresso_11.10.0_3148/workspace/lpc55s69_calc_starter/drivers" -I"/home/mohamed/apps/MCUXpresso_11.10.0_3148/workspace/lpc55s69_calc_starter/utilities" -I"/home/mohamed/apps/MCUXpresso_11.10.0_3148/workspace/lpc55s69_calc_starter/component/uart" -I"/home/mohamed/apps/MCUXpresso_11.10.0_3148/workspace/lpc55s69_calc_starter/component/serial_manager" -I"/home/mohamed/apps/MCUXpresso_11.10.0_3148/workspace/lpc55s69_calc_starter/fatfs/source" -I"/home/mohamed/apps/MCUXpresso_11.10.0_3148/workspace/lpc55s69_calc_starter/sdmmc/host" -I"/home/mohamed/apps/MCUXpresso_11.10.0_3148/workspace/lpc55s69_calc_starter/component/lists" -I"/home/mohamed/apps/MCUXpresso_11.10.0_3148/workspace/lpc55s69_calc_starter/startup" -I"/home/mohamed/apps/MCUXpresso_11.10.0_3148/workspace/lpc55s69_calc_starter/device" -I"/home/mohamed/apps/MCUXpresso_11.10.0_3148/workspace/lpc55s69_calc_starter/board" -I"/home/mohamed/apps/MCUXpresso_11.10.0_3148/workspace/lpc55s69_calc_starter/CMSIS" -I"/home/mohamed/apps/MCUXpresso_11.10.0_3148/workspace/lpc55s69_calc_starter/source" -I"/home/mohamed/apps/MCUXpresso_11.10.0_3148/workspace/lpc55s69_calc_starter/codec/port/wm8904" -I"/home/mohamed/apps/MCUXpresso_11.10.0_3148/workspace/lpc55s69_calc_starter/codec/port" -I"/home/mohamed/apps/MCUXpresso_11.10.0_3148/workspace/lpc55s69_calc_starter/component/i2c" -I"/home/mohamed/apps/MCUXpresso_11.10.0_3148/workspace/lpc55s69_calc_starter/codec" -I"/home/mohamed/apps/MCUXpresso_11.10.0_3148/workspace/lpc55s69_calc_starter/lcd" -I"/home/mohamed/apps/MCUXpresso_11.10.0_3148/workspace/lpc55s69_calc_starter/sdmmc/osa" -I"/home/mohamed/apps/MCUXpresso_11.10.0_3148/workspace/lpc55s69_calc_starter/component/osa" -I"/home/mohamed/apps/MCUXpresso_11.10.0_3148/workspace/lpc55s69_calc_starter/sdmmc/inc" -I"/home/mohamed/apps/MCUXpresso_11.10.0_3148/workspace/lpc55s69_calc_starter/drivers" -I"/home/mohamed/apps/MCUXpresso_11.10.0_3148/workspace/lpc55s69_calc_starter/utilities" -I"/home/mohamed/apps/MCUXpresso_11.10.0_3148/workspace/lpc55s69_calc_starter/component/uart" -I"/home/mohamed/apps/MCUXpresso_11.10.0_3148/workspace/lpc55s69_calc_starter/component/serial_manager" -I"/home/mohamed/apps/MCUXpresso_11.10.0_3148/workspace/lpc55s69_calc_starter/fatfs/source" -I"/home/mohamed/apps/MCUXpresso_11.10.0_3148/workspace/lpc55s69_calc_starter/sdmmc/host" -I"/home/mohamed/apps/MCUXpresso_11.10.0_3148/workspace/lpc55s69_calc_starter/component/lists" -I"/home/mohamed/apps/MCUXpresso_11.10.0_3148/workspace/lpc55s69_calc_starter/startup" -I"/home/mohamed/apps/MCUXpresso_11.10.0_3148/workspace/lpc55s69_calc_starter/device" -I"/home/mohamed/apps/MCUXpresso_11.10.0_3148/workspace/lpc55s69_calc_starter/board" -I"/home/mohamed/apps/MCUXpresso_11.10.0_3148/workspace/lpc55s69_calc_starter/CMSIS" -I"/home/mohamed/apps/MCUXpresso_11.10.0_3148/workspace/lpc55s69_calc_starter/source" -I"/home/mohamed/apps/MCUXpresso_11.10.0_3148/workspace/lpc55s69_calc_starter/codec/port/wm8904" -I"/home/mohamed/apps/MCUXpresso_11.10.0_3148/workspace/lpc55s69_calc_starter/codec/port" -I"/home/mohamed/apps/MCUXpresso_11.10.0_3148/workspace/lpc55s69_calc_starter/component/i2c" -I"/home/mohamed/apps/MCUXpresso_11.10.0_3148/workspace/lpc55s69_calc_starter/codec" -I"/home/mohamed/apps/MCUXpresso_11.10.0_3148/workspace/lpc55s69_calc_starter/lcd" -I"/home/mohamed/apps/MCUXpresso_11.10.0_3148/workspace/lpc55s69_calc_starter/LPC55S69/drivers" -O0 -fno-common -g3 -gdwarf-4 -Wall -c -ffunction-sections -fdata-sections -ffreestanding -fno-builtin -fmerge-constants -fmacro-prefix-map="../source/"= -mcpu=cortex-m33 -mfpu=fpv5-sp-d16 -mfloat-abi=hard -mthumb -D__NEWLIB__ -fstack-usage -MMD -MP -MF"source/calc.d" -MT"source/calc.o" -MT"source/calc.d" -o "source/calc.o" "../source/calc.c"
arm-none-eabi-gcc -std=c17 -DCPU_LPC55S69JBD100 -DUSE_HS_SPI=1 -DBOARD_USE_CODEC=1 -DSDK_I2C_BASED_COMPONENT_USED=1 -DCODEC_WM8904_ENABLE -DSD_ENABLED -DEMBED -DFLOAT32 -DCPU_LPC55S69JBD100_cm33 -DCPU_LPC55S69JBD100_cm33_core0 -DFSL_RTOS_BM -DSDK_OS_BAREMETAL -DSDK_DEBUGCONSOLE=0 -DCR_INTEGER_PRINTF -DPRINTF_FLOAT_ENABLE=0 -DSERIAL_PORT_TYPE_UART=1 -D__MCUXPRESSO -D__USE_CMSIS -DDEBUG -D__NEWLIB__ -D__MULTICORE_MASTER -D__MULTICORE_MASTER_SLAVE_M33SLAVE -I"/home/mohamed/apps/MCUXpresso_11.10.0_3148/workspace/lpc55s69_calc_starter/component/osa" -I"/home/mohamed/apps/MCUXpresso_11.10.0_3148/workspace/lpc55s69_calc_starter/sdmmc/inc" -I"/home/mohamed/apps/MCUXpresso_11.10.0_3148/workspace/lpc55s69_calc_starter/drivers" -I"/home/mohamed/apps/MCUXpresso_11.10.0_3148/workspace/lpc55s69_calc_starter/utilities" -I"/home/mohamed/apps/MCUXpresso_11.10.0_3148/workspace/lpc55s69_calc_starter/component/uart" -I"/home/mohamed/apps/MCUXpresso_11.10.0_3148/workspace/lpc55s69_calc_starter/component/serial_manager" -I"/home/mohamed/apps/MCUXpresso_11.10.0_3148/workspace/lpc55s69_calc_starter/fatfs/source" -I"/home/mohamed/apps/MCUXpresso_11.10.0_3148/workspace/lpc55s69_calc_starter/sdmmc/host" -I"/home/mohamed/apps/MCUXpresso_11.10.0_3148/workspace/lpc55s69_calc_starter/component/lists" -I"/home/mohamed/apps/MCUXpresso_11.10.0_3148/workspace/lpc55s69_calc_starter/startup" -I"/home/mohamed/apps/MCUXpresso_11.10.0_3148/workspace/lpc55s69_calc_starter/device" -I"/home/mohamed/apps/MCUXpresso_11.10.0_3148/workspace/lpc55s69_calc_starter/board" -I"/home/mohamed/apps/MCUXpresso_11.10.0_3148/workspace/lpc55s69_calc_starter/CMSIS" -I"/home/mohamed/apps/MCUXpresso_11.10.0_3148/workspace/lpc55s69_calc_starter/source" -I"/home/mohamed/apps/MCUXpresso_11.10.0_3148/workspace/lpc55s69_calc_starter/codec/port/wm8904" -I"/home/mohamed/apps/MCUXpresso_11.10.0_3148/workspace/lpc55s69_calc_starter/codec/port" -I"/home/mohamed/apps/MCUXpresso_11.10.0_3148/workspace/lpc55s69_calc_starter/component/i2c" -I"/home/mohamed/apps/MCUXpresso_11.10.0_3148/workspace/lpc55s69_calc_starter/codec" -I"/home/mohamed/apps/MCUXpresso_11.10.0_3148/workspace/lpc55s69_calc_starter/lcd" -I"/home/mohamed/apps/MCUXpresso_11.10.0_3148/workspace/lpc55s69_calc_starter/sdmmc/osa" -I"/home/mohamed/apps/MCUXpresso_11.10.0_3148/workspace/lpc55s69_calc_starter/component/osa" -I"/home/mohamed/apps/MCUXpresso_11.10.0_3148/workspace/lpc55s69_calc_starter/sdmmc/inc" -I"/home/mohamed/apps/MCUXpresso_11.10.0_3148/workspace/lpc55s69_calc_starter/drivers" -I"/home/mohamed/apps/MCUXpresso_11.10.0_3148/workspace/lpc55s69_calc_starter/utilities" -I"/home/mohamed/apps/MCUXpresso_11.10.0_3148/workspace/lpc55s69_calc_starter/component/uart" -I"/home/mohamed/apps/MCUXpresso_11.10.0_3148/workspace/lpc55s69_calc_starter/component/serial_manager" -I"/home/mohamed/apps/MCUXpresso_11.10.0_3148/workspace/lpc55s69_calc_starter/fatfs/source" -I"/home/mohamed/apps/MCUXpresso_11.10.0_3148/workspace/lpc55s69_calc_starter/sdmmc/host" -I"/home/mohamed/apps/MCUXpresso_11.10.0_3148/workspace/lpc55s69_calc_starter/component/lists" -I"/home/mohamed/apps/MCUXpresso_11.10.0_3148/workspace/lpc55s69_calc_starter/startup" -I"/home/mohamed/apps/MCUXpresso_11.10.0_3148/workspace/lpc55s69_calc_starter/device" -I"/home/mohamed/apps/MCUXpresso_11.10.0_3148/workspace/lpc55s69_calc_starter/board" -I"/home/mohamed/apps/MCUXpresso_11.10.0_3148/workspace/lpc55s69_calc_starter/CMSIS" -I"/home/mohamed/apps/MCUXpresso_11.10.0_3148/workspace/lpc55s69_calc_starter/source" -I"/home/mohamed/apps/MCUXpresso_11.10.0_3148/workspace/lpc55s69_calc_starter/codec/port/wm8904" -I"/home/mohamed/apps/MCUXpresso_11.10.0_3148/workspace/lpc55s69_calc_starter/codec/port" -I"/home/mohamed/apps/MCUXpresso_11.10.0_3148/workspace/lpc55s69_calc_starter/component/i2c" -I"/home/mohamed/apps/MCUXpresso_11.10.0_3148/workspace/lpc55s69_calc_starter/codec" -I"/home/mohamed/apps/MCUXpresso_11.10.0_3148/workspace/lpc55s69_calc_starter/lcd" -I"/home/mohamed/apps/MCUXpresso_11.10.0_3148/workspace/lpc55s69_calc_starter/LPC55S69/drivers" -O0 -fno-common -g3 -gdwarf-4 -Wall -c -ffunction-sections -fdata-sections -ffreestanding -fno-builtin -fmerge-constants -fmacro-prefix-map="../source/"= -mcpu=cortex-m33 -mfpu=fpv5-sp-d16 -mfloat-abi=hard -mthumb -D__NEWLIB__ -fstack-usage -MMD -MP -MF"source/dsp.d" -MT"source/dsp.o" -MT"source/dsp.d" -o "source/dsp.o" "../source/dsp.c"
../source/dsp.c: In function 'maccel':
../source/dsp.c:210:9: warning: implicit declaration of function 'mma8652_read_xyz' [-Wimplicit-function-declaration]
  210 |         mma8652_read_xyz(data);
      |         ^~~~~~~~~~~~~~~~
../source/dsp.c: In function 'bench_cos_pqcos':
../source/dsp.c:286:26: warning: unused variable 'result_cod' [-Wunused-variable]
  286 |                   double result_cod = cos(i+1/i);
      |                          ^~~~~~~~~~
../source/dsp.c:251:21: warning: unused variable 'pqcos_result' [-Wunused-variable]
  251 |             header *pqcos_result;
      |                     ^~~~~~~~~~~~
../source/dsp.c: In function 'mpcmvol':
../source/dsp.c:512:34: warning: implicit declaration of function 'pcm_vol'; did you mean 'mpcmvol'? [-Wimplicit-function-declaration]
  512 |         result=new_real(cc,(real)pcm_vol(m),"");
      |                                  ^~~~~~~
      |                                  mpcmvol
Finished building: ../source/dsp.c
 
Finished building: ../source/calc.c
 
Building target: lpc55s69_calc_starter.axf
Invoking: MCU Linker
arm-none-eabi-gcc -nostdlib -L"/home/mohamed/apps/MCUXpresso_11.10.0_3148/workspace/lpc55s69_calc_starter/LPC55S69/mcuxpresso" -Xlinker -Map="lpc55s69_calc_starter.map" -Xlinker --gc-sections -Xlinker -print-memory-usage -Xlinker --sort-section=alignment -Xlinker --cref -mcpu=cortex-m33 -mfpu=fpv5-sp-d16 -mfloat-abi=hard -mthumb -T lpc55s69_calc_starter_Debug.ld -o "lpc55s69_calc_starter.axf" ./utilities/fsl_assert.o ./utilities/fsl_debug_console.o ./utilities/fsl_str.o  ./startup/boot_multicore_slave.o ./startup/startup_lpc55s69_cm33_core0.o  ./source/bench.o ./source/calc.o ./source/dsp.o ./source/edit.o ./source/funcs.o ./source/graphics.o ./source/io.o ./source/mma8652fc.o ./source/scan.o ./source/semihost_hardfault.o ./source/solver.o ./source/spread.o ./source/stack.o ./source/sysdep.o ./source/sysdep_pcm.o  ./sdmmc/src/fsl_sd.o ./sdmmc/src/fsl_sdmmc_common.o  ./sdmmc/osa/fsl_sdmmc_osa.o  ./sdmmc/host/fsl_sdmmc_host.o  ./lcd/fonts/fixed12.o ./lcd/fonts/fixed16.o ./lcd/fonts/fixed20.o ./lcd/fonts/fixed24.o ./lcd/fonts/fixed8.o  ./lcd/fsl_ili9341.o ./lcd/lcd.o ./lcd/lcd_dpy.o ./lcd/lcd_private.o ./lcd/lcd_ts.o  ./fatfs/source/diskio.o ./fatfs/source/ff.o ./fatfs/source/ffsystem.o ./fatfs/source/ffunicode.o  ./drivers/fsl_clock.o ./drivers/fsl_common.o ./drivers/fsl_common_arm.o ./drivers/fsl_ctimer.o ./drivers/fsl_dma.o ./drivers/fsl_flexcomm.o ./drivers/fsl_gpio.o ./drivers/fsl_i2c.o ./drivers/fsl_i2s.o ./drivers/fsl_i2s_dma.o ./drivers/fsl_power.o ./drivers/fsl_powerquad_basic.o ./drivers/fsl_powerquad_data.o ./drivers/fsl_powerquad_filter.o ./drivers/fsl_powerquad_math.o ./drivers/fsl_powerquad_matrix.o ./drivers/fsl_powerquad_transform.o ./drivers/fsl_reset.o ./drivers/fsl_sdif.o ./drivers/fsl_spi.o ./drivers/fsl_sysctl.o ./drivers/fsl_usart.o  ./device/system_LPC55S69_cm33_core0.o  ./component/uart/fsl_adapter_usart.o  ./component/serial_manager/fsl_component_serial_manager.o ./component/serial_manager/fsl_component_serial_port_uart.o  ./component/osa/fsl_os_abstraction_bm.o  ./component/lists/fsl_component_generic_list.o  ./component/i2c/fsl_adapter_flexcomm_i2c.o  ./codec/port/wm8904/fsl_codec_wm8904_adapter.o  ./codec/fsl_codec_common.o ./codec/fsl_codec_i2c.o ./codec/fsl_wm8904.o  ./board/board.o ./board/clock_config.o ./board/peripherals.o ./board/pin_mux.o  ./LPC55S69/drivers/fsl_power.o    -lpower_hardabi
Memory region         Used Size  Region Size  %age Used
   PROGRAM_FLASH:      300428 B       640 KB     45.84%
            SRAM:       66148 B        96 KB     67.29%
        CALC_RAM:          0 GB        96 KB      0.00%
      SRAM_CORE1:          0 GB        48 KB      0.00%
        SRAM4_PQ:          0 GB        16 KB      0.00%
           SRAMX:          0 GB        32 KB      0.00%
         USB_RAM:          0 GB        16 KB      0.00%
           shmem:          0 GB        16 KB      0.00%
Finished building target: lpc55s69_calc_starter.axf
 
Performing post-build steps
arm-none-eabi-size "lpc55s69_calc_starter.axf"; # arm-none-eabi-objcopy -v -O binary "lpc55s69_calc_starter.axf" "lpc55s69_calc_starter.bin" ; # checksum -p LPC55S69 -d "lpc55s69_calc_starter.bin";
   text	   data	    bss	    dec	    hex	filename
 298308	   2120	  63588	 364016	  58df0	lpc55s69_calc_starter.axf
 

17:49:55 Build Finished. 0 errors, 4 warnings. (took 3s.104ms)

