Archive member included to satisfy reference by file (symbol)

/home/mohamed/apps/MCUXpresso_11.10.0_3148/workspace/sen_cm33_lab3_i2c/libs/libpower_hardabi.a(fsl_power_lib.o)
                              ./drivers/fsl_clock.o (POWER_SetVoltageForFreq)
/usr/local/mcuxpressoide-11.10.0_3148/ide/plugins/com.nxp.mcuxpresso.tools.linux_11.10.0.202311280810/tools/bin/../lib/gcc/arm-none-eabi/13.2.1/../../../../arm-none-eabi/lib/thumb/v8-m.main+fp/hard/libcr_semihost_nf.a(_cr__main.o)
                              ./startup/startup_lpc55s69_cm33_core0.o (__main)
/usr/local/mcuxpressoide-11.10.0_3148/ide/plugins/com.nxp.mcuxpresso.tools.linux_11.10.0.202311280810/tools/bin/../lib/gcc/arm-none-eabi/13.2.1/../../../../arm-none-eabi/lib/thumb/v8-m.main+fp/hard/libcr_semihost_nf.a(_cr_assert.o)
                              ./utilities/fsl_debug_console.o (__assertion_failed)
/usr/local/mcuxpressoide-11.10.0_3148/ide/plugins/com.nxp.mcuxpresso.tools.linux_11.10.0.202311280810/tools/bin/../lib/gcc/arm-none-eabi/13.2.1/../../../../arm-none-eabi/lib/thumb/v8-m.main+fp/hard/libcr_semihost_nf.a(__ciob.o)
                              /usr/local/mcuxpressoide-11.10.0_3148/ide/plugins/com.nxp.mcuxpresso.tools.linux_11.10.0.202311280810/tools/bin/../lib/gcc/arm-none-eabi/13.2.1/../../../../arm-none-eabi/lib/thumb/v8-m.main+fp/hard/libcr_semihost_nf.a(_cr_assert.o) (__Ciob)
/usr/local/mcuxpressoide-11.10.0_3148/ide/plugins/com.nxp.mcuxpresso.tools.linux_11.10.0.202311280810/tools/bin/../lib/gcc/arm-none-eabi/13.2.1/../../../../arm-none-eabi/lib/thumb/v8-m.main+fp/hard/libcr_semihost_nf.a(__sys_appexit.o)
                              /usr/local/mcuxpressoide-11.10.0_3148/ide/plugins/com.nxp.mcuxpresso.tools.linux_11.10.0.202311280810/tools/bin/../lib/gcc/arm-none-eabi/13.2.1/../../../../arm-none-eabi/lib/thumb/v8-m.main+fp/hard/libcr_semihost_nf.a(_cr_assert.o) (__sys_appexit)
/usr/local/mcuxpressoide-11.10.0_3148/ide/plugins/com.nxp.mcuxpresso.tools.linux_11.10.0.202311280810/tools/bin/../lib/gcc/arm-none-eabi/13.2.1/../../../../arm-none-eabi/lib/thumb/v8-m.main+fp/hard/libcr_c.a(memcpy.o)
                              ./utilities/fsl_str.o (memcpy)
/usr/local/mcuxpressoide-11.10.0_3148/ide/plugins/com.nxp.mcuxpresso.tools.linux_11.10.0.202311280810/tools/bin/../lib/gcc/arm-none-eabi/13.2.1/../../../../arm-none-eabi/lib/thumb/v8-m.main+fp/hard/libcr_c.a(memset.o)
                              ./drivers/fsl_clock.o (memset)
/usr/local/mcuxpressoide-11.10.0_3148/ide/plugins/com.nxp.mcuxpresso.tools.linux_11.10.0.202311280810/tools/bin/../lib/gcc/arm-none-eabi/13.2.1/../../../../arm-none-eabi/lib/thumb/v8-m.main+fp/hard/libcr_c.a(_deferredlazyseek.o)
                              /usr/local/mcuxpressoide-11.10.0_3148/ide/plugins/com.nxp.mcuxpresso.tools.linux_11.10.0.202311280810/tools/bin/../lib/gcc/arm-none-eabi/13.2.1/../../../../arm-none-eabi/lib/thumb/v8-m.main+fp/hard/libcr_semihost_nf.a(_cr_assert.o) (__flsbuf)
/usr/local/mcuxpressoide-11.10.0_3148/ide/plugins/com.nxp.mcuxpresso.tools.linux_11.10.0.202311280810/tools/bin/../lib/gcc/arm-none-eabi/13.2.1/../../../../arm-none-eabi/lib/thumb/v8-m.main+fp/hard/libcr_c.a(_fflush.o)
                              /usr/local/mcuxpressoide-11.10.0_3148/ide/plugins/com.nxp.mcuxpresso.tools.linux_11.10.0.202311280810/tools/bin/../lib/gcc/arm-none-eabi/13.2.1/../../../../arm-none-eabi/lib/thumb/v8-m.main+fp/hard/libcr_c.a(_deferredlazyseek.o) (_fflush)
/usr/local/mcuxpressoide-11.10.0_3148/ide/plugins/com.nxp.mcuxpresso.tools.linux_11.10.0.202311280810/tools/bin/../lib/gcc/arm-none-eabi/13.2.1/../../../../arm-none-eabi/lib/thumb/v8-m.main+fp/hard/libcr_c.a(_writebuf.o)
                              /usr/local/mcuxpressoide-11.10.0_3148/ide/plugins/com.nxp.mcuxpresso.tools.linux_11.10.0.202311280810/tools/bin/../lib/gcc/arm-none-eabi/13.2.1/../../../../arm-none-eabi/lib/thumb/v8-m.main+fp/hard/libcr_c.a(_deferredlazyseek.o) (_Cwritebuf)
/usr/local/mcuxpressoide-11.10.0_3148/ide/plugins/com.nxp.mcuxpresso.tools.linux_11.10.0.202311280810/tools/bin/../lib/gcc/arm-none-eabi/13.2.1/../../../../arm-none-eabi/lib/thumb/v8-m.main+fp/hard/libcr_c.a(alloc.o)
                              ./drivers/fsl_common.o (malloc)
/usr/local/mcuxpressoide-11.10.0_3148/ide/plugins/com.nxp.mcuxpresso.tools.linux_11.10.0.202311280810/tools/bin/../lib/gcc/arm-none-eabi/13.2.1/../../../../arm-none-eabi/lib/thumb/v8-m.main+fp/hard/libcr_c.a(fputs.o)
                              /usr/local/mcuxpressoide-11.10.0_3148/ide/plugins/com.nxp.mcuxpresso.tools.linux_11.10.0.202311280810/tools/bin/../lib/gcc/arm-none-eabi/13.2.1/../../../../arm-none-eabi/lib/thumb/v8-m.main+fp/hard/libcr_semihost_nf.a(_cr_assert.o) (fputs)
/usr/local/mcuxpressoide-11.10.0_3148/ide/plugins/com.nxp.mcuxpresso.tools.linux_11.10.0.202311280810/tools/bin/../lib/gcc/arm-none-eabi/13.2.1/../../../../arm-none-eabi/lib/thumb/v8-m.main+fp/hard/libcr_c.a(fseek.o)
[...]
Memory Configuration

Name             Origin             Length             Attributes
PROGRAM_FLASH    0x00000000         0x0009d800         xr
SRAM             0x20000000         0x00040000         xrw
SRAMX            0x04000000         0x00008000         xrw
USB_RAM          0x40100000         0x00004000         xrw
SRAM4            0x20040000         0x00004000         xrw
*default*        0x00000000         0xffffffff

Linker script and memory map

LOAD ./utilities/fsl_debug_console.o
LOAD ./utilities/fsl_str.o
LOAD ./startup/boot_multicore_slave.o
LOAD ./startup/startup_lpc55s69_cm33_core0.o
LOAD ./source/semihost_hardfault.o
LOAD ./source/sen_cm33_lab3_i2c.o
LOAD ./drivers/fsl_clock.o
LOAD ./drivers/fsl_common.o
LOAD ./drivers/fsl_flexcomm.o
LOAD ./drivers/fsl_gpio.o
LOAD ./drivers/fsl_i2c.o
LOAD ./drivers/fsl_inputmux.o
LOAD ./drivers/fsl_pint.o
LOAD ./drivers/fsl_power.o
LOAD ./drivers/fsl_reset.o
LOAD ./drivers/fsl_usart.o
LOAD ./device/system_LPC55S69_cm33_core0.o
LOAD ./component/uart/usart_adapter.o
LOAD ./component/serial_manager/serial_manager.o
LOAD ./component/serial_manager/serial_port_uart.o
LOAD ./component/lists/generic_list.o
LOAD ./component/mma8652fc.o
LOAD ./board/board.o
LOAD ./board/clock_config.o
LOAD ./board/peripherals.o
LOAD ./board/pin_mux.o
LOAD /home/mohamed/apps/MCUXpresso_11.10.0_3148/workspace/sen_cm33_lab3_i2c/libs/libpower_hardabi.a
START GROUP
LOAD /usr/local/mcuxpressoide-11.10.0_3148/ide/plugins/com.nxp.mcuxpresso.tools.linux_11.10.0.202311280810/tools/bin/../lib/gcc/arm-none-eabi/13.2.1/../../../../arm-none-eabi/lib/thumb/v8-m.main+fp/hard/libcr_semihost_nf.a
LOAD /usr/local/mcuxpressoide-11.10.0_3148/ide/plugins/com.nxp.mcuxpresso.tools.linux_11.10.0.202311280810/tools/bin/../lib/gcc/arm-none-eabi/13.2.1/../../../../arm-none-eabi/lib/thumb/v8-m.main+fp/hard/libcr_c.a
LOAD /usr/local/mcuxpressoide-11.10.0_3148/ide/plugins/com.nxp.mcuxpresso.tools.linux_11.10.0.202311280810/tools/bin/../lib/gcc/arm-none-eabi/13.2.1/thumb/v8-m.main+fp/hard/libcr_eabihelpers.a
LOAD /usr/local/mcuxpressoide-11.10.0_3148/ide/plugins/com.nxp.mcuxpresso.tools.linux_11.10.0.202311280810/tools/bin/../lib/gcc/arm-none-eabi/13.2.1/thumb/v8-m.main+fp/hard/libgcc.a
END GROUP
                0x00000000                        __base_PROGRAM_FLASH = 0x0
                0x00000000                        __base_Flash = 0x0
                0x0009d800                        __top_PROGRAM_FLASH = 0x9d800
                0x0009d800                        __top_Flash = 0x9d800
                0x20000000                        __base_SRAM = 0x20000000
                0x20000000                        __base_RAM = 0x20000000
                0x20040000                        __top_SRAM = 0x20040000
                0x20040000                        __top_RAM = 0x20040000
                0x04000000                        __base_SRAMX = 0x4000000
                0x04000000                        __base_RAM2 = 0x4000000
                0x04008000                        __top_SRAMX = 0x4008000
                0x04008000                        __top_RAM2 = 0x4008000
                0x40100000                        __base_USB_RAM = 0x40100000
                0x40100000                        __base_RAM3 = 0x40100000
                0x40104000                        __top_USB_RAM = 0x40104000
                0x40104000                        __top_RAM3 = 0x40104000
                0x20040000                        __base_SRAM4 = 0x20040000
                0x20040000                        __base_RAM4 = 0x20040000
                0x20044000                        __top_SRAM4 = 0x20044000
                0x20044000                        __top_RAM4 = 0x20044000

.text           0x00000000     0x42ec
 FILL mask 0xff
                0x00000000                        __vectors_start__ = ABSOLUTE (.)
 *(SORT_BY_ALIGNMENT(.isr_vector))
 .isr_vector    0x00000000      0x130 ./startup/startup_lpc55s69_cm33_core0.o
                0x00000000                __Vectors
                0x00000000                g_pfnVectors
                0x00000130                        . = ALIGN (0x4)
                0x00000130                        __section_table_start = .
                0x00000130                        __data_section_table = .
                0x00000130        0x4 LONG 0x42ec LOADADDR (.data)
                0x00000134        0x4 LONG 0x20000000 ADDR (.data)
                0x00000138        0x4 LONG 0xc SIZEOF (.data)
                0x0000013c        0x4 LONG 0x42ec LOADADDR (.data_RAM2)
                0x00000140        0x4 LONG 0x4000000 ADDR (.data_RAM2)
                0x00000144        0x4 LONG 0x0 SIZEOF (.data_RAM2)
                0x00000148        0x4 LONG 0x42ec LOADADDR (.data_RAM3)
                0x0000014c        0x4 LONG 0x40100000 ADDR (.data_RAM3)
                0x00000150        0x4 LONG 0x0 SIZEOF (.data_RAM3)
                0x00000154        0x4 LONG 0x42ec LOADADDR (.data_RAM4)
                0x00000158        0x4 LONG 0x20040000 ADDR (.data_RAM4)
                0x0000015c        0x4 LONG 0x0 SIZEOF (.data_RAM4)
                0x00000160                        __data_section_table_end = .
                0x00000160                        __bss_section_table = .
                0x00000160        0x4 LONG 0x2000000c ADDR (.bss)
                0x00000164        0x4 LONG 0x1d4 SIZEOF (.bss)
                0x00000168        0x4 LONG 0x4000000 ADDR (.bss_RAM2)
                0x0000016c        0x4 LONG 0x0 SIZEOF (.bss_RAM2)
                0x00000170        0x4 LONG 0x40100000 ADDR (.bss_RAM3)
                0x00000174        0x4 LONG 0x0 SIZEOF (.bss_RAM3)
                0x00000178        0x4 LONG 0x20040000 ADDR (.bss_RAM4)
                0x0000017c        0x4 LONG 0x0 SIZEOF (.bss_RAM4)
                0x00000180                        __bss_section_table_end = .
                0x00000180                        __section_table_end = .
 *(SORT_BY_ALIGNMENT(.after_vectors*))
 .after_vectors.reset
                0x00000180       0x4c ./startup/startup_lpc55s69_cm33_core0.o
                0x00000180                ResetISR
 .after_vectors.init_data
                0x000001cc       0x1e ./startup/startup_lpc55s69_cm33_core0.o
                0x000001cc                data_init
 .after_vectors.init_bss
                0x000001ea       0x12 ./startup/startup_lpc55s69_cm33_core0.o
                0x000001ea                bss_init
 .after_vectors
                0x000001fc       0x16 ./startup/startup_lpc55s69_cm33_core0.o
                0x000001fc                NMI_Handler
                0x00000200                MemManage_Handler
                0x00000202                BusFault_Handler
                0x00000204                UsageFault_Handler
                0x00000206                SecureFault_Handler
                0x00000208                SVC_Handler
                0x0000020a                DebugMon_Handler
                0x0000020c                PendSV_Handler
                0x0000020e                SysTick_Handler
                0x00000210                Reserved39_DriverIRQHandler
                0x00000210                DMA0_DriverIRQHandler
                0x00000210                Reserved42_DriverIRQHandler
                0x00000210                SEC_VIO_DriverIRQHandler
                0x00000210                Reserved56_DriverIRQHandler
                0x00000210                CTIMER2_DriverIRQHandler
                0x00000210                IntDefaultHandler
                0x00000210                USB0_DriverIRQHandler
                0x00000210                CASER_DriverIRQHandler
                0x00000210                MRT0_DriverIRQHandler
                0x00000210                UTICK0_DriverIRQHandler
                0x00000210                Reserved41_DriverIRQHandler
                0x00000210                CTIMER4_DriverIRQHandler
                0x00000210                GINT1_DriverIRQHandler
                0x00000210                Reserved55_DriverIRQHandler
                0x00000210                HASHCRYPT_DriverIRQHandler
                0x00000210                USB0_NEEDCLK_DriverIRQHandler
                0x00000210                CTIMER0_DriverIRQHandler
                0x00000210                CTIMER1_DriverIRQHandler
                0x00000210                PQ_DriverIRQHandler
                0x00000210                MAILBOX_DriverIRQHandler
                0x00000210                CTIMER3_DriverIRQHandler
                0x00000210                Reserved61_DriverIRQHandler
                0x00000210                PUF_DriverIRQHandler
                0x00000210                RTC_DriverIRQHandler
                0x00000210                USB1_DriverIRQHandler
                0x00000210                Reserved60_DriverIRQHandler
                0x00000210                DMA1_DriverIRQHandler
                0x00000210                ADC0_DriverIRQHandler
                0x00000210                USB1_NEEDCLK_DriverIRQHandler
                0x00000210                Reserved59_DriverIRQHandler
                0x00000210                SDIO_DriverIRQHandler
                0x00000210                GINT0_DriverIRQHandler
                0x00000210                USB1_PHY_DriverIRQHandler
                0x00000210                ACMP_DriverIRQHandler
                0x00000210                Reserved57_DriverIRQHandler
                0x00000210                Reserved46_DriverIRQHandler
                0x00000210                WDT_BOD_DriverIRQHandler
                0x00000210                SCT0_DriverIRQHandler
                0x00000210                PLU_DriverIRQHandler
                0x00000210                OS_EVENT_DriverIRQHandler
                0x00000210                SEC_HYPERVISOR_CALL_DriverIRQHandler
 *(SORT_BY_ALIGNMENT(.text*))
 *fill*         0x00000212        0x2 ff
 .text.__NVIC_SetPriority
                0x00000214       0x54 ./source/sen_cm33_lab3_i2c.o
 .text.pint_cb  0x00000268       0x2c ./source/sen_cm33_lab3_i2c.o
                0x00000268                pint_cb
 .text.main     0x00000294       0xc4 ./source/sen_cm33_lab3_i2c.o
                0x00000294                main
 .text.POWER_EnablePD
                0x00000358       0x20 ./drivers/fsl_clock.o
 .text.POWER_DisablePD
                0x00000378       0x20 ./drivers/fsl_clock.o
 .text.CLOCK_AttachClk
                0x00000398       0x98 ./drivers/fsl_clock.o
                0x00000398                CLOCK_AttachClk
 .text.CLOCK_SetClkDiv
                0x00000430       0x5c ./drivers/fsl_clock.o
                0x00000430                CLOCK_SetClkDiv
 .text.CLOCK_SetupFROClocking
                0x0000048c       0x80 ./drivers/fsl_clock.o
                0x0000048c                CLOCK_SetupFROClocking
 .text.CLOCK_SetFLASHAccessCyclesForFreq
                0x0000050c      0x148 ./drivers/fsl_clock.o
                0x0000050c                CLOCK_SetFLASHAccessCyclesForFreq
 .text.CLOCK_SetupExtClocking
                0x00000654       0x50 ./drivers/fsl_clock.o
                0x00000654                CLOCK_SetupExtClocking
 .text.CLOCK_GetFro1MFreq
                0x000006a4       0x28 ./drivers/fsl_clock.o
                0x000006a4                CLOCK_GetFro1MFreq
 .text.CLOCK_GetExtClkFreq
                0x000006cc       0x2c ./drivers/fsl_clock.o
                0x000006cc                CLOCK_GetExtClkFreq
 .text.CLOCK_GetOsc32KFreq
                0x000006f8       0x58 ./drivers/fsl_clock.o
                0x000006f8                CLOCK_GetOsc32KFreq
 .text.CLOCK_GetPLL0InClockRate
                0x00000750       0x64 ./drivers/fsl_clock.o
                0x00000750                CLOCK_GetPLL0InClockRate
 .text.CLOCK_SetPLL0Freq
                0x000007b4      0x12c ./drivers/fsl_clock.o
                0x000007b4                CLOCK_SetPLL0Freq
 .text.SDK_DelayAtLeastUs
                0x000008e0       0x94 ./drivers/fsl_common.o
                0x000008e0                SDK_DelayAtLeastUs
 .text.FLEXCOMM_GetInstance
                0x00000974       0x50 ./drivers/fsl_flexcomm.o
                0x00000974                FLEXCOMM_GetInstance
 .text.FLEXCOMM_Init
                0x000009c4       0x50 ./drivers/fsl_flexcomm.o
                0x000009c4                FLEXCOMM_Init
 .text.FLEXCOMM_SetIRQHandler
                0x00000a14       0x44 ./drivers/fsl_flexcomm.o
                0x00000a14                FLEXCOMM_SetIRQHandler
 .text.FLEXCOMM0_DriverIRQHandler
                0x00000a58       0x38 ./drivers/fsl_flexcomm.o
                0x00000a58                FLEXCOMM0_DriverIRQHandler
 .text.FLEXCOMM1_DriverIRQHandler
                0x00000a90       0x38 ./drivers/fsl_flexcomm.o
                0x00000a90                FLEXCOMM1_DriverIRQHandler
 .text.FLEXCOMM2_DriverIRQHandler
                0x00000ac8       0x38 ./drivers/fsl_flexcomm.o
                0x00000ac8                FLEXCOMM2_DriverIRQHandler
 .text.FLEXCOMM3_DriverIRQHandler
                0x00000b00       0x38 ./drivers/fsl_flexcomm.o
                0x00000b00                FLEXCOMM3_DriverIRQHandler
 .text.FLEXCOMM4_DriverIRQHandler
                0x00000b38       0x38 ./drivers/fsl_flexcomm.o
                0x00000b38                FLEXCOMM4_DriverIRQHandler
 .text.FLEXCOMM5_DriverIRQHandler
                0x00000b70       0x38 ./drivers/fsl_flexcomm.o
                0x00000b70                FLEXCOMM5_DriverIRQHandler
 .text.FLEXCOMM6_DriverIRQHandler
                0x00000ba8       0x38 ./drivers/fsl_flexcomm.o
                0x00000ba8                FLEXCOMM6_DriverIRQHandler
 .text.FLEXCOMM7_DriverIRQHandler
                0x00000be0       0x38 ./drivers/fsl_flexcomm.o
                0x00000be0                FLEXCOMM7_DriverIRQHandler
 .text.FLEXCOMM8_DriverIRQHandler
                0x00000c18       0x38 ./drivers/fsl_flexcomm.o
                0x00000c18                FLEXCOMM8_DriverIRQHandler
 .text.__NVIC_EnableIRQ
                0x00000c50       0x3c ./drivers/fsl_i2c.o
 .text.I2C_GetInstance
                0x00000c8c       0x4c ./drivers/fsl_i2c.o
                0x00000c8c                I2C_GetInstance
 .text.I2C_MasterSetBaudRate
                0x00000cd8      0x13c ./drivers/fsl_i2c.o
                0x00000cd8                I2C_MasterSetBaudRate
 .text.I2C_MasterTransferCreateHandle
                0x00000e14       0x74 ./drivers/fsl_i2c.o
                0x00000e14                I2C_MasterTransferCreateHandle
 .text.I2C_MasterTransferNonBlocking
                0x00000e88       0x7c ./drivers/fsl_i2c.o
                0x00000e88                I2C_MasterTransferNonBlocking
 .text.I2C_RunTransferStateMachine
                0x00000f04      0x2ec ./drivers/fsl_i2c.o
 .text.__NVIC_EnableIRQ
                0x000011f0       0x3c ./drivers/fsl_pint.o
 .text.__NVIC_ClearPendingIRQ
                0x0000122c       0x3c ./drivers/fsl_pint.o
 .text.PINT_Init
                0x00001268       0xd4 ./drivers/fsl_pint.o
                0x00001268                PINT_Init
 .text.PINT_PinInterruptConfig
                0x0000133c       0xd0 ./drivers/fsl_pint.o
                0x0000133c                PINT_PinInterruptConfig
 .text.PINT_EnableCallbackByIndex
                0x0000140c       0x5c ./drivers/fsl_pint.o
                0x0000140c                PINT_EnableCallbackByIndex
 .text.SEC_GPIO_INT0_IRQ0_DriverIRQHandler
                0x00001468       0x48 ./drivers/fsl_pint.o
                0x00001468                SEC_GPIO_INT0_IRQ0_DriverIRQHandler
 .text.SEC_GPIO_INT0_IRQ1_DriverIRQHandler
                0x000014b0       0x44 ./drivers/fsl_pint.o
                0x000014b0                SEC_GPIO_INT0_IRQ1_DriverIRQHandler
 .text.PIN_INT0_DriverIRQHandler
                0x000014f4       0x48 ./drivers/fsl_pint.o
                0x000014f4                PIN_INT0_DriverIRQHandler
 .text.PIN_INT1_DriverIRQHandler
                0x0000153c       0x48 ./drivers/fsl_pint.o
                0x0000153c                PIN_INT1_DriverIRQHandler
 .text.PIN_INT2_DriverIRQHandler
                0x00001584       0x48 ./drivers/fsl_pint.o
                0x00001584                PIN_INT2_DriverIRQHandler
 .text.PIN_INT3_DriverIRQHandler
                0x000015cc       0x48 ./drivers/fsl_pint.o
                0x000015cc                PIN_INT3_DriverIRQHandler
 .text.PIN_INT4_DriverIRQHandler
                0x00001614       0x48 ./drivers/fsl_pint.o
                0x00001614                PIN_INT4_DriverIRQHandler
 .text.PIN_INT5_DriverIRQHandler
                0x0000165c       0x48 ./drivers/fsl_pint.o
                0x0000165c                PIN_INT5_DriverIRQHandler
 .text.PIN_INT6_DriverIRQHandler
                0x000016a4       0x48 ./drivers/fsl_pint.o
                0x000016a4                PIN_INT6_DriverIRQHandler
 .text.PIN_INT7_DriverIRQHandler
                0x000016ec       0x48 ./drivers/fsl_pint.o
                0x000016ec                PIN_INT7_DriverIRQHandler
 .text.RESET_SetPeripheralReset
                0x00001734       0x5c ./drivers/fsl_reset.o
                0x00001734                RESET_SetPeripheralReset
 .text.RESET_ClearPeripheralReset
                0x00001790       0x60 ./drivers/fsl_reset.o
                0x00001790                RESET_ClearPeripheralReset
 .text.SystemInit
                0x000017f0       0x64 ./device/system_LPC55S69_cm33_core0.o
                0x000017f0                SystemInit
 .text.i2c_callback
                0x00001854       0x24 ./component/mma8652fc.o
 .text.mma8652_init
                0x00001878      0x174 ./component/mma8652fc.o
                0x00001878                mma8652_init
 .text.mma8652_read_xyz
                0x000019ec      0x1cc ./component/mma8652fc.o
                0x000019ec                mma8652_read_xyz
 .text.BOARD_InitDebugConsole
                0x00001bb8       0x38 ./board/board.o
                0x00001bb8                BOARD_InitDebugConsole
 .text.POWER_DisablePD
                0x00001bf0       0x20 ./board/clock_config.o
 .text.BOARD_BootClockPLL100M
                0x00001c10      0x114 ./board/clock_config.o
                0x00001c10                BOARD_BootClockPLL100M
 .text.FLEXCOMM4_init
                0x00001d24       0x80 ./board/peripherals.o
 .text.BOARD_InitPins
                0x00001da4       0xa4 ./board/pin_mux.o
                0x00001da4                BOARD_InitPins
 .text.lowpower_set_system_voltage
                0x00001e48       0xa0 /home/mohamed/apps/MCUXpresso_11.10.0_3148/workspace/sen_cm33_lab3_i2c/libs/libpower_hardabi.a(fsl_power_lib.o)
 .text.lowpower_set_voltage_for_process
                0x00001ee8       0x84 /home/mohamed/apps/MCUXpresso_11.10.0_3148/workspace/sen_cm33_lab3_i2c/libs/libpower_hardabi.a(fsl_power_lib.o)
 .text.POWER_SetVoltageForFreq
                0x00001f6c       0x84 /home/mohamed/apps/MCUXpresso_11.10.0_3148/workspace/sen_cm33_lab3_i2c/libs/libpower_hardabi.a(fsl_power_lib.o)
                0x00001f6c                POWER_SetVoltageForFreq
 .text.__assertion_failed
                0x00001ff0       0x4c /usr/local/mcuxpressoide-11.10.0_3148/ide/plugins/com.nxp.mcuxpresso.tools.linux_11.10.0.202311280810/tools/bin/../lib/gcc/arm-none-eabi/13.2.1/../../../../arm-none-eabi/lib/thumb/v8-m.main+fp/hard/libcr_semihost_nf.a(_cr_assert.o)
                0x00001ff0                __assertion_failed
 .text.__sys_appexit
                0x0000203c        0xc /usr/local/mcuxpressoide-11.10.0_3148/ide/plugins/com.nxp.mcuxpresso.tools.linux_11.10.0.202311280810/tools/bin/../lib/gcc/arm-none-eabi/13.2.1/../../../../arm-none-eabi/lib/thumb/v8-m.main+fp/hard/libcr_semihost_nf.a(__sys_appexit.o)
                0x0000203c                __exit
                0x0000203c                __sys_appexit
 .text._Cwritebuf
                0x00002048       0x6c /usr/local/mcuxpressoide-11.10.0_3148/ide/plugins/com.nxp.mcuxpresso.tools.linux_11.10.0.202311280810/tools/bin/../lib/gcc/arm-none-eabi/13.2.1/../../../../arm-none-eabi/lib/thumb/v8-m.main+fp/hard/libcr_c.a(_writebuf.o)
                0x00002048                _Cwritebuf
 .text.malloc   0x000020b4       0xc8 /usr/local/mcuxpressoide-11.10.0_3148/ide/plugins/com.nxp.mcuxpresso.tools.linux_11.10.0.202311280810/tools/bin/../lib/gcc/arm-none-eabi/13.2.1/../../../../arm-none-eabi/lib/thumb/v8-m.main+fp/hard/libcr_c.a(alloc.o)
                0x000020b4                malloc
 .text._Csys_alloc
                0x0000217c       0x20 /usr/local/mcuxpressoide-11.10.0_3148/ide/plugins/com.nxp.mcuxpresso.tools.linux_11.10.0.202311280810/tools/bin/../lib/gcc/arm-none-eabi/13.2.1/../../../../arm-none-eabi/lib/thumb/v8-m.main+fp/hard/libcr_c.a(alloc.o)
                0x0000217c                _Csys_alloc
 .text.fseek    0x0000219c       0xf8 /usr/local/mcuxpressoide-11.10.0_3148/ide/plugins/com.nxp.mcuxpresso.tools.linux_11.10.0.202311280810/tools/bin/../lib/gcc/arm-none-eabi/13.2.1/../../../../arm-none-eabi/lib/thumb/v8-m.main+fp/hard/libcr_c.a(fseek.o)
                0x0000219c                fseek
 .text.ftell    0x00002294       0x44 /usr/local/mcuxpressoide-11.10.0_3148/ide/plugins/com.nxp.mcuxpresso.tools.linux_11.10.0.202311280810/tools/bin/../lib/gcc/arm-none-eabi/13.2.1/../../../../arm-none-eabi/lib/thumb/v8-m.main+fp/hard/libcr_c.a(ftell.o)
                0x00002294                ftell
 .text._initio  0x000022d8       0x78 /usr/local/mcuxpressoide-11.10.0_3148/ide/plugins/com.nxp.mcuxpresso.tools.linux_11.10.0.202311280810/tools/bin/../lib/gcc/arm-none-eabi/13.2.1/../../../../arm-none-eabi/lib/thumb/v8-m.main+fp/hard/libcr_c.a(initio.o)
                0x000022d8                _initio
 .text.__vfprintf
                0x00002350      0xb70 /usr/local/mcuxpressoide-11.10.0_3148/ide/plugins/com.nxp.mcuxpresso.tools.linux_11.10.0.202311280810/tools/bin/../lib/gcc/arm-none-eabi/13.2.1/../../../../arm-none-eabi/lib/thumb/v8-m.main+fp/hard/libcr_c.a(printf.o)
                0x00002350                __vfprintf
 .text._vsnprintf
                0x00002ec0       0x68 /usr/local/mcuxpressoide-11.10.0_3148/ide/plugins/com.nxp.mcuxpresso.tools.linux_11.10.0.202311280810/tools/bin/../lib/gcc/arm-none-eabi/13.2.1/../../../../arm-none-eabi/lib/thumb/v8-m.main+fp/hard/libcr_c.a(printf.o)
                0x00002ec0                _vsnprintf
 .text._printf  0x00002f28       0x54 /usr/local/mcuxpressoide-11.10.0_3148/ide/plugins/com.nxp.mcuxpresso.tools.linux_11.10.0.202311280810/tools/bin/../lib/gcc/arm-none-eabi/13.2.1/../../../../arm-none-eabi/lib/thumb/v8-m.main+fp/hard/libcr_c.a(printf.o)
                0x00002f28                _printf
 .text._sbrk    0x00002f7c       0x3c /usr/local/mcuxpressoide-11.10.0_3148/ide/plugins/com.nxp.mcuxpresso.tools.linux_11.10.0.202311280810/tools/bin/../lib/gcc/arm-none-eabi/13.2.1/../../../../arm-none-eabi/lib/thumb/v8-m.main+fp/hard/libcr_c.a(_cr_sbrk.o)
                0x00002f7c                _sbrk
 .text.fflush   0x00002fb8       0x3c /usr/local/mcuxpressoide-11.10.0_3148/ide/plugins/com.nxp.mcuxpresso.tools.linux_11.10.0.202311280810/tools/bin/../lib/gcc/arm-none-eabi/13.2.1/../../../../arm-none-eabi/lib/thumb/v8-m.main+fp/hard/libcr_c.a(fflush.o)
                0x00002fb8                fflush
 .text.__check_heap_overflow
                0x00002ff4       0x18 /usr/local/mcuxpressoide-11.10.0_3148/ide/plugins/com.nxp.mcuxpresso.tools.linux_11.10.0.202311280810/tools/bin/../lib/gcc/arm-none-eabi/13.2.1/../../../../arm-none-eabi/lib/thumb/v8-m.main+fp/hard/libcr_c.a(_cr_check_heap.o)
                0x00002ff4                __check_heap_overflow
 .text.WDT_BOD_IRQHandler
                0x0000300c        0x8 ./startup/startup_lpc55s69_cm33_core0.o
                0x0000300c                WDT_BOD_IRQHandler
 .text.DMA0_IRQHandler
                0x00003014        0x8 ./startup/startup_lpc55s69_cm33_core0.o
                0x00003014                DMA0_IRQHandler
 .text.GINT0_IRQHandler
                0x0000301c        0x8 ./startup/startup_lpc55s69_cm33_core0.o
                0x0000301c                GINT0_IRQHandler
 .text.GINT1_IRQHandler
                0x00003024        0x8 ./startup/startup_lpc55s69_cm33_core0.o
                0x00003024                GINT1_IRQHandler
 .text.PIN_INT0_IRQHandler
                0x0000302c        0x8 ./startup/startup_lpc55s69_cm33_core0.o
                0x0000302c                PIN_INT0_IRQHandler
 .text.PIN_INT1_IRQHandler
                0x00003034        0x8 ./startup/startup_lpc55s69_cm33_core0.o
                0x00003034                PIN_INT1_IRQHandler
 .text.PIN_INT2_IRQHandler
                0x0000303c        0x8 ./startup/startup_lpc55s69_cm33_core0.o
                0x0000303c                PIN_INT2_IRQHandler
 .text.PIN_INT3_IRQHandler
                0x00003044        0x8 ./startup/startup_lpc55s69_cm33_core0.o
                0x00003044                PIN_INT3_IRQHandler
 .text.UTICK0_IRQHandler
                0x0000304c        0x8 ./startup/startup_lpc55s69_cm33_core0.o
                0x0000304c                UTICK0_IRQHandler
 .text.MRT0_IRQHandler
                0x00003054        0x8 ./startup/startup_lpc55s69_cm33_core0.o
                0x00003054                MRT0_IRQHandler
 .text.CTIMER0_IRQHandler
                0x0000305c        0x8 ./startup/startup_lpc55s69_cm33_core0.o
                0x0000305c                CTIMER0_IRQHandler
 .text.CTIMER1_IRQHandler
                0x00003064        0x8 ./startup/startup_lpc55s69_cm33_core0.o
                0x00003064                CTIMER1_IRQHandler
 .text.SCT0_IRQHandler
                0x0000306c        0x8 ./startup/startup_lpc55s69_cm33_core0.o
                0x0000306c                SCT0_IRQHandler
 .text.CTIMER3_IRQHandler
                0x00003074        0x8 ./startup/startup_lpc55s69_cm33_core0.o
                0x00003074                CTIMER3_IRQHandler
 .text.FLEXCOMM0_IRQHandler
                0x0000307c        0x8 ./startup/startup_lpc55s69_cm33_core0.o
                0x0000307c                FLEXCOMM0_IRQHandler
 .text.FLEXCOMM1_IRQHandler
                0x00003084        0x8 ./startup/startup_lpc55s69_cm33_core0.o
                0x00003084                FLEXCOMM1_IRQHandler
 .text.FLEXCOMM2_IRQHandler
                0x0000308c        0x8 ./startup/startup_lpc55s69_cm33_core0.o
                0x0000308c                FLEXCOMM2_IRQHandler
 .text.FLEXCOMM3_IRQHandler
                0x00003094        0x8 ./startup/startup_lpc55s69_cm33_core0.o
                0x00003094                FLEXCOMM3_IRQHandler
 .text.FLEXCOMM4_IRQHandler
                0x0000309c        0x8 ./startup/startup_lpc55s69_cm33_core0.o
                0x0000309c                FLEXCOMM4_IRQHandler
 .text.FLEXCOMM5_IRQHandler
                0x000030a4        0x8 ./startup/startup_lpc55s69_cm33_core0.o
                0x000030a4                FLEXCOMM5_IRQHandler
 .text.FLEXCOMM6_IRQHandler
                0x000030ac        0x8 ./startup/startup_lpc55s69_cm33_core0.o
                0x000030ac                FLEXCOMM6_IRQHandler
 .text.FLEXCOMM7_IRQHandler
                0x000030b4        0x8 ./startup/startup_lpc55s69_cm33_core0.o
                0x000030b4                FLEXCOMM7_IRQHandler
 .text.ADC0_IRQHandler
                0x000030bc        0x8 ./startup/startup_lpc55s69_cm33_core0.o
                0x000030bc                ADC0_IRQHandler
 .text.Reserved39_IRQHandler
                0x000030c4        0x8 ./startup/startup_lpc55s69_cm33_core0.o
                0x000030c4                Reserved39_IRQHandler
 .text.ACMP_IRQHandler
                0x000030cc        0x8 ./startup/startup_lpc55s69_cm33_core0.o
                0x000030cc                ACMP_IRQHandler
 .text.Reserved41_IRQHandler
                0x000030d4        0x8 ./startup/startup_lpc55s69_cm33_core0.o
                0x000030d4                Reserved41_IRQHandler
 .text.Reserved42_IRQHandler
                0x000030dc        0x8 ./startup/startup_lpc55s69_cm33_core0.o
                0x000030dc                Reserved42_IRQHandler
 .text.USB0_NEEDCLK_IRQHandler
                0x000030e4        0x8 ./startup/startup_lpc55s69_cm33_core0.o
                0x000030e4                USB0_NEEDCLK_IRQHandler
 .text.USB0_IRQHandler
                0x000030ec        0x8 ./startup/startup_lpc55s69_cm33_core0.o
                0x000030ec                USB0_IRQHandler
 .text.RTC_IRQHandler
                0x000030f4        0x8 ./startup/startup_lpc55s69_cm33_core0.o
                0x000030f4                RTC_IRQHandler
 .text.Reserved46_IRQHandler
                0x000030fc        0x8 ./startup/startup_lpc55s69_cm33_core0.o
                0x000030fc                Reserved46_IRQHandler
 .text.MAILBOX_IRQHandler
                0x00003104        0x8 ./startup/startup_lpc55s69_cm33_core0.o
                0x00003104                MAILBOX_IRQHandler
 .text.PIN_INT4_IRQHandler
                0x0000310c        0x8 ./startup/startup_lpc55s69_cm33_core0.o
                0x0000310c                PIN_INT4_IRQHandler
 .text.PIN_INT5_IRQHandler
                0x00003114        0x8 ./startup/startup_lpc55s69_cm33_core0.o
                0x00003114                PIN_INT5_IRQHandler
 .text.PIN_INT6_IRQHandler
                0x0000311c        0x8 ./startup/startup_lpc55s69_cm33_core0.o
                0x0000311c                PIN_INT6_IRQHandler
 .text.PIN_INT7_IRQHandler
                0x00003124        0x8 ./startup/startup_lpc55s69_cm33_core0.o
                0x00003124                PIN_INT7_IRQHandler
 .text.CTIMER2_IRQHandler
                0x0000312c        0x8 ./startup/startup_lpc55s69_cm33_core0.o
                0x0000312c                CTIMER2_IRQHandler
 .text.CTIMER4_IRQHandler
                0x00003134        0x8 ./startup/startup_lpc55s69_cm33_core0.o
                0x00003134                CTIMER4_IRQHandler
 .text.OS_EVENT_IRQHandler
                0x0000313c        0x8 ./startup/startup_lpc55s69_cm33_core0.o
                0x0000313c                OS_EVENT_IRQHandler
 .text.Reserved55_IRQHandler
                0x00003144        0x8 ./startup/startup_lpc55s69_cm33_core0.o
                0x00003144                Reserved55_IRQHandler
 .text.Reserved56_IRQHandler
                0x0000314c        0x8 ./startup/startup_lpc55s69_cm33_core0.o
                0x0000314c                Reserved56_IRQHandler
 .text.Reserved57_IRQHandler
                0x00003154        0x8 ./startup/startup_lpc55s69_cm33_core0.o
                0x00003154                Reserved57_IRQHandler
 .text.SDIO_IRQHandler
                0x0000315c        0x8 ./startup/startup_lpc55s69_cm33_core0.o
                0x0000315c                SDIO_IRQHandler
 .text.Reserved59_IRQHandler
                0x00003164        0x8 ./startup/startup_lpc55s69_cm33_core0.o
                0x00003164                Reserved59_IRQHandler
 .text.Reserved60_IRQHandler
                0x0000316c        0x8 ./startup/startup_lpc55s69_cm33_core0.o
                0x0000316c                Reserved60_IRQHandler
 .text.Reserved61_IRQHandler
                0x00003174        0x8 ./startup/startup_lpc55s69_cm33_core0.o
                0x00003174                Reserved61_IRQHandler
 .text.USB1_PHY_IRQHandler
                0x0000317c        0x8 ./startup/startup_lpc55s69_cm33_core0.o
                0x0000317c                USB1_PHY_IRQHandler
 .text.USB1_IRQHandler
                0x00003184        0x8 ./startup/startup_lpc55s69_cm33_core0.o
                0x00003184                USB1_IRQHandler
 .text.USB1_NEEDCLK_IRQHandler
                0x0000318c        0x8 ./startup/startup_lpc55s69_cm33_core0.o
                0x0000318c                USB1_NEEDCLK_IRQHandler
 .text.SEC_HYPERVISOR_CALL_IRQHandler
                0x00003194        0x8 ./startup/startup_lpc55s69_cm33_core0.o
                0x00003194                SEC_HYPERVISOR_CALL_IRQHandler
 .text.SEC_GPIO_INT0_IRQ0_IRQHandler
                0x0000319c        0x8 ./startup/startup_lpc55s69_cm33_core0.o
                0x0000319c                SEC_GPIO_INT0_IRQ0_IRQHandler
 .text.SEC_GPIO_INT0_IRQ1_IRQHandler
                0x000031a4        0x8 ./startup/startup_lpc55s69_cm33_core0.o
                0x000031a4                SEC_GPIO_INT0_IRQ1_IRQHandler
 .text.PLU_IRQHandler
                0x000031ac        0x8 ./startup/startup_lpc55s69_cm33_core0.o
                0x000031ac                PLU_IRQHandler
 .text.SEC_VIO_IRQHandler
                0x000031b4        0x8 ./startup/startup_lpc55s69_cm33_core0.o
                0x000031b4                SEC_VIO_IRQHandler
 .text.HASHCRYPT_IRQHandler
                0x000031bc        0x8 ./startup/startup_lpc55s69_cm33_core0.o
                0x000031bc                HASHCRYPT_IRQHandler
 .text.CASER_IRQHandler
                0x000031c4        0x8 ./startup/startup_lpc55s69_cm33_core0.o
                0x000031c4                CASER_IRQHandler
 .text.PUF_IRQHandler
                0x000031cc        0x8 ./startup/startup_lpc55s69_cm33_core0.o
                0x000031cc                PUF_IRQHandler
 .text.PQ_IRQHandler
                0x000031d4        0x8 ./startup/startup_lpc55s69_cm33_core0.o
                0x000031d4                PQ_IRQHandler
 .text.DMA1_IRQHandler
                0x000031dc        0x8 ./startup/startup_lpc55s69_cm33_core0.o
                0x000031dc                DMA1_IRQHandler
 .text.FLEXCOMM8_IRQHandler
                0x000031e4        0x8 ./startup/startup_lpc55s69_cm33_core0.o
                0x000031e4                FLEXCOMM8_IRQHandler
 .text.HardFault_Handler
                0x000031ec       0x2c ./source/semihost_hardfault.o
                0x000031ec                HardFault_Handler
 .text.CLOCK_IsPLL0Locked
                0x00003218       0x24 ./drivers/fsl_clock.o
 .text.findPll0PreDiv
                0x0000323c       0x3e ./drivers/fsl_clock.o
 .text.DelayLoop
                0x0000327a       0x20 ./drivers/fsl_common.o
 .text.CLOCK_EnableClock
                0x0000329a       0x30 ./drivers/fsl_flexcomm.o
 .text.FLEXCOMM_PeripheralIsPresent
                0x000032ca       0x64 ./drivers/fsl_flexcomm.o
 .text.FLEXCOMM_SetPeriph
                0x0000332e       0x74 ./drivers/fsl_flexcomm.o
 .text.EnableIRQ
                0x000033a2       0x2c ./drivers/fsl_i2c.o
 .text.I2C_MasterEnable
                0x000033ce       0x44 ./drivers/fsl_i2c.o
 .text.I2C_GetStatusFlags
                0x00003412       0x1a ./drivers/fsl_i2c.o
 .text.I2C_MasterClearStatusFlags
                0x0000342c       0x22 ./drivers/fsl_i2c.o
 .text.I2C_EnableInterrupts
                0x0000344e       0x1e ./drivers/fsl_i2c.o
 .text.I2C_DisableInterrupts
                0x0000346c       0x1e ./drivers/fsl_i2c.o
 .text.I2C_MasterInit
                0x0000348a       0x36 ./drivers/fsl_i2c.o
                0x0000348a                I2C_MasterInit
 .text.I2C_InitTransferStateMachine
                0x000034c0       0xe8 ./drivers/fsl_i2c.o
 .text.I2C_MasterTransferHandleIRQ
                0x000035a8       0x5c ./drivers/fsl_i2c.o
                0x000035a8                I2C_MasterTransferHandleIRQ
 .text.INPUTMUX_AttachSignal
                0x00003604       0x38 ./drivers/fsl_inputmux.o
                0x00003604                INPUTMUX_AttachSignal
 .text.CLOCK_EnableClock
                0x0000363c       0x30 ./drivers/fsl_pint.o
 .text.EnableIRQ
                0x0000366c       0x2c ./drivers/fsl_pint.o
 .text.PINT_PinInterruptClrFallFlag
                0x00003698       0x22 ./drivers/fsl_pint.o
 .text.PINT_PinInterruptClrRiseFlag
                0x000036ba       0x22 ./drivers/fsl_pint.o
 .text.PINT_PatternMatchResetDetectLogic
                0x000036dc       0x34 ./drivers/fsl_pint.o
                0x000036dc                PINT_PatternMatchResetDetectLogic
 .text.PINT_PinInterruptClrStatus
                0x00003710       0x4e ./drivers/fsl_pint.o
                0x00003710                PINT_PinInterruptClrStatus
 .text.RESET_PeripheralReset
                0x0000375e       0x1c ./drivers/fsl_reset.o
                0x0000375e                RESET_PeripheralReset
 .text.SystemInitHook
                0x0000377a        0xe ./device/system_LPC55S69_cm33_core0.o
                0x0000377a                SystemInitHook
 .text.DbgConsole_Init
                0x00003788       0x20 ./board/board.o
 .text.BOARD_InitBootClocks
                0x000037a8        0xc ./board/clock_config.o
                0x000037a8                BOARD_InitBootClocks
 .text.BOARD_InitPeripherals
                0x000037b4        0xc ./board/peripherals.o
                0x000037b4                BOARD_InitPeripherals
 .text.BOARD_InitBootPeripherals
                0x000037c0        0xc ./board/peripherals.o
                0x000037c0                BOARD_InitBootPeripherals
 .text.CLOCK_EnableClock
                0x000037cc       0x30 ./board/pin_mux.o
 .text.IOCON_PinMuxSet
                0x000037fc       0x2e ./board/pin_mux.o
 .text.BOARD_InitBootPins
                0x0000382a        0xc ./board/pin_mux.o
                0x0000382a                BOARD_InitBootPins
 .text.__main   0x00003836        0xe /usr/local/mcuxpressoide-11.10.0_3148/ide/plugins/com.nxp.mcuxpresso.tools.linux_11.10.0.202311280810/tools/bin/../lib/gcc/arm-none-eabi/13.2.1/../../../../arm-none-eabi/lib/thumb/v8-m.main+fp/hard/libcr_semihost_nf.a(_cr__main.o)
                0x00003836                __main
                0x00003836                __CR_SEMIHOST
 .text.memset   0x00003844        0x4 /usr/local/mcuxpressoide-11.10.0_3148/ide/plugins/com.nxp.mcuxpresso.tools.linux_11.10.0.202311280810/tools/bin/../lib/gcc/arm-none-eabi/13.2.1/../../../../arm-none-eabi/lib/thumb/v8-m.main+fp/hard/libcr_c.a(memset.o)
                0x00003844                memset
 .text._deferredlazyseek
                0x00003848       0x40 /usr/local/mcuxpressoide-11.10.0_3148/ide/plugins/com.nxp.mcuxpresso.tools.linux_11.10.0.202311280810/tools/bin/../lib/gcc/arm-none-eabi/13.2.1/../../../../arm-none-eabi/lib/thumb/v8-m.main+fp/hard/libcr_c.a(_deferredlazyseek.o)
                0x00003848                _deferredlazyseek
 .text.__flsbuf
                0x00003888      0x126 /usr/local/mcuxpressoide-11.10.0_3148/ide/plugins/com.nxp.mcuxpresso.tools.linux_11.10.0.202311280810/tools/bin/../lib/gcc/arm-none-eabi/13.2.1/../../../../arm-none-eabi/lib/thumb/v8-m.main+fp/hard/libcr_c.a(_deferredlazyseek.o)
                0x00003888                __flsbuf
 .text._fflush  0x000039ae       0x52 /usr/local/mcuxpressoide-11.10.0_3148/ide/plugins/com.nxp.mcuxpresso.tools.linux_11.10.0.202311280810/tools/bin/../lib/gcc/arm-none-eabi/13.2.1/../../../../arm-none-eabi/lib/thumb/v8-m.main+fp/hard/libcr_c.a(_fflush.o)
                0x000039ae                _fflush
 .text.free     0x00003a00       0x30 /usr/local/mcuxpressoide-11.10.0_3148/ide/plugins/com.nxp.mcuxpresso.tools.linux_11.10.0.202311280810/tools/bin/../lib/gcc/arm-none-eabi/13.2.1/../../../../arm-none-eabi/lib/thumb/v8-m.main+fp/hard/libcr_c.a(alloc.o)
                0x00003a00                free
 .text.fputs    0x00003a30       0x2c /usr/local/mcuxpressoide-11.10.0_3148/ide/plugins/com.nxp.mcuxpresso.tools.linux_11.10.0.202311280810/tools/bin/../lib/gcc/arm-none-eabi/13.2.1/../../../../arm-none-eabi/lib/thumb/v8-m.main+fp/hard/libcr_c.a(fputs.o)
                0x00003a30                fputs
 .text.no_fp_display
                0x00003a5c        0x4 /usr/local/mcuxpressoide-11.10.0_3148/ide/plugins/com.nxp.mcuxpresso.tools.linux_11.10.0.202311280810/tools/bin/../lib/gcc/arm-none-eabi/13.2.1/../../../../arm-none-eabi/lib/thumb/v8-m.main+fp/hard/libcr_c.a(printf.o)
 .text.setvbuf  0x00003a60       0x3e /usr/local/mcuxpressoide-11.10.0_3148/ide/plugins/com.nxp.mcuxpresso.tools.linux_11.10.0.202311280810/tools/bin/../lib/gcc/arm-none-eabi/13.2.1/../../../../arm-none-eabi/lib/thumb/v8-m.main+fp/hard/libcr_c.a(setvbuf.o)
                0x00003a60                setvbuf
 .text.strlen   0x00003a9e       0x4e /usr/local/mcuxpressoide-11.10.0_3148/ide/plugins/com.nxp.mcuxpresso.tools.linux_11.10.0.202311280810/tools/bin/../lib/gcc/arm-none-eabi/13.2.1/../../../../arm-none-eabi/lib/thumb/v8-m.main+fp/hard/libcr_c.a(strlen.o)
                0x00003a9e                strlen
 .text._fdopen  0x00003aec       0x68 /usr/local/mcuxpressoide-11.10.0_3148/ide/plugins/com.nxp.mcuxpresso.tools.linux_11.10.0.202311280810/tools/bin/../lib/gcc/arm-none-eabi/13.2.1/../../../../arm-none-eabi/lib/thumb/v8-m.main+fp/hard/libcr_c.a(_fdopen.o)
                0x00003aec                _fdopen
 .text.fclose   0x00003b54       0x58 /usr/local/mcuxpressoide-11.10.0_3148/ide/plugins/com.nxp.mcuxpresso.tools.linux_11.10.0.202311280810/tools/bin/../lib/gcc/arm-none-eabi/13.2.1/../../../../arm-none-eabi/lib/thumb/v8-m.main+fp/hard/libcr_c.a(fclose.o)
                0x00003b54                fclose
 .text.remove   0x00003bac       0x14 /usr/local/mcuxpressoide-11.10.0_3148/ide/plugins/com.nxp.mcuxpresso.tools.linux_11.10.0.202311280810/tools/bin/../lib/gcc/arm-none-eabi/13.2.1/../../../../arm-none-eabi/lib/thumb/v8-m.main+fp/hard/libcr_c.a(remove.o)
                0x00003bac                remove
 .text._do_fflush
                0x00003bc0       0x40 /usr/local/mcuxpressoide-11.10.0_3148/ide/plugins/com.nxp.mcuxpresso.tools.linux_11.10.0.202311280810/tools/bin/../lib/gcc/arm-none-eabi/13.2.1/../../../../arm-none-eabi/lib/thumb/v8-m.main+fp/hard/libcr_c.a(_do_fflush.o)
                0x00003bc0                _do_fflush
 .text.__aeabi_division_uldivmod
                0x00003c00      0x174 /usr/local/mcuxpressoide-11.10.0_3148/ide/plugins/com.nxp.mcuxpresso.tools.linux_11.10.0.202311280810/tools/bin/../lib/gcc/arm-none-eabi/13.2.1/thumb/v8-m.main+fp/hard/libcr_eabihelpers.a(division_64.o)
                0x00003c00                __aeabi_uldivmod
                0x00003c04                __bhs_ldivmod1
 .text.__aeabi_division_idiv0
                0x00003d74        0x2 /usr/local/mcuxpressoide-11.10.0_3148/ide/plugins/com.nxp.mcuxpresso.tools.linux_11.10.0.202311280810/tools/bin/../lib/gcc/arm-none-eabi/13.2.1/thumb/v8-m.main+fp/hard/libcr_eabihelpers.a(division_idiv0.o)
                0x00003d74                __aeabi_idiv0
 .text.__aeabi_memset_lowlevel
                0x00003d76       0x32 /usr/local/mcuxpressoide-11.10.0_3148/ide/plugins/com.nxp.mcuxpresso.tools.linux_11.10.0.202311280810/tools/bin/../lib/gcc/arm-none-eabi/13.2.1/thumb/v8-m.main+fp/hard/libcr_eabihelpers.a(memcpy.o)
                0x00003d76                __aeabi_lowlevel_memset
 .text.__sys_close
                0x00003da8        0xc /usr/local/mcuxpressoide-11.10.0_3148/ide/plugins/com.nxp.mcuxpresso.tools.linux_11.10.0.202311280810/tools/bin/../lib/gcc/arm-none-eabi/13.2.1/../../../../arm-none-eabi/lib/thumb/v8-m.main+fp/hard/libcr_semihost_nf.a(__sys_close.o)
                0x00003da8                __sys_close
 .text.__sys_flen
                0x00003db4        0xc /usr/local/mcuxpressoide-11.10.0_3148/ide/plugins/com.nxp.mcuxpresso.tools.linux_11.10.0.202311280810/tools/bin/../lib/gcc/arm-none-eabi/13.2.1/../../../../arm-none-eabi/lib/thumb/v8-m.main+fp/hard/libcr_semihost_nf.a(__sys_flen.o)
                0x00003db4                __sys_flen
 .text.__sys_istty
                0x00003dc0        0xc /usr/local/mcuxpressoide-11.10.0_3148/ide/plugins/com.nxp.mcuxpresso.tools.linux_11.10.0.202311280810/tools/bin/../lib/gcc/arm-none-eabi/13.2.1/../../../../arm-none-eabi/lib/thumb/v8-m.main+fp/hard/libcr_semihost_nf.a(__sys_istty.o)
                0x00003dc0                __sys_istty
 .text.__sys_remove
                0x00003dcc        0xc /usr/local/mcuxpressoide-11.10.0_3148/ide/plugins/com.nxp.mcuxpresso.tools.linux_11.10.0.202311280810/tools/bin/../lib/gcc/arm-none-eabi/13.2.1/../../../../arm-none-eabi/lib/thumb/v8-m.main+fp/hard/libcr_semihost_nf.a(__sys_remove.o)
                0x00003dcc                __sys_remove
 .text.__sys_seek
                0x00003dd8        0xc /usr/local/mcuxpressoide-11.10.0_3148/ide/plugins/com.nxp.mcuxpresso.tools.linux_11.10.0.202311280810/tools/bin/../lib/gcc/arm-none-eabi/13.2.1/../../../../arm-none-eabi/lib/thumb/v8-m.main+fp/hard/libcr_semihost_nf.a(__sys_seek.o)
                0x00003dd8                __sys_seek
 .text.__sys_tmpnam
                0x00003de4        0xc /usr/local/mcuxpressoide-11.10.0_3148/ide/plugins/com.nxp.mcuxpresso.tools.linux_11.10.0.202311280810/tools/bin/../lib/gcc/arm-none-eabi/13.2.1/../../../../arm-none-eabi/lib/thumb/v8-m.main+fp/hard/libcr_semihost_nf.a(__sys_tmpnam.o)
                0x00003de4                __sys_tmpnam
 .text.__sys_write
                0x00003df0        0xc /usr/local/mcuxpressoide-11.10.0_3148/ide/plugins/com.nxp.mcuxpresso.tools.linux_11.10.0.202311280810/tools/bin/../lib/gcc/arm-none-eabi/13.2.1/../../../../arm-none-eabi/lib/thumb/v8-m.main+fp/hard/libcr_semihost_nf.a(__sys_write.o)
                0x00003df0                __sys_write
 *(SORT_BY_ALIGNMENT(.rodata) SORT_BY_ALIGNMENT(.rodata.*) SORT_BY_ALIGNMENT(.constdata) SORT_BY_ALIGNMENT(.constdata.*))
 .rodata.main.str1.4
                0x00003dfc      0x3da ./source/sen_cm33_lab3_i2c.o
                                 0x33 (size before relaxing)
 *fill*         0x000041d6        0x2 ff
 .rodata        0x000041d8        0xc ./source/sen_cm33_lab3_i2c.o
 .rodata.SDK_DelayAtLeastUs.str1.4
                0x000041e4       0x4b ./drivers/fsl_common.o
 .rodata.s_flexcommBaseAddrs
                0x000041e4       0x24 ./drivers/fsl_flexcomm.o
 .rodata.s_flexcommClocks
                0x00004208       0x12 ./drivers/fsl_flexcomm.o
 *fill*         0x0000421a        0x2 ff
 .rodata.s_flexcommResets
                0x0000421c       0x24 ./drivers/fsl_flexcomm.o
 .rodata.FLEXCOMM_GetInstance.str1.4
                0x00004240       0x38 ./drivers/fsl_flexcomm.o
 .rodata.FLEXCOMM0_DriverIRQHandler.str1.4
                0x00004240       0x2d ./drivers/fsl_flexcomm.o
 .rodata.FLEXCOMM1_DriverIRQHandler.str1.4
                0x00004240       0x2d ./drivers/fsl_flexcomm.o
 .rodata.FLEXCOMM2_DriverIRQHandler.str1.4
                0x00004240       0x2d ./drivers/fsl_flexcomm.o
 .rodata.FLEXCOMM3_DriverIRQHandler.str1.4
                0x00004240       0x2d ./drivers/fsl_flexcomm.o
 .rodata.FLEXCOMM4_DriverIRQHandler.str1.4
                0x00004240       0x2d ./drivers/fsl_flexcomm.o
 .rodata.FLEXCOMM5_DriverIRQHandler.str1.4
                0x00004240       0x2d ./drivers/fsl_flexcomm.o
 .rodata.FLEXCOMM6_DriverIRQHandler.str1.4
                0x00004240       0x2d ./drivers/fsl_flexcomm.o
 .rodata.FLEXCOMM7_DriverIRQHandler.str1.4
                0x00004240       0x2d ./drivers/fsl_flexcomm.o
 .rodata.FLEXCOMM8_DriverIRQHandler.str1.4
                0x00004240       0x2d ./drivers/fsl_flexcomm.o
 .rodata.s_i2cBaseAddrs
                0x00004240       0x20 ./drivers/fsl_i2c.o
 .rodata.s_i2cIRQ
                0x00004260        0x8 ./drivers/fsl_i2c.o
 .rodata.I2C_GetInstance.str1.4
                0x00004268       0x2d ./drivers/fsl_i2c.o
 .rodata.I2C_MasterTransferCreateHandle.str1.4
                0x00004268       0x1f ./drivers/fsl_i2c.o
 .rodata.I2C_MasterTransferNonBlocking.str1.4
                0x00004268       0x81 ./drivers/fsl_i2c.o
 .rodata.s_pintIRQ
                0x00004268        0xa ./drivers/fsl_pint.o
 .rodata.PINT_Init.str1.4
                0x00004272       0x1d ./drivers/fsl_pint.o
 .rodata.PINT_PinInterruptConfig.str1.4
                0x00004272       0x1e ./drivers/fsl_pint.o
 .rodata.PINT_EnableCallbackByIndex.str1.4
                0x00004272       0x1e ./drivers/fsl_pint.o
 .rodata.RESET_SetPeripheralReset.str1.4
                0x00004272       0x1e ./drivers/fsl_reset.o
 .rodata.RESET_ClearPeripheralReset.str1.4
                0x00004272       0x1e ./drivers/fsl_reset.o
 *fill*         0x00004272        0x2 ff
 .rodata.FLEXCOMM4_config
                0x00004274        0xc ./board/peripherals.o
                0x00004274                FLEXCOMM4_config
 .rodata.__num_Ciob_streams
                0x00004280        0x4 /usr/local/mcuxpressoide-11.10.0_3148/ide/plugins/com.nxp.mcuxpresso.tools.linux_11.10.0.202311280810/tools/bin/../lib/gcc/arm-none-eabi/13.2.1/../../../../arm-none-eabi/lib/thumb/v8-m.main+fp/hard/libcr_semihost_nf.a(__ciob.o)
                0x00004280                __num_Ciob_streams
 .rodata.__assertion_failed.str1.1
                0x00004284       0x66 /usr/local/mcuxpressoide-11.10.0_3148/ide/plugins/com.nxp.mcuxpresso.tools.linux_11.10.0.202311280810/tools/bin/../lib/gcc/arm-none-eabi/13.2.1/../../../../arm-none-eabi/lib/thumb/v8-m.main+fp/hard/libcr_semihost_nf.a(_cr_assert.o)
                                 0x15 (size before relaxing)
 .rodata._Csys_alloc.str1.1
                0x000042ea       0x18 /usr/local/mcuxpressoide-11.10.0_3148/ide/plugins/com.nxp.mcuxpresso.tools.linux_11.10.0.202311280810/tools/bin/../lib/gcc/arm-none-eabi/13.2.1/../../../../arm-none-eabi/lib/thumb/v8-m.main+fp/hard/libcr_c.a(alloc.o)
 .rodata._initio.str1.1
                0x000042ea        0x4 /usr/local/mcuxpressoide-11.10.0_3148/ide/plugins/com.nxp.mcuxpresso.tools.linux_11.10.0.202311280810/tools/bin/../lib/gcc/arm-none-eabi/13.2.1/../../../../arm-none-eabi/lib/thumb/v8-m.main+fp/hard/libcr_c.a(initio.o)
 .rodata.__vfprintf.str1.1
                0x000042ea       0x38 /usr/local/mcuxpressoide-11.10.0_3148/ide/plugins/com.nxp.mcuxpresso.tools.linux_11.10.0.202311280810/tools/bin/../lib/gcc/arm-none-eabi/13.2.1/../../../../arm-none-eabi/lib/thumb/v8-m.main+fp/hard/libcr_c.a(printf.o)
                0x00004324                        . = ALIGN (0x4)
 *fill*         0x000042ea        0x2 ff

.glue_7         0x000042ec        0x0
 .glue_7        0x000042ec        0x0 linker stubs

.glue_7t        0x000042ec        0x0
 .glue_7t       0x000042ec        0x0 linker stubs

.vfp11_veneer   0x000042ec        0x0
 .vfp11_veneer  0x000042ec        0x0 linker stubs

.v4_bx          0x000042ec        0x0
 .v4_bx         0x000042ec        0x0 linker stubs

.iplt           0x000042ec        0x0
 .iplt          0x000042ec        0x0 ./startup/startup_lpc55s69_cm33_core0.o

.rel.dyn        0x000042ec        0x0
 .rel.iplt      0x000042ec        0x0 ./startup/startup_lpc55s69_cm33_core0.o

.ARM.extab
 *(SORT_BY_ALIGNMENT(.ARM.extab*) SORT_BY_ALIGNMENT(.gnu.linkonce.armextab.*))

.ARM.exidx      0x000042ec        0x0
                0x000042ec                        __exidx_start = .
 *(SORT_BY_ALIGNMENT(.ARM.exidx*) SORT_BY_ALIGNMENT(.gnu.linkonce.armexidx.*))
                0x000042ec                        __exidx_end = .
                0x000042ec                        _etext = .

.m_usb_data
 *(SORT_BY_ALIGNMENT(m_usb_global))

.data_RAM2      0x04000000        0x0 load address 0x000042ec
 FILL mask 0xff
                [!provide]                        PROVIDE (__start_data_RAM2 = .)
                [!provide]                        PROVIDE (__start_data_SRAMX = .)
 *(SORT_BY_ALIGNMENT(.ramfunc.$RAM2))
 *(SORT_BY_ALIGNMENT(.ramfunc.$SRAMX))
 *(SORT_BY_ALIGNMENT(.data.$RAM2))
 *(SORT_BY_ALIGNMENT(.data.$SRAMX))
 *(SORT_BY_ALIGNMENT(.data.$RAM2.*))
 *(SORT_BY_ALIGNMENT(.data.$SRAMX.*))
                0x04000000                        . = ALIGN (0x4)
                [!provide]                        PROVIDE (__end_data_RAM2 = .)
                [!provide]                        PROVIDE (__end_data_SRAMX = .)

.data_RAM3      0x40100000        0x0 load address 0x000042ec
 FILL mask 0xff
                [!provide]                        PROVIDE (__start_data_RAM3 = .)
                [!provide]                        PROVIDE (__start_data_USB_RAM = .)
 *(SORT_BY_ALIGNMENT(.ramfunc.$RAM3))
 *(SORT_BY_ALIGNMENT(.ramfunc.$USB_RAM))
 *(SORT_BY_ALIGNMENT(.data.$RAM3))
 *(SORT_BY_ALIGNMENT(.data.$USB_RAM))
 *(SORT_BY_ALIGNMENT(.data.$RAM3.*))
 *(SORT_BY_ALIGNMENT(.data.$USB_RAM.*))
                0x40100000                        . = ALIGN (0x4)
                [!provide]                        PROVIDE (__end_data_RAM3 = .)
                [!provide]                        PROVIDE (__end_data_USB_RAM = .)

.data_RAM4      0x20040000        0x0 load address 0x000042ec
 FILL mask 0xff
                [!provide]                        PROVIDE (__start_data_RAM4 = .)
                [!provide]                        PROVIDE (__start_data_SRAM4 = .)
 *(SORT_BY_ALIGNMENT(.ramfunc.$RAM4))
 *(SORT_BY_ALIGNMENT(.ramfunc.$SRAM4))
 *(SORT_BY_ALIGNMENT(.data.$RAM4))
 *(SORT_BY_ALIGNMENT(.data.$SRAM4))
 *(SORT_BY_ALIGNMENT(.data.$RAM4.*))
 *(SORT_BY_ALIGNMENT(.data.$SRAM4.*))
                0x20040000                        . = ALIGN (0x4)
                [!provide]                        PROVIDE (__end_data_RAM4 = .)
                [!provide]                        PROVIDE (__end_data_SRAM4 = .)

.uninit_RESERVED
                0x20000000        0x0
                0x20000000                        _start_uninit_RESERVED = .
 *(SORT_BY_ALIGNMENT(.bss.$RESERVED*))
                0x20000000                        . = ALIGN (0x4)
                0x20000000                        _end_uninit_RESERVED = .

.data           0x20000000        0xc load address 0x000042ec
 FILL mask 0xff
                0x20000000                        _data = .
                [!provide]                        PROVIDE (__start_data_RAM = .)
                [!provide]                        PROVIDE (__start_data_SRAM = .)
 *(SORT_BY_ALIGNMENT(vtable))
 *(SORT_BY_ALIGNMENT(.ramfunc*))
 *(SORT_BY_ALIGNMENT(CodeQuickAccess))
 *(SORT_BY_ALIGNMENT(DataQuickAccess))
 *(SORT_BY_ALIGNMENT(RamFunction))
 *(SORT_BY_ALIGNMENT(.data*))
 .data.cmd      0x20000000        0x4 ./source/sen_cm33_lab3_i2c.o
 .data.s_Ext_Clk_Freq
                0x20000004        0x4 ./drivers/fsl_clock.o
 .data.SystemCoreClock
                0x20000008        0x4 ./device/system_LPC55S69_cm33_core0.o
                0x20000008                SystemCoreClock
                0x2000000c                        . = ALIGN (0x4)
                0x2000000c                        _edata = .
                [!provide]                        PROVIDE (__end_data_RAM = .)
                [!provide]                        PROVIDE (__end_data_SRAM = .)

.igot.plt       0x2000000c        0x0 load address 0x000042f8
 .igot.plt      0x2000000c        0x0 ./startup/startup_lpc55s69_cm33_core0.o

.bss_RAM2       0x04000000        0x0
                [!provide]                        PROVIDE (__start_bss_RAM2 = .)
                [!provide]                        PROVIDE (__start_bss_SRAMX = .)
 *(SORT_BY_ALIGNMENT(.bss.$RAM2))
 *(SORT_BY_ALIGNMENT(.bss.$SRAMX))
 *(SORT_BY_ALIGNMENT(.bss.$RAM2.*))
 *(SORT_BY_ALIGNMENT(.bss.$SRAMX.*))
                0x04000000                        . = ALIGN ((. != 0x0)?0x4:0x1)
                [!provide]                        PROVIDE (__end_bss_RAM2 = .)
                [!provide]                        PROVIDE (__end_bss_SRAMX = .)

.bss_RAM3       0x40100000        0x0
                [!provide]                        PROVIDE (__start_bss_RAM3 = .)
                [!provide]                        PROVIDE (__start_bss_USB_RAM = .)
 *(SORT_BY_ALIGNMENT(.bss.$RAM3))
 *(SORT_BY_ALIGNMENT(.bss.$USB_RAM))
 *(SORT_BY_ALIGNMENT(.bss.$RAM3.*))
 *(SORT_BY_ALIGNMENT(.bss.$USB_RAM.*))
                0x40100000                        . = ALIGN ((. != 0x0)?0x4:0x1)
                [!provide]                        PROVIDE (__end_bss_RAM3 = .)
                [!provide]                        PROVIDE (__end_bss_USB_RAM = .)

.bss_RAM4       0x20040000        0x0
                [!provide]                        PROVIDE (__start_bss_RAM4 = .)
                [!provide]                        PROVIDE (__start_bss_SRAM4 = .)
 *(SORT_BY_ALIGNMENT(.bss.$RAM4))
 *(SORT_BY_ALIGNMENT(.bss.$SRAM4))
 *(SORT_BY_ALIGNMENT(.bss.$RAM4.*))
 *(SORT_BY_ALIGNMENT(.bss.$SRAM4.*))
                0x20040000                        . = ALIGN ((. != 0x0)?0x4:0x1)
                [!provide]                        PROVIDE (__end_bss_RAM4 = .)
                [!provide]                        PROVIDE (__end_bss_SRAM4 = .)

.bss            0x2000000c      0x1d4
                0x2000000c                        _bss = .
                [!provide]                        PROVIDE (__start_bss_RAM = .)
                [!provide]                        PROVIDE (__start_bss_SRAM = .)
 *(SORT_BY_ALIGNMENT(.bss*))
 .bss.s_Pll0_Freq
                0x2000000c        0x4 ./drivers/fsl_clock.o
 .bss.s_flexcommIrqHandler
                0x20000010       0x24 ./drivers/fsl_flexcomm.o
 .bss.s_flexcommHandle
                0x20000034       0x24 ./drivers/fsl_flexcomm.o
 .bss.s_secpintCallback
                0x20000058        0x8 ./drivers/fsl_pint.o
 .bss.s_pintCallback
                0x20000060       0x20 ./drivers/fsl_pint.o
 .bss.i2c       0x20000080        0x4 ./component/mma8652fc.o
 .bss.i2c_handle
                0x20000084       0x38 ./component/mma8652fc.o
 .bss.mma8652_cfg
                0x200000bc        0x4 ./component/mma8652fc.o
 .bss.i2c_res   0x200000c0        0x4 ./component/mma8652fc.o
 .bss.FLEXCOMM4_handle
                0x200000c4       0x38 ./board/peripherals.o
                0x200000c4                FLEXCOMM4_handle
 .bss.FLEXCOMM4_buffer
                0x200000fc        0xa ./board/peripherals.o
                0x200000fc                FLEXCOMM4_buffer
 *fill*         0x20000106        0x2 
 .bss.FLEXCOMM4_transfer
                0x20000108       0x18 ./board/peripherals.o
                0x20000108                FLEXCOMM4_transfer
 .bss.__Ciob    0x20000120       0xb4 /usr/local/mcuxpressoide-11.10.0_3148/ide/plugins/com.nxp.mcuxpresso.tools.linux_11.10.0.202311280810/tools/bin/../lib/gcc/arm-none-eabi/13.2.1/../../../../arm-none-eabi/lib/thumb/v8-m.main+fp/hard/libcr_semihost_nf.a(__ciob.o)
                0x20000120                __Ciob
 .bss.__end_of_heap
                0x200001d4        0x4 /usr/local/mcuxpressoide-11.10.0_3148/ide/plugins/com.nxp.mcuxpresso.tools.linux_11.10.0.202311280810/tools/bin/../lib/gcc/arm-none-eabi/13.2.1/../../../../arm-none-eabi/lib/thumb/v8-m.main+fp/hard/libcr_c.a(__init_alloc.o)
                0x200001d4                __end_of_heap
 .bss.__heaps   0x200001d8        0x4 /usr/local/mcuxpressoide-11.10.0_3148/ide/plugins/com.nxp.mcuxpresso.tools.linux_11.10.0.202311280810/tools/bin/../lib/gcc/arm-none-eabi/13.2.1/../../../../arm-none-eabi/lib/thumb/v8-m.main+fp/hard/libcr_c.a(__init_alloc.o)
                0x200001d8                __heaps
 .bss.errno     0x200001dc        0x4 /usr/local/mcuxpressoide-11.10.0_3148/ide/plugins/com.nxp.mcuxpresso.tools.linux_11.10.0.202311280810/tools/bin/../lib/gcc/arm-none-eabi/13.2.1/../../../../arm-none-eabi/lib/thumb/v8-m.main+fp/hard/libcr_c.a(errno.o)
                0x200001dc                errno
 *(SORT_BY_ALIGNMENT(COMMON))
                0x200001e0                        . = ALIGN (0x4)
                0x200001e0                        _ebss = .
                [!provide]                        PROVIDE (__end_bss_RAM = .)
                [!provide]                        PROVIDE (__end_bss_SRAM = .)
                [!provide]                        PROVIDE (end = .)

.noinit_RAM2    0x04000000        0x0
                [!provide]                        PROVIDE (__start_noinit_RAM2 = .)
                [!provide]                        PROVIDE (__start_noinit_SRAMX = .)
 *(SORT_BY_ALIGNMENT(.noinit.$RAM2))
 *(SORT_BY_ALIGNMENT(.noinit.$SRAMX))
 *(SORT_BY_ALIGNMENT(.noinit.$RAM2.*))
 *(SORT_BY_ALIGNMENT(.noinit.$SRAMX.*))
                0x04000000                        . = ALIGN (0x4)
                [!provide]                        PROVIDE (__end_noinit_RAM2 = .)
                [!provide]                        PROVIDE (__end_noinit_SRAMX = .)

.noinit_RAM3    0x40100000        0x0
                [!provide]                        PROVIDE (__start_noinit_RAM3 = .)
                [!provide]                        PROVIDE (__start_noinit_USB_RAM = .)
 *(SORT_BY_ALIGNMENT(.noinit.$RAM3))
 *(SORT_BY_ALIGNMENT(.noinit.$USB_RAM))
 *(SORT_BY_ALIGNMENT(.noinit.$RAM3.*))
 *(SORT_BY_ALIGNMENT(.noinit.$USB_RAM.*))
                0x40100000                        . = ALIGN (0x4)
                [!provide]                        PROVIDE (__end_noinit_RAM3 = .)
                [!provide]                        PROVIDE (__end_noinit_USB_RAM = .)

.noinit_RAM4    0x20040000        0x0
                [!provide]                        PROVIDE (__start_noinit_RAM4 = .)
                [!provide]                        PROVIDE (__start_noinit_SRAM4 = .)
 *(SORT_BY_ALIGNMENT(.noinit.$RAM4))
 *(SORT_BY_ALIGNMENT(.noinit.$SRAM4))
 *(SORT_BY_ALIGNMENT(.noinit.$RAM4.*))
 *(SORT_BY_ALIGNMENT(.noinit.$SRAM4.*))
                0x20040000                        . = ALIGN (0x4)
                [!provide]                        PROVIDE (__end_noinit_RAM4 = .)
                [!provide]                        PROVIDE (__end_noinit_SRAM4 = .)

.noinit         0x200001e0        0x0
                0x200001e0                        _noinit = .
                [!provide]                        PROVIDE (__start_noinit_RAM = .)
                [!provide]                        PROVIDE (__start_noinit_SRAM = .)
 *(SORT_BY_ALIGNMENT(.noinit*))
                0x200001e0                        . = ALIGN (0x4)
                0x200001e0                        _end_noinit = .
                [!provide]                        PROVIDE (__end_noinit_RAM = .)
                [!provide]                        PROVIDE (__end_noinit_SRAM = .)
                0x00001000                        _HeapSize = 0x1000

.heap           0x200001e0     0x1000
                0x200001e0                        _pvHeapStart = .
                0x200011e0                        . = (. + _HeapSize)
 *fill*         0x200001e0     0x1000 
                0x200011e0                        . = ALIGN (0x4)
                0x200011e0                        _pvHeapLimit = .
                0x00001000                        _StackSize = 0x1000

.heap2stackfill
                0x200011e0     0x1000
                0x200021e0                        . = (. + _StackSize)
 *fill*         0x200011e0     0x1000 

.stack          0x2003f000        0x0
                0x2003f000                        _vStackBase = .
                0x2003f000                        . = ALIGN (0x4)
                0x20040000                        _vStackTop = (. + _StackSize)
                [!provide]                        PROVIDE (__valid_user_code_checksum = (0x0 - ((((((_vStackTop + (ResetISR + 0x1)) + (NMI_Handler + 0x1)) + (HardFault_Handler + 0x1)) + (DEFINED (MemManage_Handler)?MemManage_Handler:0x0 + 0x1)) + (DEFINED (BusFault_Handler)?BusFault_Handler:0x0 + 0x1)) + (DEFINED (UsageFault_Handler)?UsageFault_Handler:0x0 + 0x1))))
                0x00000000                        _image_start = LOADADDR (.text)
                0x000042f8                        _image_end = (LOADADDR (.data) + SIZEOF (.data))
                0x000042f8                        _image_size = (_image_end - _image_start)
OUTPUT(sen_cm33_lab3_i2c.axf elf32-littlearm)
LOAD linker stubs

.debug_info     0x00000000    0x1b3b9
 .debug_info    0x00000000      0x9c8 ./startup/startup_lpc55s69_cm33_core0.o
 .debug_info    0x000009c8       0x3c ./source/semihost_hardfault.o
 .debug_info    0x00000a04     0x11a0 ./source/sen_cm33_lab3_i2c.o
 .debug_info    0x00001ba4     0x3195 ./drivers/fsl_clock.o
 .debug_info    0x00004d39      0x28d ./drivers/fsl_common.o
 .debug_info    0x00004fc6     0x19e1 ./drivers/fsl_flexcomm.o
 .debug_info    0x000069a7     0x20b2 ./drivers/fsl_i2c.o
 .debug_info    0x00008a59     0x1e25 ./drivers/fsl_inputmux.o
 .debug_info    0x0000a87e     0x223f ./drivers/fsl_pint.o
 .debug_info    0x0000cabd      0xed4 ./drivers/fsl_reset.o
 .debug_info    0x0000d991     0x1366 ./device/system_LPC55S69_cm33_core0.o
 .debug_info    0x0000ecf7      0x9fd ./component/mma8652fc.o
 .debug_info    0x0000f6f4      0x91c ./board/board.o
 .debug_info    0x00010010     0x16d4 ./board/clock_config.o
 .debug_info    0x000116e4      0xafb ./board/peripherals.o
 .debug_info    0x000121df     0x1e42 ./board/pin_mux.o
 .debug_info    0x00014021     0x34c6 /home/mohamed/apps/MCUXpresso_11.10.0_3148/workspace/sen_cm33_lab3_i2c/libs/libpower_hardabi.a(fsl_power_lib.o)
 .debug_info    0x000174e7       0x85 /usr/local/mcuxpressoide-11.10.0_3148/ide/plugins/com.nxp.mcuxpresso.tools.linux_11.10.0.202311280810/tools/bin/../lib/gcc/arm-none-eabi/13.2.1/../../../../arm-none-eabi/lib/thumb/v8-m.main+fp/hard/libcr_semihost_nf.a(_cr__main.o)
 .debug_info    0x0001756c      0x235 /usr/local/mcuxpressoide-11.10.0_3148/ide/plugins/com.nxp.mcuxpresso.tools.linux_11.10.0.202311280810/tools/bin/../lib/gcc/arm-none-eabi/13.2.1/../../../../arm-none-eabi/lib/thumb/v8-m.main+fp/hard/libcr_semihost_nf.a(_cr_assert.o)
 .debug_info    0x000177a1      0x18b /usr/local/mcuxpressoide-11.10.0_3148/ide/plugins/com.nxp.mcuxpresso.tools.linux_11.10.0.202311280810/tools/bin/../lib/gcc/arm-none-eabi/13.2.1/../../../../arm-none-eabi/lib/thumb/v8-m.main+fp/hard/libcr_semihost_nf.a(__ciob.o)
 .debug_info    0x0001792c       0xfc /usr/local/mcuxpressoide-11.10.0_3148/ide/plugins/com.nxp.mcuxpresso.tools.linux_11.10.0.202311280810/tools/bin/../lib/gcc/arm-none-eabi/13.2.1/../../../../arm-none-eabi/lib/thumb/v8-m.main+fp/hard/libcr_c.a(memset.o)
 .debug_info    0x00017a28      0x369 /usr/local/mcuxpressoide-11.10.0_3148/ide/plugins/com.nxp.mcuxpresso.tools.linux_11.10.0.202311280810/tools/bin/../lib/gcc/arm-none-eabi/13.2.1/../../../../arm-none-eabi/lib/thumb/v8-m.main+fp/hard/libcr_c.a(_deferredlazyseek.o)
 .debug_info    0x00017d91      0x1e3 /usr/local/mcuxpressoide-11.10.0_3148/ide/plugins/com.nxp.mcuxpresso.tools.linux_11.10.0.202311280810/tools/bin/../lib/gcc/arm-none-eabi/13.2.1/../../../../arm-none-eabi/lib/thumb/v8-m.main+fp/hard/libcr_c.a(_fflush.o)
 .debug_info    0x00017f74      0x289 /usr/local/mcuxpressoide-11.10.0_3148/ide/plugins/com.nxp.mcuxpresso.tools.linux_11.10.0.202311280810/tools/bin/../lib/gcc/arm-none-eabi/13.2.1/../../../../arm-none-eabi/lib/thumb/v8-m.main+fp/hard/libcr_c.a(_writebuf.o)
 .debug_info    0x000181fd      0x520 /usr/local/mcuxpressoide-11.10.0_3148/ide/plugins/com.nxp.mcuxpresso.tools.linux_11.10.0.202311280810/tools/bin/../lib/gcc/arm-none-eabi/13.2.1/../../../../arm-none-eabi/lib/thumb/v8-m.main+fp/hard/libcr_c.a(alloc.o)
 .debug_info    0x0001871d      0x1e0 /usr/local/mcuxpressoide-11.10.0_3148/ide/plugins/com.nxp.mcuxpresso.tools.linux_11.10.0.202311280810/tools/bin/../lib/gcc/arm-none-eabi/13.2.1/../../../../arm-none-eabi/lib/thumb/v8-m.main+fp/hard/libcr_c.a(fputs.o)
 .debug_info    0x000188fd      0x276 /usr/local/mcuxpressoide-11.10.0_3148/ide/plugins/com.nxp.mcuxpresso.tools.linux_11.10.0.202311280810/tools/bin/../lib/gcc/arm-none-eabi/13.2.1/../../../../arm-none-eabi/lib/thumb/v8-m.main+fp/hard/libcr_c.a(fseek.o)
 .debug_info    0x00018b73      0x197 /usr/local/mcuxpressoide-11.10.0_3148/ide/plugins/com.nxp.mcuxpresso.tools.linux_11.10.0.202311280810/tools/bin/../lib/gcc/arm-none-eabi/13.2.1/../../../../arm-none-eabi/lib/thumb/v8-m.main+fp/hard/libcr_c.a(ftell.o)
 .debug_info    0x00018d0a      0x339 /usr/local/mcuxpressoide-11.10.0_3148/ide/plugins/com.nxp.mcuxpresso.tools.linux_11.10.0.202311280810/tools/bin/../lib/gcc/arm-none-eabi/13.2.1/../../../../arm-none-eabi/lib/thumb/v8-m.main+fp/hard/libcr_c.a(initio.o)
 .debug_info    0x00019043     0x1284 /usr/local/mcuxpressoide-11.10.0_3148/ide/plugins/com.nxp.mcuxpresso.tools.linux_11.10.0.202311280810/tools/bin/../lib/gcc/arm-none-eabi/13.2.1/../../../../arm-none-eabi/lib/thumb/v8-m.main+fp/hard/libcr_c.a(printf.o)
 .debug_info    0x0001a2c7      0x1fd /usr/local/mcuxpressoide-11.10.0_3148/ide/plugins/com.nxp.mcuxpresso.tools.linux_11.10.0.202311280810/tools/bin/../lib/gcc/arm-none-eabi/13.2.1/../../../../arm-none-eabi/lib/thumb/v8-m.main+fp/hard/libcr_c.a(setvbuf.o)
 .debug_info    0x0001a4c4       0xe1 /usr/local/mcuxpressoide-11.10.0_3148/ide/plugins/com.nxp.mcuxpresso.tools.linux_11.10.0.202311280810/tools/bin/../lib/gcc/arm-none-eabi/13.2.1/../../../../arm-none-eabi/lib/thumb/v8-m.main+fp/hard/libcr_c.a(strlen.o)
 .debug_info    0x0001a5a5       0xd4 /usr/local/mcuxpressoide-11.10.0_3148/ide/plugins/com.nxp.mcuxpresso.tools.linux_11.10.0.202311280810/tools/bin/../lib/gcc/arm-none-eabi/13.2.1/../../../../arm-none-eabi/lib/thumb/v8-m.main+fp/hard/libcr_c.a(__init_alloc.o)
 .debug_info    0x0001a679      0x107 /usr/local/mcuxpressoide-11.10.0_3148/ide/plugins/com.nxp.mcuxpresso.tools.linux_11.10.0.202311280810/tools/bin/../lib/gcc/arm-none-eabi/13.2.1/../../../../arm-none-eabi/lib/thumb/v8-m.main+fp/hard/libcr_c.a(_cr_sbrk.o)
 .debug_info    0x0001a780      0x24b /usr/local/mcuxpressoide-11.10.0_3148/ide/plugins/com.nxp.mcuxpresso.tools.linux_11.10.0.202311280810/tools/bin/../lib/gcc/arm-none-eabi/13.2.1/../../../../arm-none-eabi/lib/thumb/v8-m.main+fp/hard/libcr_c.a(_fdopen.o)
 .debug_info    0x0001a9cb       0x44 /usr/local/mcuxpressoide-11.10.0_3148/ide/plugins/com.nxp.mcuxpresso.tools.linux_11.10.0.202311280810/tools/bin/../lib/gcc/arm-none-eabi/13.2.1/../../../../arm-none-eabi/lib/thumb/v8-m.main+fp/hard/libcr_c.a(errno.o)
 .debug_info    0x0001aa0f      0x318 /usr/local/mcuxpressoide-11.10.0_3148/ide/plugins/com.nxp.mcuxpresso.tools.linux_11.10.0.202311280810/tools/bin/../lib/gcc/arm-none-eabi/13.2.1/../../../../arm-none-eabi/lib/thumb/v8-m.main+fp/hard/libcr_c.a(fclose.o)
 .debug_info    0x0001ad27      0x209 /usr/local/mcuxpressoide-11.10.0_3148/ide/plugins/com.nxp.mcuxpresso.tools.linux_11.10.0.202311280810/tools/bin/../lib/gcc/arm-none-eabi/13.2.1/../../../../arm-none-eabi/lib/thumb/v8-m.main+fp/hard/libcr_c.a(fflush.o)
 .debug_info    0x0001af30      0x1d7 /usr/local/mcuxpressoide-11.10.0_3148/ide/plugins/com.nxp.mcuxpresso.tools.linux_11.10.0.202311280810/tools/bin/../lib/gcc/arm-none-eabi/13.2.1/../../../../arm-none-eabi/lib/thumb/v8-m.main+fp/hard/libcr_c.a(remove.o)
 .debug_info    0x0001b107       0x78 /usr/local/mcuxpressoide-11.10.0_3148/ide/plugins/com.nxp.mcuxpresso.tools.linux_11.10.0.202311280810/tools/bin/../lib/gcc/arm-none-eabi/13.2.1/../../../../arm-none-eabi/lib/thumb/v8-m.main+fp/hard/libcr_c.a(_cr_check_heap.o)
 .debug_info    0x0001b17f      0x23a /usr/local/mcuxpressoide-11.10.0_3148/ide/plugins/com.nxp.mcuxpresso.tools.linux_11.10.0.202311280810/tools/bin/../lib/gcc/arm-none-eabi/13.2.1/../../../../arm-none-eabi/lib/thumb/v8-m.main+fp/hard/libcr_c.a(_do_fflush.o)

.debug_abbrev   0x00000000     0x3fd3
 .debug_abbrev  0x00000000      0x147 ./startup/startup_lpc55s69_cm33_core0.o
 .debug_abbrev  0x00000147       0x31 ./source/semihost_hardfault.o
 .debug_abbrev  0x00000178      0x261 ./source/sen_cm33_lab3_i2c.o
 .debug_abbrev  0x000003d9      0x38e ./drivers/fsl_clock.o
 .debug_abbrev  0x00000767      0x15c ./drivers/fsl_common.o
 .debug_abbrev  0x000008c3      0x2eb ./drivers/fsl_flexcomm.o
 .debug_abbrev  0x00000bae      0x3a6 ./drivers/fsl_i2c.o
 .debug_abbrev  0x00000f54      0x1d7 ./drivers/fsl_inputmux.o
 .debug_abbrev  0x0000112b      0x307 ./drivers/fsl_pint.o
 .debug_abbrev  0x00001432      0x182 ./drivers/fsl_reset.o
 .debug_abbrev  0x000015b4      0x1fa ./device/system_LPC55S69_cm33_core0.o
 .debug_abbrev  0x000017ae      0x1fe ./component/mma8652fc.o
 .debug_abbrev  0x000019ac      0x120 ./board/board.o
 .debug_abbrev  0x00001acc      0x226 ./board/clock_config.o
 .debug_abbrev  0x00001cf2      0x1c5 ./board/peripherals.o
 .debug_abbrev  0x00001eb7      0x213 ./board/pin_mux.o
 .debug_abbrev  0x000020ca      0x494 /home/mohamed/apps/MCUXpresso_11.10.0_3148/workspace/sen_cm33_lab3_i2c/libs/libpower_hardabi.a(fsl_power_lib.o)
 .debug_abbrev  0x0000255e       0x70 /usr/local/mcuxpressoide-11.10.0_3148/ide/plugins/com.nxp.mcuxpresso.tools.linux_11.10.0.202311280810/tools/bin/../lib/gcc/arm-none-eabi/13.2.1/../../../../arm-none-eabi/lib/thumb/v8-m.main+fp/hard/libcr_semihost_nf.a(_cr__main.o)
 .debug_abbrev  0x000025ce      0x12f /usr/local/mcuxpressoide-11.10.0_3148/ide/plugins/com.nxp.mcuxpresso.tools.linux_11.10.0.202311280810/tools/bin/../lib/gcc/arm-none-eabi/13.2.1/../../../../arm-none-eabi/lib/thumb/v8-m.main+fp/hard/libcr_semihost_nf.a(_cr_assert.o)
 .debug_abbrev  0x000026fd       0xb5 /usr/local/mcuxpressoide-11.10.0_3148/ide/plugins/com.nxp.mcuxpresso.tools.linux_11.10.0.202311280810/tools/bin/../lib/gcc/arm-none-eabi/13.2.1/../../../../arm-none-eabi/lib/thumb/v8-m.main+fp/hard/libcr_semihost_nf.a(__ciob.o)
 .debug_abbrev  0x000027b2       0xa8 /usr/local/mcuxpressoide-11.10.0_3148/ide/plugins/com.nxp.mcuxpresso.tools.linux_11.10.0.202311280810/tools/bin/../lib/gcc/arm-none-eabi/13.2.1/../../../../arm-none-eabi/lib/thumb/v8-m.main+fp/hard/libcr_c.a(memset.o)
 .debug_abbrev  0x0000285a      0x152 /usr/local/mcuxpressoide-11.10.0_3148/ide/plugins/com.nxp.mcuxpresso.tools.linux_11.10.0.202311280810/tools/bin/../lib/gcc/arm-none-eabi/13.2.1/../../../../arm-none-eabi/lib/thumb/v8-m.main+fp/hard/libcr_c.a(_deferredlazyseek.o)
 .debug_abbrev  0x000029ac       0xf1 /usr/local/mcuxpressoide-11.10.0_3148/ide/plugins/com.nxp.mcuxpresso.tools.linux_11.10.0.202311280810/tools/bin/../lib/gcc/arm-none-eabi/13.2.1/../../../../arm-none-eabi/lib/thumb/v8-m.main+fp/hard/libcr_c.a(_fflush.o)
 .debug_abbrev  0x00002a9d      0x126 /usr/local/mcuxpressoide-11.10.0_3148/ide/plugins/com.nxp.mcuxpresso.tools.linux_11.10.0.202311280810/tools/bin/../lib/gcc/arm-none-eabi/13.2.1/../../../../arm-none-eabi/lib/thumb/v8-m.main+fp/hard/libcr_c.a(_writebuf.o)
 .debug_abbrev  0x00002bc3      0x284 /usr/local/mcuxpressoide-11.10.0_3148/ide/plugins/com.nxp.mcuxpresso.tools.linux_11.10.0.202311280810/tools/bin/../lib/gcc/arm-none-eabi/13.2.1/../../../../arm-none-eabi/lib/thumb/v8-m.main+fp/hard/libcr_c.a(alloc.o)
 .debug_abbrev  0x00002e47      0x10c /usr/local/mcuxpressoide-11.10.0_3148/ide/plugins/com.nxp.mcuxpresso.tools.linux_11.10.0.202311280810/tools/bin/../lib/gcc/arm-none-eabi/13.2.1/../../../../arm-none-eabi/lib/thumb/v8-m.main+fp/hard/libcr_c.a(fputs.o)
 .debug_abbrev  0x00002f53      0x11b /usr/local/mcuxpressoide-11.10.0_3148/ide/plugins/com.nxp.mcuxpresso.tools.linux_11.10.0.202311280810/tools/bin/../lib/gcc/arm-none-eabi/13.2.1/../../../../arm-none-eabi/lib/thumb/v8-m.main+fp/hard/libcr_c.a(fseek.o)
 .debug_abbrev  0x0000306e       0xc2 /usr/local/mcuxpressoide-11.10.0_3148/ide/plugins/com.nxp.mcuxpresso.tools.linux_11.10.0.202311280810/tools/bin/../lib/gcc/arm-none-eabi/13.2.1/../../../../arm-none-eabi/lib/thumb/v8-m.main+fp/hard/libcr_c.a(ftell.o)
 .debug_abbrev  0x00003130      0x169 /usr/local/mcuxpressoide-11.10.0_3148/ide/plugins/com.nxp.mcuxpresso.tools.linux_11.10.0.202311280810/tools/bin/../lib/gcc/arm-none-eabi/13.2.1/../../../../arm-none-eabi/lib/thumb/v8-m.main+fp/hard/libcr_c.a(initio.o)
 .debug_abbrev  0x00003299      0x3c7 /usr/local/mcuxpressoide-11.10.0_3148/ide/plugins/com.nxp.mcuxpresso.tools.linux_11.10.0.202311280810/tools/bin/../lib/gcc/arm-none-eabi/13.2.1/../../../../arm-none-eabi/lib/thumb/v8-m.main+fp/hard/libcr_c.a(printf.o)
 .debug_abbrev  0x00003660       0xe1 /usr/local/mcuxpressoide-11.10.0_3148/ide/plugins/com.nxp.mcuxpresso.tools.linux_11.10.0.202311280810/tools/bin/../lib/gcc/arm-none-eabi/13.2.1/../../../../arm-none-eabi/lib/thumb/v8-m.main+fp/hard/libcr_c.a(setvbuf.o)
 .debug_abbrev  0x00003741       0xa7 /usr/local/mcuxpressoide-11.10.0_3148/ide/plugins/com.nxp.mcuxpresso.tools.linux_11.10.0.202311280810/tools/bin/../lib/gcc/arm-none-eabi/13.2.1/../../../../arm-none-eabi/lib/thumb/v8-m.main+fp/hard/libcr_c.a(strlen.o)
 .debug_abbrev  0x000037e8       0xaf /usr/local/mcuxpressoide-11.10.0_3148/ide/plugins/com.nxp.mcuxpresso.tools.linux_11.10.0.202311280810/tools/bin/../lib/gcc/arm-none-eabi/13.2.1/../../../../arm-none-eabi/lib/thumb/v8-m.main+fp/hard/libcr_c.a(__init_alloc.o)
 .debug_abbrev  0x00003897       0xd3 /usr/local/mcuxpressoide-11.10.0_3148/ide/plugins/com.nxp.mcuxpresso.tools.linux_11.10.0.202311280810/tools/bin/../lib/gcc/arm-none-eabi/13.2.1/../../../../arm-none-eabi/lib/thumb/v8-m.main+fp/hard/libcr_c.a(_cr_sbrk.o)
 .debug_abbrev  0x0000396a      0x119 /usr/local/mcuxpressoide-11.10.0_3148/ide/plugins/com.nxp.mcuxpresso.tools.linux_11.10.0.202311280810/tools/bin/../lib/gcc/arm-none-eabi/13.2.1/../../../../arm-none-eabi/lib/thumb/v8-m.main+fp/hard/libcr_c.a(_fdopen.o)
 .debug_abbrev  0x00003a83       0x44 /usr/local/mcuxpressoide-11.10.0_3148/ide/plugins/com.nxp.mcuxpresso.tools.linux_11.10.0.202311280810/tools/bin/../lib/gcc/arm-none-eabi/13.2.1/../../../../arm-none-eabi/lib/thumb/v8-m.main+fp/hard/libcr_c.a(errno.o)
 .debug_abbrev  0x00003ac7      0x155 /usr/local/mcuxpressoide-11.10.0_3148/ide/plugins/com.nxp.mcuxpresso.tools.linux_11.10.0.202311280810/tools/bin/../lib/gcc/arm-none-eabi/13.2.1/../../../../arm-none-eabi/lib/thumb/v8-m.main+fp/hard/libcr_c.a(fclose.o)
 .debug_abbrev  0x00003c1c      0x125 /usr/local/mcuxpressoide-11.10.0_3148/ide/plugins/com.nxp.mcuxpresso.tools.linux_11.10.0.202311280810/tools/bin/../lib/gcc/arm-none-eabi/13.2.1/../../../../arm-none-eabi/lib/thumb/v8-m.main+fp/hard/libcr_c.a(fflush.o)
 .debug_abbrev  0x00003d41       0xfb /usr/local/mcuxpressoide-11.10.0_3148/ide/plugins/com.nxp.mcuxpresso.tools.linux_11.10.0.202311280810/tools/bin/../lib/gcc/arm-none-eabi/13.2.1/../../../../arm-none-eabi/lib/thumb/v8-m.main+fp/hard/libcr_c.a(remove.o)
 .debug_abbrev  0x00003e3c       0x6b /usr/local/mcuxpressoide-11.10.0_3148/ide/plugins/com.nxp.mcuxpresso.tools.linux_11.10.0.202311280810/tools/bin/../lib/gcc/arm-none-eabi/13.2.1/../../../../arm-none-eabi/lib/thumb/v8-m.main+fp/hard/libcr_c.a(_cr_check_heap.o)
 .debug_abbrev  0x00003ea7      0x12c /usr/local/mcuxpressoide-11.10.0_3148/ide/plugins/com.nxp.mcuxpresso.tools.linux_11.10.0.202311280810/tools/bin/../lib/gcc/arm-none-eabi/13.2.1/../../../../arm-none-eabi/lib/thumb/v8-m.main+fp/hard/libcr_c.a(_do_fflush.o)

.debug_loc      0x00000000     0x4b78
 .debug_loc     0x00000000      0x1f9 ./startup/startup_lpc55s69_cm33_core0.o
 .debug_loc     0x000001f9     0x1884 /home/mohamed/apps/MCUXpresso_11.10.0_3148/workspace/sen_cm33_lab3_i2c/libs/libpower_hardabi.a(fsl_power_lib.o)
 .debug_loc     0x00001a7d       0x45 /usr/local/mcuxpressoide-11.10.0_3148/ide/plugins/com.nxp.mcuxpresso.tools.linux_11.10.0.202311280810/tools/bin/../lib/gcc/arm-none-eabi/13.2.1/../../../../arm-none-eabi/lib/thumb/v8-m.main+fp/hard/libcr_semihost_nf.a(_cr_assert.o)
 .debug_loc     0x00001ac2       0x81 /usr/local/mcuxpressoide-11.10.0_3148/ide/plugins/com.nxp.mcuxpresso.tools.linux_11.10.0.202311280810/tools/bin/../lib/gcc/arm-none-eabi/13.2.1/../../../../arm-none-eabi/lib/thumb/v8-m.main+fp/hard/libcr_c.a(memset.o)
 .debug_loc     0x00001b43      0x18f /usr/local/mcuxpressoide-11.10.0_3148/ide/plugins/com.nxp.mcuxpresso.tools.linux_11.10.0.202311280810/tools/bin/../lib/gcc/arm-none-eabi/13.2.1/../../../../arm-none-eabi/lib/thumb/v8-m.main+fp/hard/libcr_c.a(_deferredlazyseek.o)
 .debug_loc     0x00001cd2       0xfa /usr/local/mcuxpressoide-11.10.0_3148/ide/plugins/com.nxp.mcuxpresso.tools.linux_11.10.0.202311280810/tools/bin/../lib/gcc/arm-none-eabi/13.2.1/../../../../arm-none-eabi/lib/thumb/v8-m.main+fp/hard/libcr_c.a(_fflush.o)
 .debug_loc     0x00001dcc      0x12b /usr/local/mcuxpressoide-11.10.0_3148/ide/plugins/com.nxp.mcuxpresso.tools.linux_11.10.0.202311280810/tools/bin/../lib/gcc/arm-none-eabi/13.2.1/../../../../arm-none-eabi/lib/thumb/v8-m.main+fp/hard/libcr_c.a(_writebuf.o)
 .debug_loc     0x00001ef7      0x8a8 /usr/local/mcuxpressoide-11.10.0_3148/ide/plugins/com.nxp.mcuxpresso.tools.linux_11.10.0.202311280810/tools/bin/../lib/gcc/arm-none-eabi/13.2.1/../../../../arm-none-eabi/lib/thumb/v8-m.main+fp/hard/libcr_c.a(alloc.o)
 .debug_loc     0x0000279f       0x75 /usr/local/mcuxpressoide-11.10.0_3148/ide/plugins/com.nxp.mcuxpresso.tools.linux_11.10.0.202311280810/tools/bin/../lib/gcc/arm-none-eabi/13.2.1/../../../../arm-none-eabi/lib/thumb/v8-m.main+fp/hard/libcr_c.a(fputs.o)
 .debug_loc     0x00002814       0xfb /usr/local/mcuxpressoide-11.10.0_3148/ide/plugins/com.nxp.mcuxpresso.tools.linux_11.10.0.202311280810/tools/bin/../lib/gcc/arm-none-eabi/13.2.1/../../../../arm-none-eabi/lib/thumb/v8-m.main+fp/hard/libcr_c.a(fseek.o)
 .debug_loc     0x0000290f       0xb7 /usr/local/mcuxpressoide-11.10.0_3148/ide/plugins/com.nxp.mcuxpresso.tools.linux_11.10.0.202311280810/tools/bin/../lib/gcc/arm-none-eabi/13.2.1/../../../../arm-none-eabi/lib/thumb/v8-m.main+fp/hard/libcr_c.a(ftell.o)
 .debug_loc     0x000029c6       0x68 /usr/local/mcuxpressoide-11.10.0_3148/ide/plugins/com.nxp.mcuxpresso.tools.linux_11.10.0.202311280810/tools/bin/../lib/gcc/arm-none-eabi/13.2.1/../../../../arm-none-eabi/lib/thumb/v8-m.main+fp/hard/libcr_c.a(initio.o)
 .debug_loc     0x00002a2e     0x1b0d /usr/local/mcuxpressoide-11.10.0_3148/ide/plugins/com.nxp.mcuxpresso.tools.linux_11.10.0.202311280810/tools/bin/../lib/gcc/arm-none-eabi/13.2.1/../../../../arm-none-eabi/lib/thumb/v8-m.main+fp/hard/libcr_c.a(printf.o)
 .debug_loc     0x0000453b      0x11e /usr/local/mcuxpressoide-11.10.0_3148/ide/plugins/com.nxp.mcuxpresso.tools.linux_11.10.0.202311280810/tools/bin/../lib/gcc/arm-none-eabi/13.2.1/../../../../arm-none-eabi/lib/thumb/v8-m.main+fp/hard/libcr_c.a(setvbuf.o)
 .debug_loc     0x00004659       0xe1 /usr/local/mcuxpressoide-11.10.0_3148/ide/plugins/com.nxp.mcuxpresso.tools.linux_11.10.0.202311280810/tools/bin/../lib/gcc/arm-none-eabi/13.2.1/../../../../arm-none-eabi/lib/thumb/v8-m.main+fp/hard/libcr_c.a(strlen.o)
 .debug_loc     0x0000473a       0x62 /usr/local/mcuxpressoide-11.10.0_3148/ide/plugins/com.nxp.mcuxpresso.tools.linux_11.10.0.202311280810/tools/bin/../lib/gcc/arm-none-eabi/13.2.1/../../../../arm-none-eabi/lib/thumb/v8-m.main+fp/hard/libcr_c.a(_cr_sbrk.o)
 .debug_loc     0x0000479c      0x12d /usr/local/mcuxpressoide-11.10.0_3148/ide/plugins/com.nxp.mcuxpresso.tools.linux_11.10.0.202311280810/tools/bin/../lib/gcc/arm-none-eabi/13.2.1/../../../../arm-none-eabi/lib/thumb/v8-m.main+fp/hard/libcr_c.a(_fdopen.o)
 .debug_loc     0x000048c9       0x73 /usr/local/mcuxpressoide-11.10.0_3148/ide/plugins/com.nxp.mcuxpresso.tools.linux_11.10.0.202311280810/tools/bin/../lib/gcc/arm-none-eabi/13.2.1/../../../../arm-none-eabi/lib/thumb/v8-m.main+fp/hard/libcr_c.a(fclose.o)
 .debug_loc     0x0000493c       0xae /usr/local/mcuxpressoide-11.10.0_3148/ide/plugins/com.nxp.mcuxpresso.tools.linux_11.10.0.202311280810/tools/bin/../lib/gcc/arm-none-eabi/13.2.1/../../../../arm-none-eabi/lib/thumb/v8-m.main+fp/hard/libcr_c.a(fflush.o)
 .debug_loc     0x000049ea       0xcd /usr/local/mcuxpressoide-11.10.0_3148/ide/plugins/com.nxp.mcuxpresso.tools.linux_11.10.0.202311280810/tools/bin/../lib/gcc/arm-none-eabi/13.2.1/../../../../arm-none-eabi/lib/thumb/v8-m.main+fp/hard/libcr_c.a(remove.o)
 .debug_loc     0x00004ab7       0x4e /usr/local/mcuxpressoide-11.10.0_3148/ide/plugins/com.nxp.mcuxpresso.tools.linux_11.10.0.202311280810/tools/bin/../lib/gcc/arm-none-eabi/13.2.1/../../../../arm-none-eabi/lib/thumb/v8-m.main+fp/hard/libcr_c.a(_cr_check_heap.o)
 .debug_loc     0x00004b05       0x73 /usr/local/mcuxpressoide-11.10.0_3148/ide/plugins/com.nxp.mcuxpresso.tools.linux_11.10.0.202311280810/tools/bin/../lib/gcc/arm-none-eabi/13.2.1/../../../../arm-none-eabi/lib/thumb/v8-m.main+fp/hard/libcr_c.a(_do_fflush.o)

.debug_aranges  0x00000000      0xe70
 .debug_aranges
                0x00000000      0x268 ./startup/startup_lpc55s69_cm33_core0.o
 .debug_aranges
                0x00000268       0x20 ./source/semihost_hardfault.o
 .debug_aranges
                0x00000288       0x30 ./source/sen_cm33_lab3_i2c.o
 .debug_aranges
                0x000002b8      0x220 ./drivers/fsl_clock.o
 .debug_aranges
                0x000004d8       0x38 ./drivers/fsl_common.o
 .debug_aranges
                0x00000510       0x90 ./drivers/fsl_flexcomm.o
 .debug_aranges
                0x000005a0      0x190 ./drivers/fsl_i2c.o
 .debug_aranges
                0x00000730       0x40 ./drivers/fsl_inputmux.o
 .debug_aranges
                0x00000770      0x118 ./drivers/fsl_pint.o
 .debug_aranges
                0x00000888       0x30 ./drivers/fsl_reset.o
 .debug_aranges
                0x000008b8       0x88 ./device/system_LPC55S69_cm33_core0.o
 .debug_aranges
                0x00000940       0x40 ./component/mma8652fc.o
 .debug_aranges
                0x00000980       0x30 ./board/board.o
 .debug_aranges
                0x000009b0       0x50 ./board/clock_config.o
 .debug_aranges
                0x00000a00       0x30 ./board/peripherals.o
 .debug_aranges
                0x00000a30       0x38 ./board/pin_mux.o
 .debug_aranges
                0x00000a68       0x90 /home/mohamed/apps/MCUXpresso_11.10.0_3148/workspace/sen_cm33_lab3_i2c/libs/libpower_hardabi.a(fsl_power_lib.o)
 .debug_aranges
                0x00000af8       0x20 /usr/local/mcuxpressoide-11.10.0_3148/ide/plugins/com.nxp.mcuxpresso.tools.linux_11.10.0.202311280810/tools/bin/../lib/gcc/arm-none-eabi/13.2.1/../../../../arm-none-eabi/lib/thumb/v8-m.main+fp/hard/libcr_semihost_nf.a(_cr__main.o)
 .debug_aranges
                0x00000b18       0x20 /usr/local/mcuxpressoide-11.10.0_3148/ide/plugins/com.nxp.mcuxpresso.tools.linux_11.10.0.202311280810/tools/bin/../lib/gcc/arm-none-eabi/13.2.1/../../../../arm-none-eabi/lib/thumb/v8-m.main+fp/hard/libcr_semihost_nf.a(_cr_assert.o)
 .debug_aranges
                0x00000b38       0x18 /usr/local/mcuxpressoide-11.10.0_3148/ide/plugins/com.nxp.mcuxpresso.tools.linux_11.10.0.202311280810/tools/bin/../lib/gcc/arm-none-eabi/13.2.1/../../../../arm-none-eabi/lib/thumb/v8-m.main+fp/hard/libcr_semihost_nf.a(__ciob.o)
 .debug_aranges
                0x00000b50       0x20 /usr/local/mcuxpressoide-11.10.0_3148/ide/plugins/com.nxp.mcuxpresso.tools.linux_11.10.0.202311280810/tools/bin/../lib/gcc/arm-none-eabi/13.2.1/../../../../arm-none-eabi/lib/thumb/v8-m.main+fp/hard/libcr_c.a(memset.o)
 .debug_aranges
                0x00000b70       0x28 /usr/local/mcuxpressoide-11.10.0_3148/ide/plugins/com.nxp.mcuxpresso.tools.linux_11.10.0.202311280810/tools/bin/../lib/gcc/arm-none-eabi/13.2.1/../../../../arm-none-eabi/lib/thumb/v8-m.main+fp/hard/libcr_c.a(_deferredlazyseek.o)
 .debug_aranges
                0x00000b98       0x20 /usr/local/mcuxpressoide-11.10.0_3148/ide/plugins/com.nxp.mcuxpresso.tools.linux_11.10.0.202311280810/tools/bin/../lib/gcc/arm-none-eabi/13.2.1/../../../../arm-none-eabi/lib/thumb/v8-m.main+fp/hard/libcr_c.a(_fflush.o)
 .debug_aranges
                0x00000bb8       0x20 /usr/local/mcuxpressoide-11.10.0_3148/ide/plugins/com.nxp.mcuxpresso.tools.linux_11.10.0.202311280810/tools/bin/../lib/gcc/arm-none-eabi/13.2.1/../../../../arm-none-eabi/lib/thumb/v8-m.main+fp/hard/libcr_c.a(_writebuf.o)
 .debug_aranges
                0x00000bd8       0x40 /usr/local/mcuxpressoide-11.10.0_3148/ide/plugins/com.nxp.mcuxpresso.tools.linux_11.10.0.202311280810/tools/bin/../lib/gcc/arm-none-eabi/13.2.1/../../../../arm-none-eabi/lib/thumb/v8-m.main+fp/hard/libcr_c.a(alloc.o)
 .debug_aranges
                0x00000c18       0x20 /usr/local/mcuxpressoide-11.10.0_3148/ide/plugins/com.nxp.mcuxpresso.tools.linux_11.10.0.202311280810/tools/bin/../lib/gcc/arm-none-eabi/13.2.1/../../../../arm-none-eabi/lib/thumb/v8-m.main+fp/hard/libcr_c.a(fputs.o)
 .debug_aranges
                0x00000c38       0x20 /usr/local/mcuxpressoide-11.10.0_3148/ide/plugins/com.nxp.mcuxpresso.tools.linux_11.10.0.202311280810/tools/bin/../lib/gcc/arm-none-eabi/13.2.1/../../../../arm-none-eabi/lib/thumb/v8-m.main+fp/hard/libcr_c.a(fseek.o)
 .debug_aranges
                0x00000c58       0x20 /usr/local/mcuxpressoide-11.10.0_3148/ide/plugins/com.nxp.mcuxpresso.tools.linux_11.10.0.202311280810/tools/bin/../lib/gcc/arm-none-eabi/13.2.1/../../../../arm-none-eabi/lib/thumb/v8-m.main+fp/hard/libcr_c.a(ftell.o)
 .debug_aranges
                0x00000c78       0x28 /usr/local/mcuxpressoide-11.10.0_3148/ide/plugins/com.nxp.mcuxpresso.tools.linux_11.10.0.202311280810/tools/bin/../lib/gcc/arm-none-eabi/13.2.1/../../../../arm-none-eabi/lib/thumb/v8-m.main+fp/hard/libcr_c.a(initio.o)
 .debug_aranges
                0x00000ca0       0x70 /usr/local/mcuxpressoide-11.10.0_3148/ide/plugins/com.nxp.mcuxpresso.tools.linux_11.10.0.202311280810/tools/bin/../lib/gcc/arm-none-eabi/13.2.1/../../../../arm-none-eabi/lib/thumb/v8-m.main+fp/hard/libcr_c.a(printf.o)
 .debug_aranges
                0x00000d10       0x20 /usr/local/mcuxpressoide-11.10.0_3148/ide/plugins/com.nxp.mcuxpresso.tools.linux_11.10.0.202311280810/tools/bin/../lib/gcc/arm-none-eabi/13.2.1/../../../../arm-none-eabi/lib/thumb/v8-m.main+fp/hard/libcr_c.a(setvbuf.o)
 .debug_aranges
                0x00000d30       0x20 /usr/local/mcuxpressoide-11.10.0_3148/ide/plugins/com.nxp.mcuxpresso.tools.linux_11.10.0.202311280810/tools/bin/../lib/gcc/arm-none-eabi/13.2.1/../../../../arm-none-eabi/lib/thumb/v8-m.main+fp/hard/libcr_c.a(strlen.o)
 .debug_aranges
                0x00000d50       0x20 /usr/local/mcuxpressoide-11.10.0_3148/ide/plugins/com.nxp.mcuxpresso.tools.linux_11.10.0.202311280810/tools/bin/../lib/gcc/arm-none-eabi/13.2.1/../../../../arm-none-eabi/lib/thumb/v8-m.main+fp/hard/libcr_c.a(__init_alloc.o)
 .debug_aranges
                0x00000d70       0x20 /usr/local/mcuxpressoide-11.10.0_3148/ide/plugins/com.nxp.mcuxpresso.tools.linux_11.10.0.202311280810/tools/bin/../lib/gcc/arm-none-eabi/13.2.1/../../../../arm-none-eabi/lib/thumb/v8-m.main+fp/hard/libcr_c.a(_cr_sbrk.o)
 .debug_aranges
                0x00000d90       0x20 /usr/local/mcuxpressoide-11.10.0_3148/ide/plugins/com.nxp.mcuxpresso.tools.linux_11.10.0.202311280810/tools/bin/../lib/gcc/arm-none-eabi/13.2.1/../../../../arm-none-eabi/lib/thumb/v8-m.main+fp/hard/libcr_c.a(_fdopen.o)
 .debug_aranges
                0x00000db0       0x18 /usr/local/mcuxpressoide-11.10.0_3148/ide/plugins/com.nxp.mcuxpresso.tools.linux_11.10.0.202311280810/tools/bin/../lib/gcc/arm-none-eabi/13.2.1/../../../../arm-none-eabi/lib/thumb/v8-m.main+fp/hard/libcr_c.a(errno.o)
 .debug_aranges
                0x00000dc8       0x20 /usr/local/mcuxpressoide-11.10.0_3148/ide/plugins/com.nxp.mcuxpresso.tools.linux_11.10.0.202311280810/tools/bin/../lib/gcc/arm-none-eabi/13.2.1/../../../../arm-none-eabi/lib/thumb/v8-m.main+fp/hard/libcr_c.a(fclose.o)
 .debug_aranges
                0x00000de8       0x20 /usr/local/mcuxpressoide-11.10.0_3148/ide/plugins/com.nxp.mcuxpresso.tools.linux_11.10.0.202311280810/tools/bin/../lib/gcc/arm-none-eabi/13.2.1/../../../../arm-none-eabi/lib/thumb/v8-m.main+fp/hard/libcr_c.a(fflush.o)
 .debug_aranges
                0x00000e08       0x28 /usr/local/mcuxpressoide-11.10.0_3148/ide/plugins/com.nxp.mcuxpresso.tools.linux_11.10.0.202311280810/tools/bin/../lib/gcc/arm-none-eabi/13.2.1/../../../../arm-none-eabi/lib/thumb/v8-m.main+fp/hard/libcr_c.a(remove.o)
 .debug_aranges
                0x00000e30       0x20 /usr/local/mcuxpressoide-11.10.0_3148/ide/plugins/com.nxp.mcuxpresso.tools.linux_11.10.0.202311280810/tools/bin/../lib/gcc/arm-none-eabi/13.2.1/../../../../arm-none-eabi/lib/thumb/v8-m.main+fp/hard/libcr_c.a(_cr_check_heap.o)
 .debug_aranges
                0x00000e50       0x20 /usr/local/mcuxpressoide-11.10.0_3148/ide/plugins/com.nxp.mcuxpresso.tools.linux_11.10.0.202311280810/tools/bin/../lib/gcc/arm-none-eabi/13.2.1/../../../../arm-none-eabi/lib/thumb/v8-m.main+fp/hard/libcr_c.a(_do_fflush.o)

.debug_ranges   0x00000000      0xf90
 .debug_ranges  0x00000000      0x258 ./startup/startup_lpc55s69_cm33_core0.o
 .debug_ranges  0x00000258       0x10 ./source/semihost_hardfault.o
 .debug_ranges  0x00000268       0x20 ./source/sen_cm33_lab3_i2c.o
 .debug_ranges  0x00000288      0x210 ./drivers/fsl_clock.o
 .debug_ranges  0x00000498       0x28 ./drivers/fsl_common.o
 .debug_ranges  0x000004c0       0x80 ./drivers/fsl_flexcomm.o
 .debug_ranges  0x00000540      0x1c8 ./drivers/fsl_i2c.o
 .debug_ranges  0x00000708       0x30 ./drivers/fsl_inputmux.o
 .debug_ranges  0x00000738      0x108 ./drivers/fsl_pint.o
 .debug_ranges  0x00000840       0x20 ./drivers/fsl_reset.o
 .debug_ranges  0x00000860       0x78 ./device/system_LPC55S69_cm33_core0.o
 .debug_ranges  0x000008d8       0x30 ./component/mma8652fc.o
 .debug_ranges  0x00000908       0x20 ./board/board.o
 .debug_ranges  0x00000928       0x40 ./board/clock_config.o
 .debug_ranges  0x00000968       0x20 ./board/peripherals.o
 .debug_ranges  0x00000988       0x28 ./board/pin_mux.o
 .debug_ranges  0x000009b0      0x1e8 /home/mohamed/apps/MCUXpresso_11.10.0_3148/workspace/sen_cm33_lab3_i2c/libs/libpower_hardabi.a(fsl_power_lib.o)
 .debug_ranges  0x00000b98       0x10 /usr/local/mcuxpressoide-11.10.0_3148/ide/plugins/com.nxp.mcuxpresso.tools.linux_11.10.0.202311280810/tools/bin/../lib/gcc/arm-none-eabi/13.2.1/../../../../arm-none-eabi/lib/thumb/v8-m.main+fp/hard/libcr_semihost_nf.a(_cr__main.o)
 .debug_ranges  0x00000ba8       0x10 /usr/local/mcuxpressoide-11.10.0_3148/ide/plugins/com.nxp.mcuxpresso.tools.linux_11.10.0.202311280810/tools/bin/../lib/gcc/arm-none-eabi/13.2.1/../../../../arm-none-eabi/lib/thumb/v8-m.main+fp/hard/libcr_semihost_nf.a(_cr_assert.o)
 .debug_ranges  0x00000bb8       0x10 /usr/local/mcuxpressoide-11.10.0_3148/ide/plugins/com.nxp.mcuxpresso.tools.linux_11.10.0.202311280810/tools/bin/../lib/gcc/arm-none-eabi/13.2.1/../../../../arm-none-eabi/lib/thumb/v8-m.main+fp/hard/libcr_c.a(memset.o)
 .debug_ranges  0x00000bc8       0x30 /usr/local/mcuxpressoide-11.10.0_3148/ide/plugins/com.nxp.mcuxpresso.tools.linux_11.10.0.202311280810/tools/bin/../lib/gcc/arm-none-eabi/13.2.1/../../../../arm-none-eabi/lib/thumb/v8-m.main+fp/hard/libcr_c.a(_deferredlazyseek.o)
 .debug_ranges  0x00000bf8       0x10 /usr/local/mcuxpressoide-11.10.0_3148/ide/plugins/com.nxp.mcuxpresso.tools.linux_11.10.0.202311280810/tools/bin/../lib/gcc/arm-none-eabi/13.2.1/../../../../arm-none-eabi/lib/thumb/v8-m.main+fp/hard/libcr_c.a(_fflush.o)
 .debug_ranges  0x00000c08       0x10 /usr/local/mcuxpressoide-11.10.0_3148/ide/plugins/com.nxp.mcuxpresso.tools.linux_11.10.0.202311280810/tools/bin/../lib/gcc/arm-none-eabi/13.2.1/../../../../arm-none-eabi/lib/thumb/v8-m.main+fp/hard/libcr_c.a(_writebuf.o)
 .debug_ranges  0x00000c18       0x48 /usr/local/mcuxpressoide-11.10.0_3148/ide/plugins/com.nxp.mcuxpresso.tools.linux_11.10.0.202311280810/tools/bin/../lib/gcc/arm-none-eabi/13.2.1/../../../../arm-none-eabi/lib/thumb/v8-m.main+fp/hard/libcr_c.a(alloc.o)