Archive member included to satisfy reference by file (symbol)

/usr/local/mcuxpressoide-11.10.0_3148/ide/plugins/com.nxp.mcuxpresso.tools.linux_11.10.0.202311280810/tools/bin/../lib/gcc/arm-none-eabi/13.2.1/../../../../arm-none-eabi/lib/thumb/v8-m.main/nofp/libcr_nohost_nf.a(_cr__main.o)
                              ./startup/startup_lpc55s69_cm33_core1.o (__main)
/usr/local/mcuxpressoide-11.10.0_3148/ide/plugins/com.nxp.mcuxpresso.tools.linux_11.10.0.202311280810/tools/bin/../lib/gcc/arm-none-eabi/13.2.1/../../../../arm-none-eabi/lib/thumb/v8-m.main/nofp/libcr_c.a(memset.o)
                              ./drivers/fsl_clock.o (memset)
/usr/local/mcuxpressoide-11.10.0_3148/ide/plugins/com.nxp.mcuxpresso.tools.linux_11.10.0.202311280810/tools/bin/../lib/gcc/arm-none-eabi/13.2.1/../../../../arm-none-eabi/lib/thumb/v8-m.main/nofp/libcr_c.a(alloc.o)
                              ./drivers/fsl_common.o (malloc)
/usr/local/mcuxpressoide-11.10.0_3148/ide/plugins/com.nxp.mcuxpresso.tools.linux_11.10.0.202311280810/tools/bin/../lib/gcc/arm-none-eabi/13.2.1/../../../../arm-none-eabi/lib/thumb/v8-m.main/nofp/libcr_c.a(errno.o)
                              ./utilities/fsl_str.o (errno)
/usr/local/mcuxpressoide-11.10.0_3148/ide/plugins/com.nxp.mcuxpresso.tools.linux_11.10.0.202311280810/tools/bin/../lib/gcc/arm-none-eabi/13.2.1/../../../../arm-none-eabi/lib/thumb/v8-m.main/nofp/libcr_c.a(initio.o)
                              /usr/local/mcuxpressoide-11.10.0_3148/ide/plugins/com.nxp.mcuxpresso.tools.linux_11.10.0.202311280810/tools/bin/../lib/gcc/arm-none-eabi/13.2.1/../../../../arm-none-eabi/lib/thumb/v8-m.main/nofp/libcr_nohost_nf.a(_cr__main.o) (_initio)
/usr/local/mcuxpressoide-11.10.0_3148/ide/plugins/com.nxp.mcuxpresso.tools.linux_11.10.0.202311280810/tools/bin/../lib/gcc/arm-none-eabi/13.2.1/../../../../arm-none-eabi/lib/thumb/v8-m.main/nofp/libcr_c.a(scanf.o)
                              ./utilities/fsl_str.o (strtoul)
/usr/local/mcuxpressoide-11.10.0_3148/ide/plugins/com.nxp.mcuxpresso.tools.linux_11.10.0.202311280810/tools/bin/../lib/gcc/arm-none-eabi/13.2.1/../../../../arm-none-eabi/lib/thumb/v8-m.main/nofp/libcr_c.a(setvbuf.o)
                              /usr/local/mcuxpressoide-11.10.0_3148/ide/plugins/com.nxp.mcuxpresso.tools.linux_11.10.0.202311280810/tools/bin/../lib/gcc/arm-none-eabi/13.2.1/../../../../arm-none-eabi/lib/thumb/v8-m.main/nofp/libcr_c.a(initio.o) (setvbuf)
/usr/local/mcuxpressoide-11.10.0_3148/ide/plugins/com.nxp.mcuxpresso.tools.linux_11.10.0.202311280810/tools/bin/../lib/gcc/arm-none-eabi/13.2.1/../../../../arm-none-eabi/lib/thumb/v8-m.main/nofp/libcr_c.a(strlen.o)
                              ./utilities/fsl_debug_console.o (strlen)
/usr/local/mcuxpressoide-11.10.0_3148/ide/plugins/com.nxp.mcuxpresso.tools.linux_11.10.0.202311280810/tools/bin/../lib/gcc/arm-none-eabi/13.2.1/../../../../arm-none-eabi/lib/thumb/v8-m.main/nofp/libcr_c.a(ungetc.o)
                              /usr/local/mcuxpressoide-11.10.0_3148/ide/plugins/com.nxp.mcuxpresso.tools.linux_11.10.0.202311280810/tools/bin/../lib/gcc/arm-none-eabi/13.2.1/../../../../arm-none-eabi/lib/thumb/v8-m.main/nofp/libcr_c.a(scanf.o) (ungetc)
/usr/local/mcuxpressoide-11.10.0_3148/ide/plugins/com.nxp.mcuxpresso.tools.linux_11.10.0.202311280810/tools/bin/../lib/gcc/arm-none-eabi/13.2.1/../../../../arm-none-eabi/lib/thumb/v8-m.main/nofp/libcr_c.a(__fillbuf.o)
                              /usr/local/mcuxpressoide-11.10.0_3148/ide/plugins/com.nxp.mcuxpresso.tools.linux_11.10.0.202311280810/tools/bin/../lib/gcc/arm-none-eabi/13.2.1/../../../../arm-none-eabi/lib/thumb/v8-m.main/nofp/libcr_c.a(scanf.o) (__filbuf)
/usr/local/mcuxpressoide-11.10.0_3148/ide/plugins/com.nxp.mcuxpresso.tools.linux_11.10.0.202311280810/tools/bin/../lib/gcc/arm-none-eabi/13.2.1/../../../../arm-none-eabi/lib/thumb/v8-m.main/nofp/libcr_c.a(__init_alloc.o)
                              /usr/local/mcuxpressoide-11.10.0_3148/ide/plugins/com.nxp.mcuxpresso.tools.linux_11.10.0.202311280810/tools/bin/../lib/gcc/arm-none-eabi/13.2.1/../../../../arm-none-eabi/lib/thumb/v8-m.main/nofp/libcr_c.a(alloc.o) (__heaps)
/usr/local/mcuxpressoide-11.10.0_3148/ide/plugins/com.nxp.mcuxpresso.tools.linux_11.10.0.202311280810/tools/bin/../lib/gcc/arm-none-eabi/13.2.1/../../../../arm-none-eabi/lib/thumb/v8-m.main/nofp/libcr_c.a(_cr_sbrk.o)
                              /usr/local/mcuxpressoide-11.10.0_3148/ide/plugins/com.nxp.mcuxpresso.tools.linux_11.10.0.202311280810/tools/bin/../lib/gcc/arm-none-eabi/13.2.1/../../../../arm-none-eabi/lib/thumb/v8-m.main/nofp/libcr_c.a(alloc.o) (_sbrk)
/usr/local/mcuxpressoide-11.10.0_3148/ide/plugins/com.nxp.mcuxpresso.tools.linux_11.10.0.202311280810/tools/bin/../lib/gcc/arm-none-eabi/13.2.1/../../../../arm-none-eabi/lib/thumb/v8-m.main/nofp/libcr_c.a(_deferredlazyseek.o)
[...]
Memory Configuration

Name             Origin             Length             Attributes
Ram1             0x20030000         0x0000c000         xrw
shmem            0x2003c000         0x00004000         xrw
*default*        0x00000000         0xffffffff

Linker script and memory map

LOAD ./utilities/fsl_assert.o
LOAD ./utilities/fsl_debug_console.o
LOAD ./utilities/fsl_memcpy.o
LOAD ./utilities/fsl_str.o
LOAD ./startup/boot_multicore_slave.o
LOAD ./startup/startup_lpc55s69_cm33_core1.o
LOAD ./source/main_core1.o
LOAD ./source/semihost_hardfault.o
LOAD ./lcd/fonts/fixed12.o
LOAD ./lcd/fonts/fixed16.o
LOAD ./lcd/fonts/fixed20.o
LOAD ./lcd/fonts/fixed24.o
LOAD ./lcd/fonts/fixed8.o
LOAD ./lcd/fsl_ili9341.o
LOAD ./lcd/lcd.o
LOAD ./lcd/lcd_dpy.o
LOAD ./lcd/lcd_private.o
LOAD ./lcd/lcd_ts.o
LOAD ./drivers/fsl_clock.o
LOAD ./drivers/fsl_common.o
LOAD ./drivers/fsl_common_arm.o
LOAD ./drivers/fsl_ctimer.o
LOAD ./drivers/fsl_dma.o
LOAD ./drivers/fsl_flexcomm.o
LOAD ./drivers/fsl_gpio.o
LOAD ./drivers/fsl_i2c.o
LOAD ./drivers/fsl_i2s.o
LOAD ./drivers/fsl_i2s_dma.o
LOAD ./drivers/fsl_inputmux.o
LOAD ./drivers/fsl_power.o
LOAD ./drivers/fsl_powerquad_basic.o
LOAD ./drivers/fsl_powerquad_data.o
LOAD ./drivers/fsl_powerquad_filter.o
LOAD ./drivers/fsl_powerquad_math.o
LOAD ./drivers/fsl_powerquad_matrix.o
LOAD ./drivers/fsl_powerquad_transform.o
LOAD ./drivers/fsl_reset.o
LOAD ./drivers/fsl_sdif.o
LOAD ./drivers/fsl_spi.o
LOAD ./drivers/fsl_sysctl.o
LOAD ./drivers/fsl_usart.o
LOAD ./device/system_LPC55S69_cm33_core1.o
LOAD ./component/uart/fsl_adapter_usart.o
LOAD ./component/lists/fsl_component_generic_list.o
LOAD ./board/board.o
LOAD ./board/clock_config.o
LOAD ./board/pin_mux.o
START GROUP
LOAD /usr/local/mcuxpressoide-11.10.0_3148/ide/plugins/com.nxp.mcuxpresso.tools.linux_11.10.0.202311280810/tools/bin/../lib/gcc/arm-none-eabi/13.2.1/../../../../arm-none-eabi/lib/thumb/v8-m.main/nofp/libcr_nohost_nf.a
LOAD /usr/local/mcuxpressoide-11.10.0_3148/ide/plugins/com.nxp.mcuxpresso.tools.linux_11.10.0.202311280810/tools/bin/../lib/gcc/arm-none-eabi/13.2.1/../../../../arm-none-eabi/lib/thumb/v8-m.main/nofp/libcr_c.a
LOAD /usr/local/mcuxpressoide-11.10.0_3148/ide/plugins/com.nxp.mcuxpresso.tools.linux_11.10.0.202311280810/tools/bin/../lib/gcc/arm-none-eabi/13.2.1/thumb/v8-m.main/nofp/libcr_eabihelpers.a
LOAD /usr/local/mcuxpressoide-11.10.0_3148/ide/plugins/com.nxp.mcuxpresso.tools.linux_11.10.0.202311280810/tools/bin/../lib/gcc/arm-none-eabi/13.2.1/thumb/v8-m.main/nofp/libgcc.a
END GROUP
                0x20030000                        __base_Ram1 = 0x20030000
                0x20030000                        __base_RAM = 0x20030000
                0x2003c000                        __top_Ram1 = 0x2003c000
                0x2003c000                        __top_RAM = 0x2003c000
                0x2003c000                        __base_shmem = 0x2003c000
                0x2003c000                        __base_RAM2 = 0x2003c000
                0x20040000                        __top_shmem = 0x20040000
                0x20040000                        __top_RAM2 = 0x20040000

.text           0x20030000     0x4e78
 FILL mask 0xff
                0x20030000                        __vectors_start__ = ABSOLUTE (.)
 *(SORT_BY_ALIGNMENT(.isr_vector))
 .isr_vector    0x20030000      0x130 ./startup/startup_lpc55s69_cm33_core1.o
                0x20030000                __Vectors
                0x20030000                g_pfnVectors
                0x20030130                        . = ALIGN (0x4)
                0x20030130                        __section_table_start = .
                0x20030130                        __data_section_table = .
                0x20030130        0x4 LONG 0x20034e78 LOADADDR (.data)
                0x20030134        0x4 LONG 0x20034e78 ADDR (.data)
                0x20030138        0x4 LONG 0x3c SIZEOF (.data)
                0x2003013c        0x4 LONG 0x20034e78 LOADADDR (.data_RAM2)
                0x20030140        0x4 LONG 0x2003c000 ADDR (.data_RAM2)
                0x20030144        0x4 LONG 0x0 SIZEOF (.data_RAM2)
                0x20030148                        __data_section_table_end = .
                0x20030148                        __bss_section_table = .
                0x20030148        0x4 LONG 0x20034eb4 ADDR (.bss)
                0x2003014c        0x4 LONG 0x400 SIZEOF (.bss)
                0x20030150        0x4 LONG 0x2003c000 ADDR (.bss_RAM2)
                0x20030154        0x4 LONG 0x0 SIZEOF (.bss_RAM2)
                0x20030158                        __bss_section_table_end = .
                0x20030158                        __section_table_end = .
 *(SORT_BY_ALIGNMENT(.after_vectors*))
 .after_vectors.reset
                0x20030158       0x4c ./startup/startup_lpc55s69_cm33_core1.o
                0x20030158                ResetISR
 .after_vectors.init_data
                0x200301a4       0x1c ./startup/startup_lpc55s69_cm33_core1.o
                0x200301a4                data_init
 .after_vectors.init_bss
                0x200301c0       0x12 ./startup/startup_lpc55s69_cm33_core1.o
                0x200301c0                bss_init
 .after_vectors
                0x200301d2       0x16 ./startup/startup_lpc55s69_cm33_core1.o
                0x200301d2                NMI_Handler
                0x200301d6                MemManage_Handler
                0x200301d8                BusFault_Handler
                0x200301da                UsageFault_Handler
                0x200301dc                SecureFault_Handler
                0x200301de                SVC_Handler
                0x200301e0                DebugMon_Handler
                0x200301e2                PendSV_Handler
                0x200301e4                SysTick_Handler
                0x200301e6                Reserved39_DriverIRQHandler
                0x200301e6                Reserved42_DriverIRQHandler
                0x200301e6                SEC_VIO_DriverIRQHandler
                0x200301e6                PIN_INT3_DriverIRQHandler
                0x200301e6                PIN_INT2_DriverIRQHandler
                0x200301e6                Reserved56_DriverIRQHandler
                0x200301e6                PIN_INT0_DriverIRQHandler
                0x200301e6                IntDefaultHandler
                0x200301e6                USB0_DriverIRQHandler
                0x200301e6                CASER_DriverIRQHandler
                0x200301e6                MRT0_DriverIRQHandler
                0x200301e6                UTICK0_DriverIRQHandler
                0x200301e6                Reserved41_DriverIRQHandler
                0x200301e6                PIN_INT4_DriverIRQHandler
                0x200301e6                PIN_INT5_DriverIRQHandler
                0x200301e6                SEC_GPIO_INT0_IRQ0_DriverIRQHandler
                0x200301e6                GINT1_DriverIRQHandler
                0x200301e6                PIN_INT7_DriverIRQHandler
                0x200301e6                Reserved55_DriverIRQHandler
                0x200301e6                HASHCRYPT_DriverIRQHandler
                0x200301e6                USB0_NEEDCLK_DriverIRQHandler
                0x200301e6                PIN_INT6_DriverIRQHandler
                0x200301e6                PQ_DriverIRQHandler
                0x200301e6                MAILBOX_DriverIRQHandler
                0x200301e6                PIN_INT1_DriverIRQHandler
                0x200301e6                Reserved61_DriverIRQHandler
                0x200301e6                SEC_GPIO_INT0_IRQ1_DriverIRQHandler
                0x200301e6                PUF_DriverIRQHandler
                0x200301e6                RTC_DriverIRQHandler
                0x200301e6                USB1_DriverIRQHandler
                0x200301e6                Reserved60_DriverIRQHandler
                0x200301e6                ADC0_DriverIRQHandler
                0x200301e6                USB1_NEEDCLK_DriverIRQHandler
                0x200301e6                Reserved59_DriverIRQHandler
                0x200301e6                GINT0_DriverIRQHandler
                0x200301e6                USB1_PHY_DriverIRQHandler
                0x200301e6                ACMP_DriverIRQHandler
                0x200301e6                Reserved57_DriverIRQHandler
                0x200301e6                Reserved46_DriverIRQHandler
                0x200301e6                WDT_BOD_DriverIRQHandler
                0x200301e6                SCT0_DriverIRQHandler
                0x200301e6                PLU_DriverIRQHandler
                0x200301e6                OS_EVENT_DriverIRQHandler
                0x200301e6                SEC_HYPERVISOR_CALL_DriverIRQHandler
 *(SORT_BY_ALIGNMENT(.text*))
 .text.__assertion_failed
                0x200301e8       0x2c ./utilities/fsl_assert.o
                0x200301e8                __assertion_failed
 .text.DbgConsole_Vprintf
                0x20030214       0x3c ./utilities/fsl_debug_console.o
                0x20030214                DbgConsole_Vprintf
 .text.DbgConsole_Putchar
                0x20030250       0x30 ./utilities/fsl_debug_console.o
                0x20030250                DbgConsole_Putchar
 .text.DbgConsole_PrintfFormattedData
                0x20030280      0x3e0 ./utilities/fsl_debug_console.o
 .text          0x20030660       0xa0 ./utilities/fsl_memcpy.o
                0x20030660                memcpy
 .text.__NVIC_EnableIRQ
                0x20030700       0x38 ./source/main_core1.o
 .text.__NVIC_SetPriority
                0x20030738       0x54 ./source/main_core1.o
 .text.mb_init  0x2003078c       0x24 ./source/main_core1.o
                0x2003078c                mb_init
 .text.mb_pop_evt
                0x200307b0       0x24 ./source/main_core1.o
                0x200307b0                mb_pop_evt
 .text.mb_push_evt
                0x200307d4       0x3c ./source/main_core1.o
                0x200307d4                mb_push_evt
 .text.next_event
                0x20030810       0x78 ./source/main_core1.o
                0x20030810                next_event
 .text.MAILBOX_IRQHandler
                0x20030888       0x74 ./source/main_core1.o
                0x20030888                MAILBOX_IRQHandler
 .text.init_p   0x200308fc       0x20 ./source/main_core1.o
                0x200308fc                init_p
 .text.main     0x2003091c      0x7c8 ./source/main_core1.o
                0x2003091c                main
 .text.lcd_switch_to
                0x200310e4       0x5c ./lcd/lcd.o
                0x200310e4                lcd_switch_to
 .text.lcd_init
                0x20031140       0x38 ./lcd/lcd.o
                0x20031140                lcd_init
 .text.lcd_set_window
                0x20031178       0xec ./lcd/lcd_dpy.o
                0x20031178                lcd_set_window
 .text.lcd_clear_screen
                0x20031264       0x2c ./lcd/lcd_dpy.o
                0x20031264                lcd_clear_screen
 .text.lcd_get_default_DC
                0x20031290       0x2c ./lcd/lcd_dpy.o
                0x20031290                lcd_get_default_DC
 .text.lcd_fill_rect
                0x200312bc       0x90 ./lcd/lcd_dpy.o
                0x200312bc                lcd_fill_rect
 .text.lcd_draw_rect
                0x2003134c      0x120 ./lcd/lcd_dpy.o
                0x2003134c                lcd_draw_rect
 .text.lcd_clip
                0x2003146c       0x4c ./lcd/lcd_dpy.o
                0x2003146c                lcd_clip
 .text.lcd_unclip
                0x200314b8       0x18 ./lcd/lcd_dpy.o
                0x200314b8                lcd_unclip
 .text.rgn_code
                0x200314d0       0x78 ./lcd/lcd_dpy.o
 .text.lcd_line
                0x20031548      0x1bc ./lcd/lcd_dpy.o
                0x20031548                lcd_line
 .text.lcd_draw_raw_char
                0x20031704      0x1a0 ./lcd/lcd_dpy.o
 .text.lcd_draw_string
                0x200318a4      0x30c ./lcd/lcd_dpy.o
                0x200318a4                lcd_draw_string
 .text.lcd_dpy_init
                0x20031bb0      0x37c ./lcd/lcd_dpy.o
                0x20031bb0                lcd_dpy_init
 .text.CTIMER_GetInstance
                0x20031f2c       0x54 ./lcd/lcd_private.o
 .text.wait_ms  0x20031f80       0x88 ./lcd/lcd_private.o
                0x20031f80                wait_ms
 .text.lcd_pin_cfg
                0x20032008       0xf4 ./lcd/lcd_private.o
                0x20032008                lcd_pin_cfg
 .text.spi_update_cfg
                0x200320fc       0x94 ./lcd/lcd_private.o
                0x200320fc                spi_update_cfg
 .text.spi_master_init
                0x20032190       0xbc ./lcd/lcd_private.o
                0x20032190                spi_master_init
 .text.lcd_ts_write
                0x2003224c       0x50 ./lcd/lcd_ts.o
 .text.lcd_ts_read
                0x2003229c       0x58 ./lcd/lcd_ts.o
 .text.lcd_ts_read16
                0x200322f4       0x78 ./lcd/lcd_ts.o
 .text.lcd_ts_init
                0x2003236c       0x94 ./lcd/lcd_ts.o
                0x2003236c                lcd_ts_init
 .text.CLOCK_AttachClk
                0x20032400       0x9c ./drivers/fsl_clock.o
                0x20032400                CLOCK_AttachClk
 .text.CLOCK_GetFro12MFreq
                0x2003249c       0x28 ./drivers/fsl_clock.o
                0x2003249c                CLOCK_GetFro12MFreq
 .text.CLOCK_GetFro1MFreq
                0x200324c4       0x28 ./drivers/fsl_clock.o
                0x200324c4                CLOCK_GetFro1MFreq
 .text.CLOCK_GetExtClkFreq
                0x200324ec       0x28 ./drivers/fsl_clock.o
                0x200324ec                CLOCK_GetExtClkFreq
 .text.CLOCK_GetFroHfFreq
                0x20032514       0x28 ./drivers/fsl_clock.o
                0x20032514                CLOCK_GetFroHfFreq
 .text.CLOCK_GetPll0OutFreq
                0x2003253c       0x90 ./drivers/fsl_clock.o
                0x2003253c                CLOCK_GetPll0OutFreq
 .text.CLOCK_GetPll1OutFreq
                0x200325cc       0x8c ./drivers/fsl_clock.o
                0x200325cc                CLOCK_GetPll1OutFreq
 .text.CLOCK_GetOsc32KFreq
                0x20032658       0x58 ./drivers/fsl_clock.o
                0x20032658                CLOCK_GetOsc32KFreq
 .text.CLOCK_GetCoreSysClkFreq
                0x200326b0       0xa8 ./drivers/fsl_clock.o
                0x200326b0                CLOCK_GetCoreSysClkFreq
 .text.CLOCK_GetI2SMClkFreq
                0x20032758       0x14 ./drivers/fsl_clock.o
                0x20032758                CLOCK_GetI2SMClkFreq
 .text.CLOCK_GetFlexCommInputClock
                0x2003276c       0xbc ./drivers/fsl_clock.o
                0x2003276c                CLOCK_GetFlexCommInputClock
 .text.CLOCK_GetCTimerClkFreq
                0x20032828       0x90 ./drivers/fsl_clock.o
                0x20032828                CLOCK_GetCTimerClkFreq
 .text.CTIMER_GenericIRQHandler
                0x200328b8       0xb4 ./drivers/fsl_ctimer.o
 .text.DMA_GetInstance
                0x2003296c       0x4c ./drivers/fsl_dma.o
 .text.DMA_IRQHandle
                0x200329b8      0x1c4 ./drivers/fsl_dma.o
                0x200329b8                DMA_IRQHandle
 .text.DMA0_DriverIRQHandler
                0x20032b7c       0x14 ./drivers/fsl_dma.o
                0x20032b7c                DMA0_DriverIRQHandler
 .text.DMA1_DriverIRQHandler
                0x20032b90       0x14 ./drivers/fsl_dma.o
                0x20032b90                DMA1_DriverIRQHandler
 .text.FLEXCOMM_GetInstance
                0x20032ba4       0x50 ./drivers/fsl_flexcomm.o
                0x20032ba4                FLEXCOMM_GetInstance
 .text.FLEXCOMM_Init
                0x20032bf4       0x50 ./drivers/fsl_flexcomm.o
                0x20032bf4                FLEXCOMM_Init
 .text.FLEXCOMM0_DriverIRQHandler
                0x20032c44       0x5c ./drivers/fsl_flexcomm.o
                0x20032c44                FLEXCOMM0_DriverIRQHandler
 .text.FLEXCOMM1_DriverIRQHandler
                0x20032ca0       0x5c ./drivers/fsl_flexcomm.o
                0x20032ca0                FLEXCOMM1_DriverIRQHandler
 .text.FLEXCOMM2_DriverIRQHandler
                0x20032cfc       0x5c ./drivers/fsl_flexcomm.o
                0x20032cfc                FLEXCOMM2_DriverIRQHandler
 .text.FLEXCOMM3_DriverIRQHandler
                0x20032d58       0x5c ./drivers/fsl_flexcomm.o
                0x20032d58                FLEXCOMM3_DriverIRQHandler
 .text.FLEXCOMM4_DriverIRQHandler
                0x20032db4       0x5c ./drivers/fsl_flexcomm.o
                0x20032db4                FLEXCOMM4_DriverIRQHandler
 .text.FLEXCOMM5_DriverIRQHandler
                0x20032e10       0x5c ./drivers/fsl_flexcomm.o
                0x20032e10                FLEXCOMM5_DriverIRQHandler
 .text.FLEXCOMM6_DriverIRQHandler
                0x20032e6c       0x5c ./drivers/fsl_flexcomm.o
                0x20032e6c                FLEXCOMM6_DriverIRQHandler
 .text.FLEXCOMM7_DriverIRQHandler
                0x20032ec8       0x5c ./drivers/fsl_flexcomm.o
                0x20032ec8                FLEXCOMM7_DriverIRQHandler
 .text.FLEXCOMM8_DriverIRQHandler
                0x20032f24       0x5c ./drivers/fsl_flexcomm.o
                0x20032f24                FLEXCOMM8_DriverIRQHandler
 .text.GPIO_EnablePortClock
                0x20032f80       0x34 ./drivers/fsl_gpio.o
 .text.RESET_SetPeripheralReset
                0x20032fb4       0x5c ./drivers/fsl_reset.o
                0x20032fb4                RESET_SetPeripheralReset
 .text.RESET_ClearPeripheralReset
                0x20033010       0x60 ./drivers/fsl_reset.o
                0x20033010                RESET_ClearPeripheralReset
 .text.SDIO_DriverIRQHandler
                0x20033070       0x34 ./drivers/fsl_sdif.o
                0x20033070                SDIO_DriverIRQHandler
 .text.SystemInit
                0x200330a4       0x54 ./device/system_LPC55S69_cm33_core1.o
                0x200330a4                SystemInit
 .text._initio  0x200330f8       0x78 /usr/local/mcuxpressoide-11.10.0_3148/ide/plugins/com.nxp.mcuxpresso.tools.linux_11.10.0.202311280810/tools/bin/../lib/gcc/arm-none-eabi/13.2.1/../../../../arm-none-eabi/lib/thumb/v8-m.main/nofp/libcr_c.a(initio.o)
                0x200330f8                _initio
 .text._Cwritebuf
                0x20033170       0x6c /usr/local/mcuxpressoide-11.10.0_3148/ide/plugins/com.nxp.mcuxpresso.tools.linux_11.10.0.202311280810/tools/bin/../lib/gcc/arm-none-eabi/13.2.1/../../../../arm-none-eabi/lib/thumb/v8-m.main/nofp/libcr_c.a(_writebuf.o)
                0x20033170                _Cwritebuf
 .text.fflush   0x200331dc       0x3c /usr/local/mcuxpressoide-11.10.0_3148/ide/plugins/com.nxp.mcuxpresso.tools.linux_11.10.0.202311280810/tools/bin/../lib/gcc/arm-none-eabi/13.2.1/../../../../arm-none-eabi/lib/thumb/v8-m.main/nofp/libcr_c.a(fflush.o)
                0x200331dc                fflush
 .text.fseek    0x20033218       0xf8 /usr/local/mcuxpressoide-11.10.0_3148/ide/plugins/com.nxp.mcuxpresso.tools.linux_11.10.0.202311280810/tools/bin/../lib/gcc/arm-none-eabi/13.2.1/../../../../arm-none-eabi/lib/thumb/v8-m.main/nofp/libcr_c.a(fseek.o)
                0x20033218                fseek
 .text.ftell    0x20033310       0x44 /usr/local/mcuxpressoide-11.10.0_3148/ide/plugins/com.nxp.mcuxpresso.tools.linux_11.10.0.202311280810/tools/bin/../lib/gcc/arm-none-eabi/13.2.1/../../../../arm-none-eabi/lib/thumb/v8-m.main/nofp/libcr_c.a(ftell.o)
                0x20033310                ftell
 .text.fsl_assert_hook
                0x20033354       0x18 ./utilities/fsl_assert.o
                0x20033354                fsl_assert_hook
 .text.DbgConsole_Printf
                0x2003336c       0x2c ./utilities/fsl_debug_console.o
                0x2003336c                DbgConsole_Printf
 .text.DbgConsole_PrintfPaddingCharacter
                0x20033398       0x40 ./utilities/fsl_debug_console.o
 .text.DbgConsole_ConvertRadixNumToString
                0x200333d8       0xc0 ./utilities/fsl_debug_console.o
 .text.WDT_BOD_IRQHandler
                0x20033498        0x8 ./startup/startup_lpc55s69_cm33_core1.o
                0x20033498                WDT_BOD_IRQHandler
 .text.DMA0_IRQHandler
                0x200334a0        0x8 ./startup/startup_lpc55s69_cm33_core1.o
                0x200334a0                DMA0_IRQHandler
 .text.GINT0_IRQHandler
                0x200334a8        0x8 ./startup/startup_lpc55s69_cm33_core1.o
                0x200334a8                GINT0_IRQHandler
 .text.GINT1_IRQHandler
                0x200334b0        0x8 ./startup/startup_lpc55s69_cm33_core1.o
                0x200334b0                GINT1_IRQHandler
 .text.PIN_INT0_IRQHandler
                0x200334b8        0x8 ./startup/startup_lpc55s69_cm33_core1.o
                0x200334b8                PIN_INT0_IRQHandler
 .text.PIN_INT1_IRQHandler
                0x200334c0        0x8 ./startup/startup_lpc55s69_cm33_core1.o
                0x200334c0                PIN_INT1_IRQHandler
 .text.PIN_INT2_IRQHandler
                0x200334c8        0x8 ./startup/startup_lpc55s69_cm33_core1.o
                0x200334c8                PIN_INT2_IRQHandler
 .text.PIN_INT3_IRQHandler
                0x200334d0        0x8 ./startup/startup_lpc55s69_cm33_core1.o
                0x200334d0                PIN_INT3_IRQHandler
 .text.UTICK0_IRQHandler
                0x200334d8        0x8 ./startup/startup_lpc55s69_cm33_core1.o
                0x200334d8                UTICK0_IRQHandler
 .text.MRT0_IRQHandler
                0x200334e0        0x8 ./startup/startup_lpc55s69_cm33_core1.o
                0x200334e0                MRT0_IRQHandler
 .text.CTIMER0_IRQHandler
                0x200334e8        0x8 ./startup/startup_lpc55s69_cm33_core1.o
                0x200334e8                CTIMER0_IRQHandler
 .text.CTIMER1_IRQHandler
                0x200334f0        0x8 ./startup/startup_lpc55s69_cm33_core1.o
                0x200334f0                CTIMER1_IRQHandler
 .text.SCT0_IRQHandler
                0x200334f8        0x8 ./startup/startup_lpc55s69_cm33_core1.o
                0x200334f8                SCT0_IRQHandler
 .text.CTIMER3_IRQHandler
                0x20033500        0x8 ./startup/startup_lpc55s69_cm33_core1.o
                0x20033500                CTIMER3_IRQHandler
 .text.FLEXCOMM0_IRQHandler
                0x20033508        0x8 ./startup/startup_lpc55s69_cm33_core1.o
                0x20033508                FLEXCOMM0_IRQHandler
 .text.FLEXCOMM1_IRQHandler
                0x20033510        0x8 ./startup/startup_lpc55s69_cm33_core1.o
                0x20033510                FLEXCOMM1_IRQHandler
 .text.FLEXCOMM2_IRQHandler
                0x20033518        0x8 ./startup/startup_lpc55s69_cm33_core1.o
                0x20033518                FLEXCOMM2_IRQHandler
 .text.FLEXCOMM3_IRQHandler
                0x20033520        0x8 ./startup/startup_lpc55s69_cm33_core1.o
                0x20033520                FLEXCOMM3_IRQHandler
 .text.FLEXCOMM4_IRQHandler
                0x20033528        0x8 ./startup/startup_lpc55s69_cm33_core1.o
                0x20033528                FLEXCOMM4_IRQHandler
 .text.FLEXCOMM5_IRQHandler
                0x20033530        0x8 ./startup/startup_lpc55s69_cm33_core1.o
                0x20033530                FLEXCOMM5_IRQHandler
 .text.FLEXCOMM6_IRQHandler
                0x20033538        0x8 ./startup/startup_lpc55s69_cm33_core1.o
                0x20033538                FLEXCOMM6_IRQHandler
 .text.FLEXCOMM7_IRQHandler
                0x20033540        0x8 ./startup/startup_lpc55s69_cm33_core1.o
                0x20033540                FLEXCOMM7_IRQHandler
 .text.ADC0_IRQHandler
                0x20033548        0x8 ./startup/startup_lpc55s69_cm33_core1.o
                0x20033548                ADC0_IRQHandler
 .text.Reserved39_IRQHandler
                0x20033550        0x8 ./startup/startup_lpc55s69_cm33_core1.o
                0x20033550                Reserved39_IRQHandler
 .text.ACMP_IRQHandler
                0x20033558        0x8 ./startup/startup_lpc55s69_cm33_core1.o
                0x20033558                ACMP_IRQHandler
 .text.Reserved41_IRQHandler
                0x20033560        0x8 ./startup/startup_lpc55s69_cm33_core1.o
                0x20033560                Reserved41_IRQHandler
 .text.Reserved42_IRQHandler
                0x20033568        0x8 ./startup/startup_lpc55s69_cm33_core1.o
                0x20033568                Reserved42_IRQHandler
 .text.USB0_NEEDCLK_IRQHandler
                0x20033570        0x8 ./startup/startup_lpc55s69_cm33_core1.o
                0x20033570                USB0_NEEDCLK_IRQHandler
 .text.USB0_IRQHandler
                0x20033578        0x8 ./startup/startup_lpc55s69_cm33_core1.o
                0x20033578                USB0_IRQHandler
 .text.RTC_IRQHandler
                0x20033580        0x8 ./startup/startup_lpc55s69_cm33_core1.o
                0x20033580                RTC_IRQHandler
 .text.Reserved46_IRQHandler
                0x20033588        0x8 ./startup/startup_lpc55s69_cm33_core1.o
                0x20033588                Reserved46_IRQHandler
 .text.PIN_INT4_IRQHandler
                0x20033590        0x8 ./startup/startup_lpc55s69_cm33_core1.o
                0x20033590                PIN_INT4_IRQHandler
 .text.PIN_INT5_IRQHandler
                0x20033598        0x8 ./startup/startup_lpc55s69_cm33_core1.o
                0x20033598                PIN_INT5_IRQHandler
 .text.PIN_INT6_IRQHandler
                0x200335a0        0x8 ./startup/startup_lpc55s69_cm33_core1.o
                0x200335a0                PIN_INT6_IRQHandler
 .text.PIN_INT7_IRQHandler
                0x200335a8        0x8 ./startup/startup_lpc55s69_cm33_core1.o
                0x200335a8                PIN_INT7_IRQHandler
 .text.CTIMER2_IRQHandler
                0x200335b0        0x8 ./startup/startup_lpc55s69_cm33_core1.o
                0x200335b0                CTIMER2_IRQHandler
 .text.CTIMER4_IRQHandler
                0x200335b8        0x8 ./startup/startup_lpc55s69_cm33_core1.o
                0x200335b8                CTIMER4_IRQHandler
 .text.OS_EVENT_IRQHandler
                0x200335c0        0x8 ./startup/startup_lpc55s69_cm33_core1.o
                0x200335c0                OS_EVENT_IRQHandler
 .text.Reserved55_IRQHandler
                0x200335c8        0x8 ./startup/startup_lpc55s69_cm33_core1.o
                0x200335c8                Reserved55_IRQHandler
 .text.Reserved56_IRQHandler
                0x200335d0        0x8 ./startup/startup_lpc55s69_cm33_core1.o
                0x200335d0                Reserved56_IRQHandler
 .text.Reserved57_IRQHandler
                0x200335d8        0x8 ./startup/startup_lpc55s69_cm33_core1.o
                0x200335d8                Reserved57_IRQHandler
 .text.SDIO_IRQHandler
                0x200335e0        0x8 ./startup/startup_lpc55s69_cm33_core1.o
                0x200335e0                SDIO_IRQHandler
 .text.Reserved59_IRQHandler
                0x200335e8        0x8 ./startup/startup_lpc55s69_cm33_core1.o
                0x200335e8                Reserved59_IRQHandler
 .text.Reserved60_IRQHandler
                0x200335f0        0x8 ./startup/startup_lpc55s69_cm33_core1.o
                0x200335f0                Reserved60_IRQHandler
 .text.Reserved61_IRQHandler
                0x200335f8        0x8 ./startup/startup_lpc55s69_cm33_core1.o
                0x200335f8                Reserved61_IRQHandler
 .text.USB1_PHY_IRQHandler
                0x20033600        0x8 ./startup/startup_lpc55s69_cm33_core1.o
                0x20033600                USB1_PHY_IRQHandler
 .text.USB1_IRQHandler
                0x20033608        0x8 ./startup/startup_lpc55s69_cm33_core1.o
                0x20033608                USB1_IRQHandler
 .text.USB1_NEEDCLK_IRQHandler
                0x20033610        0x8 ./startup/startup_lpc55s69_cm33_core1.o
                0x20033610                USB1_NEEDCLK_IRQHandler
 .text.SEC_HYPERVISOR_CALL_IRQHandler
                0x20033618        0x8 ./startup/startup_lpc55s69_cm33_core1.o
                0x20033618                SEC_HYPERVISOR_CALL_IRQHandler
 .text.SEC_GPIO_INT0_IRQ0_IRQHandler
                0x20033620        0x8 ./startup/startup_lpc55s69_cm33_core1.o
                0x20033620                SEC_GPIO_INT0_IRQ0_IRQHandler
 .text.SEC_GPIO_INT0_IRQ1_IRQHandler
                0x20033628        0x8 ./startup/startup_lpc55s69_cm33_core1.o
                0x20033628                SEC_GPIO_INT0_IRQ1_IRQHandler
 .text.PLU_IRQHandler
                0x20033630        0x8 ./startup/startup_lpc55s69_cm33_core1.o
                0x20033630                PLU_IRQHandler
 .text.SEC_VIO_IRQHandler
                0x20033638        0x8 ./startup/startup_lpc55s69_cm33_core1.o
                0x20033638                SEC_VIO_IRQHandler
 .text.HASHCRYPT_IRQHandler
                0x20033640        0x8 ./startup/startup_lpc55s69_cm33_core1.o
                0x20033640                HASHCRYPT_IRQHandler
 .text.CASER_IRQHandler
                0x20033648        0x8 ./startup/startup_lpc55s69_cm33_core1.o
                0x20033648                CASER_IRQHandler
 .text.PUF_IRQHandler
                0x20033650        0x8 ./startup/startup_lpc55s69_cm33_core1.o
                0x20033650                PUF_IRQHandler
 .text.PQ_IRQHandler
                0x20033658        0x8 ./startup/startup_lpc55s69_cm33_core1.o
                0x20033658                PQ_IRQHandler
 .text.DMA1_IRQHandler
                0x20033660        0x8 ./startup/startup_lpc55s69_cm33_core1.o
                0x20033660                DMA1_IRQHandler
 .text.FLEXCOMM8_IRQHandler
                0x20033668        0x8 ./startup/startup_lpc55s69_cm33_core1.o
                0x20033668                FLEXCOMM8_IRQHandler
 .text.HardFault_Handler
                0x20033670       0x36 ./source/semihost_hardfault.o
                0x20033670                HardFault_Handler
 .text.GPIO_PinWrite
                0x200336a6       0x28 ./lcd/lcd.o
 .text.GPIO_PinWrite
                0x200336ce       0x28 ./lcd/lcd_dpy.o
 .text.lcd_set_font
                0x200336f6       0x22 ./lcd/lcd_dpy.o
                0x200336f6                lcd_set_font
 .text.lcd_set_alignment
                0x20033718       0x36 ./lcd/lcd_dpy.o
                0x20033718                lcd_set_alignment
 .text.lcd_set_direction
                0x2003374e       0x30 ./lcd/lcd_dpy.o
                0x2003374e                lcd_set_direction
 .text.lcd_draw_line
                0x2003377e      0x430 ./lcd/lcd_dpy.o
                0x2003377e                lcd_draw_line
 .text.lcd_draw_segments
                0x20033bae       0x74 ./lcd/lcd_dpy.o
                0x20033bae                lcd_draw_segments
 .text.CLOCK_EnableClock
                0x20033c22       0x2e ./lcd/lcd_private.o
 .text.spi_write
                0x20033c50       0x6e ./lcd/lcd_private.o
                0x20033c50                spi_write
 .text.spi_write_byte
                0x20033cbe       0x48 ./lcd/lcd_private.o
                0x20033cbe                spi_write_byte
 .text.spi_write16
                0x20033d06       0x72 ./lcd/lcd_private.o
                0x20033d06                spi_write16
 .text.spi_write16_n
                0x20033d78       0x60 ./lcd/lcd_private.o
                0x20033d78                spi_write16_n
 .text.GPIO_PinWrite
                0x20033dd8       0x28 ./lcd/lcd_ts.o
 .text.CLOCK_GetFlexCommClkFreq
                0x20033e00       0x9a ./drivers/fsl_clock.o
                0x20033e00                CLOCK_GetFlexCommClkFreq
 .text.CTIMER_GetStatusFlags
                0x20033e9a       0x16 ./drivers/fsl_ctimer.o
 .text.CTIMER_ClearStatusFlags
                0x20033eb0       0x1a ./drivers/fsl_ctimer.o
 .text.CTIMER0_DriverIRQHandler
                0x20033eca        0xe ./drivers/fsl_ctimer.o
                0x20033eca                CTIMER0_DriverIRQHandler
 .text.CTIMER1_DriverIRQHandler
                0x20033ed8        0xe ./drivers/fsl_ctimer.o
                0x20033ed8                CTIMER1_DriverIRQHandler
 .text.CTIMER2_DriverIRQHandler
                0x20033ee6        0xe ./drivers/fsl_ctimer.o
                0x20033ee6                CTIMER2_DriverIRQHandler
 .text.CTIMER3_DriverIRQHandler
                0x20033ef4        0xe ./drivers/fsl_ctimer.o
                0x20033ef4                CTIMER3_DriverIRQHandler
 .text.CTIMER4_DriverIRQHandler
                0x20033f02        0xe ./drivers/fsl_ctimer.o
                0x20033f02                CTIMER4_DriverIRQHandler
 .text.DMA_GetVirtualStartChannel
                0x20033f10       0x40 ./drivers/fsl_dma.o
 .text.CLOCK_EnableClock
                0x20033f50       0x2e ./drivers/fsl_flexcomm.o
 .text.FLEXCOMM_PeripheralIsPresent
                0x20033f7e       0x62 ./drivers/fsl_flexcomm.o
 .text.FLEXCOMM_SetPeriph
                0x20033fe0       0x74 ./drivers/fsl_flexcomm.o
 .text.CLOCK_EnableClock
                0x20034054       0x2e ./drivers/fsl_gpio.o
 .text.GPIO_PinInit
                0x20034082       0xa4 ./drivers/fsl_gpio.o
                0x20034082                GPIO_PinInit
 .text.RESET_PeripheralReset
                0x20034126       0x1c ./drivers/fsl_reset.o
                0x20034126                RESET_PeripheralReset
 .text.SystemInitHook
                0x20034142        0xc ./device/system_LPC55S69_cm33_core1.o
                0x20034142                SystemInitHook
 .text.__main   0x2003414e        0xe /usr/local/mcuxpressoide-11.10.0_3148/ide/plugins/com.nxp.mcuxpresso.tools.linux_11.10.0.202311280810/tools/bin/../lib/gcc/arm-none-eabi/13.2.1/../../../../arm-none-eabi/lib/thumb/v8-m.main/nofp/libcr_nohost_nf.a(_cr__main.o)
                0x2003414e                __main
 .text.memset   0x2003415c        0x4 /usr/local/mcuxpressoide-11.10.0_3148/ide/plugins/com.nxp.mcuxpresso.tools.linux_11.10.0.202311280810/tools/bin/../lib/gcc/arm-none-eabi/13.2.1/../../../../arm-none-eabi/lib/thumb/v8-m.main/nofp/libcr_c.a(memset.o)
                0x2003415c                memset
 .text.free     0x20034160       0x30 /usr/local/mcuxpressoide-11.10.0_3148/ide/plugins/com.nxp.mcuxpresso.tools.linux_11.10.0.202311280810/tools/bin/../lib/gcc/arm-none-eabi/13.2.1/../../../../arm-none-eabi/lib/thumb/v8-m.main/nofp/libcr_c.a(alloc.o)
                0x20034160                free
 .text.setvbuf  0x20034190       0x3e /usr/local/mcuxpressoide-11.10.0_3148/ide/plugins/com.nxp.mcuxpresso.tools.linux_11.10.0.202311280810/tools/bin/../lib/gcc/arm-none-eabi/13.2.1/../../../../arm-none-eabi/lib/thumb/v8-m.main/nofp/libcr_c.a(setvbuf.o)
                0x20034190                setvbuf
 .text.strlen   0x200341ce       0x4e /usr/local/mcuxpressoide-11.10.0_3148/ide/plugins/com.nxp.mcuxpresso.tools.linux_11.10.0.202311280810/tools/bin/../lib/gcc/arm-none-eabi/13.2.1/../../../../arm-none-eabi/lib/thumb/v8-m.main/nofp/libcr_c.a(strlen.o)
                0x200341ce                strlen
 .text._deferredlazyseek
                0x2003421c       0x40 /usr/local/mcuxpressoide-11.10.0_3148/ide/plugins/com.nxp.mcuxpresso.tools.linux_11.10.0.202311280810/tools/bin/../lib/gcc/arm-none-eabi/13.2.1/../../../../arm-none-eabi/lib/thumb/v8-m.main/nofp/libcr_c.a(_deferredlazyseek.o)
                0x2003421c                _deferredlazyseek
 .text._fdopen  0x2003425c       0x68 /usr/local/mcuxpressoide-11.10.0_3148/ide/plugins/com.nxp.mcuxpresso.tools.linux_11.10.0.202311280810/tools/bin/../lib/gcc/arm-none-eabi/13.2.1/../../../../arm-none-eabi/lib/thumb/v8-m.main/nofp/libcr_c.a(_fdopen.o)
                0x2003425c                _fdopen
 .text._fflush  0x200342c4       0x52 /usr/local/mcuxpressoide-11.10.0_3148/ide/plugins/com.nxp.mcuxpresso.tools.linux_11.10.0.202311280810/tools/bin/../lib/gcc/arm-none-eabi/13.2.1/../../../../arm-none-eabi/lib/thumb/v8-m.main/nofp/libcr_c.a(_fflush.o)
                0x200342c4                _fflush
 .text.fclose   0x20034316       0x58 /usr/local/mcuxpressoide-11.10.0_3148/ide/plugins/com.nxp.mcuxpresso.tools.linux_11.10.0.202311280810/tools/bin/../lib/gcc/arm-none-eabi/13.2.1/../../../../arm-none-eabi/lib/thumb/v8-m.main/nofp/libcr_c.a(fclose.o)
                0x20034316                fclose
 .text.remove   0x2003436e       0x14 /usr/local/mcuxpressoide-11.10.0_3148/ide/plugins/com.nxp.mcuxpresso.tools.linux_11.10.0.202311280810/tools/bin/../lib/gcc/arm-none-eabi/13.2.1/../../../../arm-none-eabi/lib/thumb/v8-m.main/nofp/libcr_c.a(remove.o)
                0x2003436e                remove
 .text._do_fflush
                0x20034382       0x40 /usr/local/mcuxpressoide-11.10.0_3148/ide/plugins/com.nxp.mcuxpresso.tools.linux_11.10.0.202311280810/tools/bin/../lib/gcc/arm-none-eabi/13.2.1/../../../../arm-none-eabi/lib/thumb/v8-m.main/nofp/libcr_c.a(_do_fflush.o)
                0x20034382                _do_fflush
 .text.__aeabi_division_uldivmod
                0x200343c2      0x174 /usr/local/mcuxpressoide-11.10.0_3148/ide/plugins/com.nxp.mcuxpresso.tools.linux_11.10.0.202311280810/tools/bin/../lib/gcc/arm-none-eabi/13.2.1/thumb/v8-m.main/nofp/libcr_eabihelpers.a(division_64.o)
                0x200343c2                __aeabi_uldivmod
                0x200343c6                __bhs_ldivmod1
 .text.__aeabi_division_idiv0
                0x20034536        0x2 /usr/local/mcuxpressoide-11.10.0_3148/ide/plugins/com.nxp.mcuxpresso.tools.linux_11.10.0.202311280810/tools/bin/../lib/gcc/arm-none-eabi/13.2.1/thumb/v8-m.main/nofp/libcr_eabihelpers.a(division_idiv0.o)
                0x20034536                __aeabi_idiv0
 .text.__aeabi_memset_lowlevel
                0x20034538       0x32 /usr/local/mcuxpressoide-11.10.0_3148/ide/plugins/com.nxp.mcuxpresso.tools.linux_11.10.0.202311280810/tools/bin/../lib/gcc/arm-none-eabi/13.2.1/thumb/v8-m.main/nofp/libcr_eabihelpers.a(memcpy.o)
                0x20034538                __aeabi_lowlevel_memset
 .text.__sys_close
                0x2003456a        0x6 /usr/local/mcuxpressoide-11.10.0_3148/ide/plugins/com.nxp.mcuxpresso.tools.linux_11.10.0.202311280810/tools/bin/../lib/gcc/arm-none-eabi/13.2.1/../../../../arm-none-eabi/lib/thumb/v8-m.main/nofp/libcr_nohost_nf.a(__sys_close.o)
                0x2003456a                __sys_close
 .text.__sys_flen
                0x20034570        0x6 /usr/local/mcuxpressoide-11.10.0_3148/ide/plugins/com.nxp.mcuxpresso.tools.linux_11.10.0.202311280810/tools/bin/../lib/gcc/arm-none-eabi/13.2.1/../../../../arm-none-eabi/lib/thumb/v8-m.main/nofp/libcr_nohost_nf.a(__sys_flen.o)
                0x20034570                __sys_flen
 .text.__sys_istty
                0x20034576        0x6 /usr/local/mcuxpressoide-11.10.0_3148/ide/plugins/com.nxp.mcuxpresso.tools.linux_11.10.0.202311280810/tools/bin/../lib/gcc/arm-none-eabi/13.2.1/../../../../arm-none-eabi/lib/thumb/v8-m.main/nofp/libcr_nohost_nf.a(__sys_istty.o)
                0x20034576                __sys_istty
 .text.__sys_remove
                0x2003457c        0x6 /usr/local/mcuxpressoide-11.10.0_3148/ide/plugins/com.nxp.mcuxpresso.tools.linux_11.10.0.202311280810/tools/bin/../lib/gcc/arm-none-eabi/13.2.1/../../../../arm-none-eabi/lib/thumb/v8-m.main/nofp/libcr_nohost_nf.a(__sys_remove.o)
                0x2003457c                __sys_remove
 .text.__sys_seek
                0x20034582        0x6 /usr/local/mcuxpressoide-11.10.0_3148/ide/plugins/com.nxp.mcuxpresso.tools.linux_11.10.0.202311280810/tools/bin/../lib/gcc/arm-none-eabi/13.2.1/../../../../arm-none-eabi/lib/thumb/v8-m.main/nofp/libcr_nohost_nf.a(__sys_seek.o)
                0x20034582                __sys_seek
 .text.__sys_tmpnam
                0x20034588        0x6 /usr/local/mcuxpressoide-11.10.0_3148/ide/plugins/com.nxp.mcuxpresso.tools.linux_11.10.0.202311280810/tools/bin/../lib/gcc/arm-none-eabi/13.2.1/../../../../arm-none-eabi/lib/thumb/v8-m.main/nofp/libcr_nohost_nf.a(__sys_tmpnam.o)
                0x20034588                __sys_tmpnam
 .text.__sys_write
                0x2003458e        0x4 /usr/local/mcuxpressoide-11.10.0_3148/ide/plugins/com.nxp.mcuxpresso.tools.linux_11.10.0.202311280810/tools/bin/../lib/gcc/arm-none-eabi/13.2.1/../../../../arm-none-eabi/lib/thumb/v8-m.main/nofp/libcr_nohost_nf.a(__sys_write.o)
                0x2003458e                __sys_write
 *(SORT_BY_ALIGNMENT(.rodata) SORT_BY_ALIGNMENT(.rodata.*) SORT_BY_ALIGNMENT(.constdata) SORT_BY_ALIGNMENT(.constdata.*))
 *fill*         0x20034592        0x2 ff
 .rodata.__assertion_failed.str1.4
                0x20034594      0x3a6 ./utilities/fsl_assert.o
                                 0x14 (size before relaxing)
 *fill*         0x2003493a        0x2 ff
 .rodata.fixed12_data
                0x2003493c      0x474 ./lcd/fonts/fixed12.o
                0x2003493c                fixed12_data
 .rodata.fixed12
                0x20034db0        0x8 ./lcd/fonts/fixed12.o
                0x20034db0                fixed12
 .rodata.disp_modes
                0x20034db8        0x4 ./lcd/lcd_dpy.o
                0x20034db8                disp_modes
 .rodata.s_ctimerBases
                0x20034dbc       0x14 ./lcd/lcd_private.o
 .rodata.s_ctimerClocks
                0x20034dd0        0xa ./lcd/lcd_private.o
 .rodata.CTIMER_GetInstance.str1.4
                0x20034dda       0x2f ./lcd/lcd_private.o
 *fill*         0x20034dda        0x2 ff
 .rodata        0x20034ddc        0x2 ./lcd/lcd_private.o
 *fill*         0x20034dde        0x2 ff
 .rodata.spi_cfg
                0x20034de0       0x10 ./lcd/lcd_private.o
                0x20034de0                spi_cfg
 .rodata.CLOCK_GetFlexCommInputClock.str1.4
                0x20034df0       0x18 ./drivers/fsl_clock.o
 .rodata.CLOCK_GetCTimerClkFreq.str1.4
                0x20034df0       0x18 ./drivers/fsl_clock.o
 .rodata.s_ctimerBases
                0x20034df0       0x14 ./drivers/fsl_ctimer.o
 .rodata.s_dmaBases
                0x20034e04        0x8 ./drivers/fsl_dma.o
 .rodata.DMA_GetInstance.str1.4
                0x20034e0c       0x32 ./drivers/fsl_dma.o
 .rodata.s_flexcommBaseAddrs
                0x20034e0c       0x24 ./drivers/fsl_flexcomm.o
 .rodata.s_flexcommClocks
                0x20034e30       0x12 ./drivers/fsl_flexcomm.o
 *fill*         0x20034e42        0x2 ff
 .rodata.s_flexcommResets
                0x20034e44       0x24 ./drivers/fsl_flexcomm.o
 .rodata.FLEXCOMM_GetInstance.str1.4
                0x20034e68       0x42 ./drivers/fsl_flexcomm.o
 .rodata.FLEXCOMM0_DriverIRQHandler.str1.4
                0x20034e68       0x3c ./drivers/fsl_flexcomm.o
 .rodata.FLEXCOMM1_DriverIRQHandler.str1.4
                0x20034e68       0x3c ./drivers/fsl_flexcomm.o
 .rodata.FLEXCOMM2_DriverIRQHandler.str1.4
                0x20034e68       0x3c ./drivers/fsl_flexcomm.o
 .rodata.FLEXCOMM3_DriverIRQHandler.str1.4
                0x20034e68       0x3c ./drivers/fsl_flexcomm.o
 .rodata.FLEXCOMM4_DriverIRQHandler.str1.4
                0x20034e68       0x3c ./drivers/fsl_flexcomm.o
 .rodata.FLEXCOMM5_DriverIRQHandler.str1.4
                0x20034e68       0x3c ./drivers/fsl_flexcomm.o
 .rodata.FLEXCOMM6_DriverIRQHandler.str1.4
                0x20034e68       0x3c ./drivers/fsl_flexcomm.o
 .rodata.FLEXCOMM7_DriverIRQHandler.str1.4
                0x20034e68       0x3c ./drivers/fsl_flexcomm.o
 .rodata.FLEXCOMM8_DriverIRQHandler.str1.4
                0x20034e68       0x3c ./drivers/fsl_flexcomm.o
 .rodata.s_gpioClockName
                0x20034e68        0x8 ./drivers/fsl_gpio.o
 .rodata.GPIO_EnablePortClock.str1.4
                0x20034e70       0x33 ./drivers/fsl_gpio.o
 .rodata.RESET_SetPeripheralReset.str1.4
                0x20034e70       0x1e ./drivers/fsl_reset.o
 .rodata.RESET_ClearPeripheralReset.str1.4
                0x20034e70       0x1e ./drivers/fsl_reset.o
 .rodata.SDIO_DriverIRQHandler.str1.4
                0x20034e70       0x2a ./drivers/fsl_sdif.o
 .rodata.__num_Ciob_streams
                0x20034e70        0x4 /usr/local/mcuxpressoide-11.10.0_3148/ide/plugins/com.nxp.mcuxpresso.tools.linux_11.10.0.202311280810/tools/bin/../lib/gcc/arm-none-eabi/13.2.1/../../../../arm-none-eabi/lib/thumb/v8-m.main/nofp/libcr_nohost_nf.a(__ciob.o)
                0x20034e70                __num_Ciob_streams
 .rodata._initio.str1.1
                0x20034e74        0x4 /usr/local/mcuxpressoide-11.10.0_3148/ide/plugins/com.nxp.mcuxpresso.tools.linux_11.10.0.202311280810/tools/bin/../lib/gcc/arm-none-eabi/13.2.1/../../../../arm-none-eabi/lib/thumb/v8-m.main/nofp/libcr_c.a(initio.o)
                0x20034eac                        . = ALIGN (0x4)

.glue_7         0x20034e78        0x0
 .glue_7        0x20034e78        0x0 linker stubs

.glue_7t        0x20034e78        0x0
 .glue_7t       0x20034e78        0x0 linker stubs

.vfp11_veneer   0x20034e78        0x0
 .vfp11_veneer  0x20034e78        0x0 linker stubs

.v4_bx          0x20034e78        0x0
 .v4_bx         0x20034e78        0x0 linker stubs

.iplt           0x20034e78        0x0
 .iplt          0x20034e78        0x0 ./utilities/fsl_assert.o

.rel.dyn        0x20034e78        0x0
 .rel.iplt      0x20034e78        0x0 ./utilities/fsl_assert.o

.ARM.extab
 *(SORT_BY_ALIGNMENT(.ARM.extab*) SORT_BY_ALIGNMENT(.gnu.linkonce.armextab.*))

.ARM.exidx      0x20034e78        0x0
                0x20034e78                        __exidx_start = .
 *(SORT_BY_ALIGNMENT(.ARM.exidx*) SORT_BY_ALIGNMENT(.gnu.linkonce.armexidx.*))
                0x20034e78                        __exidx_end = .
                0x20034e78                        _etext = .

.data_RAM2      0x2003c000        0x0 load address 0x20034e78
 FILL mask 0xff
                [!provide]                        PROVIDE (__start_data_RAM2 = .)
                [!provide]                        PROVIDE (__start_data_shmem = .)
 *(SORT_BY_ALIGNMENT(.ramfunc.$RAM2))
 *(SORT_BY_ALIGNMENT(.ramfunc.$shmem))
 *(SORT_BY_ALIGNMENT(.data.$RAM2))
 *(SORT_BY_ALIGNMENT(.data.$shmem))
 *(SORT_BY_ALIGNMENT(.data.$RAM2.*))
 *(SORT_BY_ALIGNMENT(.data.$shmem.*))
                0x2003c000                        . = ALIGN (0x4)
                [!provide]                        PROVIDE (__end_data_RAM2 = .)
                [!provide]                        PROVIDE (__end_data_shmem = .)

.uninit_RESERVED
                0x20034e78        0x0
                0x20034e78                        _start_uninit_RESERVED = .
 *(SORT_BY_ALIGNMENT(.bss.$RESERVED*))
                0x20034e78                        . = ALIGN (0x4)
                0x20034e78                        _end_uninit_RESERVED = .

.data           0x20034e78       0x3c
 FILL mask 0xff
                0x20034e78                        _data = .
                [!provide]                        PROVIDE (__start_data_RAM = .)
                [!provide]                        PROVIDE (__start_data_Ram1 = .)
 *(SORT_BY_ALIGNMENT(vtable))
 *(SORT_BY_ALIGNMENT(.ramfunc*))
 *(SORT_BY_ALIGNMENT(CodeQuickAccess))
 *(SORT_BY_ALIGNMENT(DataQuickAccess))
 *(SORT_BY_ALIGNMENT(RamFunction))
 *(SORT_BY_ALIGNMENT(.data*))
 .data.shdata   0x20034e78        0x4 ./source/main_core1.o
                0x20034e78                shdata
 .data.disp     0x20034e7c       0x30 ./lcd/lcd.o
                0x20034e7c                disp
 .data.lcd_cur.0
                0x20034eac        0x4 ./lcd/lcd.o
 .data.s_Ext_Clk_Freq
                0x20034eb0        0x4 ./drivers/fsl_clock.o
                0x20034eb4                        . = ALIGN (0x4)
                0x20034eb4                        _edata = .
                [!provide]                        PROVIDE (__end_data_RAM = .)
                [!provide]                        PROVIDE (__end_data_Ram1 = .)

.igot.plt       0x20034eb4        0x0
 .igot.plt      0x20034eb4        0x0 ./utilities/fsl_assert.o

.bss_RAM2       0x2003c000        0x0
                [!provide]                        PROVIDE (__start_bss_RAM2 = .)
                [!provide]                        PROVIDE (__start_bss_shmem = .)
 *(SORT_BY_ALIGNMENT(.bss.$RAM2))
 *(SORT_BY_ALIGNMENT(.bss.$shmem))
 *(SORT_BY_ALIGNMENT(.bss.$RAM2.*))
 *(SORT_BY_ALIGNMENT(.bss.$shmem.*))
                0x2003c000                        . = ALIGN ((. != 0x0)?0x4:0x1)
                [!provide]                        PROVIDE (__end_bss_RAM2 = .)
                [!provide]                        PROVIDE (__end_bss_shmem = .)

.bss            0x20034eb4      0x400
                0x20034eb4                        _bss = .
                [!provide]                        PROVIDE (__start_bss_RAM = .)
                [!provide]                        PROVIDE (__start_bss_Ram1 = .)
 *(SORT_BY_ALIGNMENT(.bss*))
 .bss.s_debugConsole
                0x20034eb4       0x14 ./utilities/fsl_debug_console.o
 .bss.evq       0x20034ec8      0x1e0 ./source/main_core1.o
                0x20034ec8                evq
 .bss.evq_rd    0x200350a8        0x4 ./source/main_core1.o
                0x200350a8                evq_rd
 .bss.evq_wr    0x200350ac        0x4 ./source/main_core1.o
                0x200350ac                evq_wr
 .bss.buffer_array
                0x200350b0        0x4 ./source/main_core1.o
                0x200350b0                buffer_array
 .bss.current_buffer_idx
                0x200350b4        0x4 ./source/main_core1.o
                0x200350b4                current_buffer_idx
 .bss.xlc       0x200350b8        0x4 ./lcd/lcd_dpy.o
 .bss.ytc       0x200350bc        0x4 ./lcd/lcd_dpy.o
 .bss.xrc       0x200350c0        0x4 ./lcd/lcd_dpy.o
 .bss.ybc       0x200350c4        0x4 ./lcd/lcd_dpy.o
 .bss.clipped   0x200350c8        0x4 ./lcd/lcd_dpy.o
 .bss.s_Pll0_Freq
                0x200350cc        0x4 ./drivers/fsl_clock.o
 .bss.s_Pll1_Freq
                0x200350d0        0x4 ./drivers/fsl_clock.o
 .bss.s_I2S_Mclk_Freq
                0x200350d4        0x4 ./drivers/fsl_clock.o
 .bss.s_ctimerCallback
                0x200350d8       0x14 ./drivers/fsl_ctimer.o
 .bss.ctimerCallbackType
                0x200350ec        0x5 ./drivers/fsl_ctimer.o
 *fill*         0x200350f1        0x3 
 .bss.s_DMAHandle
                0x200350f4       0xb8 ./drivers/fsl_dma.o
 .bss.s_flexcommIrqHandler
                0x200351ac       0x24 ./drivers/fsl_flexcomm.o
 .bss.s_flexcommHandle
                0x200351d0       0x24 ./drivers/fsl_flexcomm.o
 .bss.s_sdifHandle
                0x200351f4        0x4 ./drivers/fsl_sdif.o
 .bss.s_sdifIsr
                0x200351f8        0x4 ./drivers/fsl_sdif.o
 .bss.errno     0x200351fc        0x4 /usr/local/mcuxpressoide-11.10.0_3148/ide/plugins/com.nxp.mcuxpresso.tools.linux_11.10.0.202311280810/tools/bin/../lib/gcc/arm-none-eabi/13.2.1/../../../../arm-none-eabi/lib/thumb/v8-m.main/nofp/libcr_c.a(errno.o)
                0x200351fc                errno
 .bss.__Ciob    0x20035200       0xb4 /usr/local/mcuxpressoide-11.10.0_3148/ide/plugins/com.nxp.mcuxpresso.tools.linux_11.10.0.202311280810/tools/bin/../lib/gcc/arm-none-eabi/13.2.1/../../../../arm-none-eabi/lib/thumb/v8-m.main/nofp/libcr_nohost_nf.a(__ciob.o)
                0x20035200                __Ciob
 *(SORT_BY_ALIGNMENT(COMMON))
                0x200352b4                        . = ALIGN (0x4)
                0x200352b4                        _ebss = .
                [!provide]                        PROVIDE (__end_bss_RAM = .)
                [!provide]                        PROVIDE (__end_bss_Ram1 = .)
                [!provide]                        PROVIDE (end = .)

.noinit_RAM2    0x2003c000        0x0
                [!provide]                        PROVIDE (__start_noinit_RAM2 = .)
                0x2003c000                        PROVIDE (__start_noinit_shmem = .)
 *(SORT_BY_ALIGNMENT(.noinit.$RAM2))
 *(SORT_BY_ALIGNMENT(.noinit.$shmem))
 *(SORT_BY_ALIGNMENT(.noinit.$RAM2.*))
 *(SORT_BY_ALIGNMENT(.noinit.$shmem.*))
                0x2003c000                        . = ALIGN (0x4)
                [!provide]                        PROVIDE (__end_noinit_RAM2 = .)
                [!provide]                        PROVIDE (__end_noinit_shmem = .)

.noinit         0x200352b4        0x0
                0x200352b4                        _noinit = .
                [!provide]                        PROVIDE (__start_noinit_RAM = .)
                [!provide]                        PROVIDE (__start_noinit_Ram1 = .)
 *(SORT_BY_ALIGNMENT(.noinit*))
                0x200352b4                        . = ALIGN (0x4)
                0x200352b4                        _end_noinit = .
                [!provide]                        PROVIDE (__end_noinit_RAM = .)
                [!provide]                        PROVIDE (__end_noinit_Ram1 = .)
                0x00000c00                        _HeapSize = 0xc00

.heap           0x200352b4      0xc00
                0x200352b4                        _pvHeapStart = .
                0x20035eb4                        . = (. + _HeapSize)
 *fill*         0x200352b4      0xc00 
                0x20035eb4                        . = ALIGN (0x4)
                0x20035eb4                        _pvHeapLimit = .
                0x00000c00                        _StackSize = 0xc00

.heap2stackfill
                0x20035eb4      0xc00
                0x20036ab4                        . = (. + _StackSize)
 *fill*         0x20035eb4      0xc00 

.stack          0x2003b400        0x0
                0x2003b400                        _vStackBase = .
                0x2003b400                        . = ALIGN (0x4)
                0x2003c000                        _vStackTop = (. + _StackSize)
                0x20030000                        _image_start = LOADADDR (.text)
                0x20034eb4                        _image_end = (LOADADDR (.data) + SIZEOF (.data))
                0x00004eb4                        _image_size = (_image_end - _image_start)
OUTPUT(lpcxpresso55s69_mailbox_interrupt_cm33_core1.axf elf32-littlearm)
LOAD linker stubs

.debug_info     0x00000000    0x1b009
 .debug_info    0x00000000      0x12e ./utilities/fsl_assert.o
 .debug_info    0x0000012e      0xd0e ./utilities/fsl_debug_console.o
 .debug_info    0x00000e3c       0x24 ./utilities/fsl_memcpy.o
 .debug_info    0x00000e60      0x9c8 ./startup/startup_lpc55s69_cm33_core1.o
 .debug_info    0x00001828     0x12a6 ./source/main_core1.o
 .debug_info    0x00002ace       0x3c ./source/semihost_hardfault.o
 .debug_info    0x00002b0a      0x114 ./lcd/fonts/fixed12.o
 .debug_info    0x00002c1e      0xa98 ./lcd/lcd.o
 .debug_info    0x000036b6     0x1a00 ./lcd/lcd_dpy.o
 .debug_info    0x000050b6     0x2053 ./lcd/lcd_private.o
 .debug_info    0x00007109      0xb1d ./lcd/lcd_ts.o
 .debug_info    0x00007c26     0x3415 ./drivers/fsl_clock.o
 .debug_info    0x0000b03b     0x22e6 ./drivers/fsl_ctimer.o
 .debug_info    0x0000d321     0x2b16 ./drivers/fsl_dma.o
 .debug_info    0x0000fe37     0x1b3b ./drivers/fsl_flexcomm.o
 .debug_info    0x00011972     0x17b3 ./drivers/fsl_gpio.o
 .debug_info    0x00013125      0xf02 ./drivers/fsl_reset.o
 .debug_info    0x00014027     0x319f ./drivers/fsl_sdif.o
 .debug_info    0x000171c6     0x14f7 ./device/system_LPC55S69_cm33_core1.o
 .debug_info    0x000186bd       0x85 /usr/local/mcuxpressoide-11.10.0_3148/ide/plugins/com.nxp.mcuxpresso.tools.linux_11.10.0.202311280810/tools/bin/../lib/gcc/arm-none-eabi/13.2.1/../../../../arm-none-eabi/lib/thumb/v8-m.main/nofp/libcr_nohost_nf.a(_cr__main.o)
 .debug_info    0x00018742       0xfc /usr/local/mcuxpressoide-11.10.0_3148/ide/plugins/com.nxp.mcuxpresso.tools.linux_11.10.0.202311280810/tools/bin/../lib/gcc/arm-none-eabi/13.2.1/../../../../arm-none-eabi/lib/thumb/v8-m.main/nofp/libcr_c.a(memset.o)
 .debug_info    0x0001883e      0x520 /usr/local/mcuxpressoide-11.10.0_3148/ide/plugins/com.nxp.mcuxpresso.tools.linux_11.10.0.202311280810/tools/bin/../lib/gcc/arm-none-eabi/13.2.1/../../../../arm-none-eabi/lib/thumb/v8-m.main/nofp/libcr_c.a(alloc.o)
 .debug_info    0x00018d5e       0x44 /usr/local/mcuxpressoide-11.10.0_3148/ide/plugins/com.nxp.mcuxpresso.tools.linux_11.10.0.202311280810/tools/bin/../lib/gcc/arm-none-eabi/13.2.1/../../../../arm-none-eabi/lib/thumb/v8-m.main/nofp/libcr_c.a(errno.o)
 .debug_info    0x00018da2      0x339 /usr/local/mcuxpressoide-11.10.0_3148/ide/plugins/com.nxp.mcuxpresso.tools.linux_11.10.0.202311280810/tools/bin/../lib/gcc/arm-none-eabi/13.2.1/../../../../arm-none-eabi/lib/thumb/v8-m.main/nofp/libcr_c.a(initio.o)
 .debug_info    0x000190db      0x1fd /usr/local/mcuxpressoide-11.10.0_3148/ide/plugins/com.nxp.mcuxpresso.tools.linux_11.10.0.202311280810/tools/bin/../lib/gcc/arm-none-eabi/13.2.1/../../../../arm-none-eabi/lib/thumb/v8-m.main/nofp/libcr_c.a(setvbuf.o)
 .debug_info    0x000192d8       0xe1 /usr/local/mcuxpressoide-11.10.0_3148/ide/plugins/com.nxp.mcuxpresso.tools.linux_11.10.0.202311280810/tools/bin/../lib/gcc/arm-none-eabi/13.2.1/../../../../arm-none-eabi/lib/thumb/v8-m.main/nofp/libcr_c.a(strlen.o)
 .debug_info    0x000193b9      0x369 /usr/local/mcuxpressoide-11.10.0_3148/ide/plugins/com.nxp.mcuxpresso.tools.linux_11.10.0.202311280810/tools/bin/../lib/gcc/arm-none-eabi/13.2.1/../../../../arm-none-eabi/lib/thumb/v8-m.main/nofp/libcr_c.a(_deferredlazyseek.o)
 .debug_info    0x00019722      0x24b /usr/local/mcuxpressoide-11.10.0_3148/ide/plugins/com.nxp.mcuxpresso.tools.linux_11.10.0.202311280810/tools/bin/../lib/gcc/arm-none-eabi/13.2.1/../../../../arm-none-eabi/lib/thumb/v8-m.main/nofp/libcr_c.a(_fdopen.o)
 .debug_info    0x0001996d      0x1e3 /usr/local/mcuxpressoide-11.10.0_3148/ide/plugins/com.nxp.mcuxpresso.tools.linux_11.10.0.202311280810/tools/bin/../lib/gcc/arm-none-eabi/13.2.1/../../../../arm-none-eabi/lib/thumb/v8-m.main/nofp/libcr_c.a(_fflush.o)
 .debug_info    0x00019b50      0x289 /usr/local/mcuxpressoide-11.10.0_3148/ide/plugins/com.nxp.mcuxpresso.tools.linux_11.10.0.202311280810/tools/bin/../lib/gcc/arm-none-eabi/13.2.1/../../../../arm-none-eabi/lib/thumb/v8-m.main/nofp/libcr_c.a(_writebuf.o)
 .debug_info    0x00019dd9      0x318 /usr/local/mcuxpressoide-11.10.0_3148/ide/plugins/com.nxp.mcuxpresso.tools.linux_11.10.0.202311280810/tools/bin/../lib/gcc/arm-none-eabi/13.2.1/../../../../arm-none-eabi/lib/thumb/v8-m.main/nofp/libcr_c.a(fclose.o)
 .debug_info    0x0001a0f1      0x209 /usr/local/mcuxpressoide-11.10.0_3148/ide/plugins/com.nxp.mcuxpresso.tools.linux_11.10.0.202311280810/tools/bin/../lib/gcc/arm-none-eabi/13.2.1/../../../../arm-none-eabi/lib/thumb/v8-m.main/nofp/libcr_c.a(fflush.o)
 .debug_info    0x0001a2fa      0x276 /usr/local/mcuxpressoide-11.10.0_3148/ide/plugins/com.nxp.mcuxpresso.tools.linux_11.10.0.202311280810/tools/bin/../lib/gcc/arm-none-eabi/13.2.1/../../../../arm-none-eabi/lib/thumb/v8-m.main/nofp/libcr_c.a(fseek.o)
 .debug_info    0x0001a570      0x197 /usr/local/mcuxpressoide-11.10.0_3148/ide/plugins/com.nxp.mcuxpresso.tools.linux_11.10.0.202311280810/tools/bin/../lib/gcc/arm-none-eabi/13.2.1/../../../../arm-none-eabi/lib/thumb/v8-m.main/nofp/libcr_c.a(ftell.o)
 .debug_info    0x0001a707      0x1d7 /usr/local/mcuxpressoide-11.10.0_3148/ide/plugins/com.nxp.mcuxpresso.tools.linux_11.10.0.202311280810/tools/bin/../lib/gcc/arm-none-eabi/13.2.1/../../../../arm-none-eabi/lib/thumb/v8-m.main/nofp/libcr_c.a(remove.o)
 .debug_info    0x0001a8de      0x23a /usr/local/mcuxpressoide-11.10.0_3148/ide/plugins/com.nxp.mcuxpresso.tools.linux_11.10.0.202311280810/tools/bin/../lib/gcc/arm-none-eabi/13.2.1/../../../../arm-none-eabi/lib/thumb/v8-m.main/nofp/libcr_c.a(_do_fflush.o)
 .debug_info    0x0001ab18      0x18b /usr/local/mcuxpressoide-11.10.0_3148/ide/plugins/com.nxp.mcuxpresso.tools.linux_11.10.0.202311280810/tools/bin/../lib/gcc/arm-none-eabi/13.2.1/../../../../arm-none-eabi/lib/thumb/v8-m.main/nofp/libcr_nohost_nf.a(__ciob.o)
 .debug_info    0x0001aca3       0x6a /usr/local/mcuxpressoide-11.10.0_3148/ide/plugins/com.nxp.mcuxpresso.tools.linux_11.10.0.202311280810/tools/bin/../lib/gcc/arm-none-eabi/13.2.1/../../../../arm-none-eabi/lib/thumb/v8-m.main/nofp/libcr_nohost_nf.a(__sys_close.o)
 .debug_info    0x0001ad0d       0x6a /usr/local/mcuxpressoide-11.10.0_3148/ide/plugins/com.nxp.mcuxpresso.tools.linux_11.10.0.202311280810/tools/bin/../lib/gcc/arm-none-eabi/13.2.1/../../../../arm-none-eabi/lib/thumb/v8-m.main/nofp/libcr_nohost_nf.a(__sys_flen.o)
 .debug_info    0x0001ad77       0x6a /usr/local/mcuxpressoide-11.10.0_3148/ide/plugins/com.nxp.mcuxpresso.tools.linux_11.10.0.202311280810/tools/bin/../lib/gcc/arm-none-eabi/13.2.1/../../../../arm-none-eabi/lib/thumb/v8-m.main/nofp/libcr_nohost_nf.a(__sys_istty.o)
 .debug_info    0x0001ade1       0x8a /usr/local/mcuxpressoide-11.10.0_3148/ide/plugins/com.nxp.mcuxpresso.tools.linux_11.10.0.202311280810/tools/bin/../lib/gcc/arm-none-eabi/13.2.1/../../../../arm-none-eabi/lib/thumb/v8-m.main/nofp/libcr_nohost_nf.a(__sys_remove.o)
 .debug_info    0x0001ae6b       0x78 /usr/local/mcuxpressoide-11.10.0_3148/ide/plugins/com.nxp.mcuxpresso.tools.linux_11.10.0.202311280810/tools/bin/../lib/gcc/arm-none-eabi/13.2.1/../../../../arm-none-eabi/lib/thumb/v8-m.main/nofp/libcr_nohost_nf.a(__sys_seek.o)
 .debug_info    0x0001aee3       0x93 /usr/local/mcuxpressoide-11.10.0_3148/ide/plugins/com.nxp.mcuxpresso.tools.linux_11.10.0.202311280810/tools/bin/../lib/gcc/arm-none-eabi/13.2.1/../../../../arm-none-eabi/lib/thumb/v8-m.main/nofp/libcr_nohost_nf.a(__sys_tmpnam.o)
 .debug_info    0x0001af76       0x93 /usr/local/mcuxpressoide-11.10.0_3148/ide/plugins/com.nxp.mcuxpresso.tools.linux_11.10.0.202311280810/tools/bin/../lib/gcc/arm-none-eabi/13.2.1/../../../../arm-none-eabi/lib/thumb/v8-m.main/nofp/libcr_nohost_nf.a(__sys_write.o)

.debug_abbrev   0x00000000     0x40e2
 .debug_abbrev  0x00000000       0xbd ./utilities/fsl_assert.o
 .debug_abbrev  0x000000bd      0x26b ./utilities/fsl_debug_console.o
 .debug_abbrev  0x00000328       0x14 ./utilities/fsl_memcpy.o
 .debug_abbrev  0x0000033c      0x147 ./startup/startup_lpc55s69_cm33_core1.o
 .debug_abbrev  0x00000483      0x32e ./source/main_core1.o
 .debug_abbrev  0x000007b1       0x31 ./source/semihost_hardfault.o
 .debug_abbrev  0x000007e2       0xb1 ./lcd/fonts/fixed12.o
 .debug_abbrev  0x00000893      0x23f ./lcd/lcd.o
 .debug_abbrev  0x00000ad2      0x3ae ./lcd/lcd_dpy.o
 .debug_abbrev  0x00000e80      0x360 ./lcd/lcd_private.o
 .debug_abbrev  0x000011e0      0x254 ./lcd/lcd_ts.o
 .debug_abbrev  0x00001434      0x3a8 ./drivers/fsl_clock.o
 .debug_abbrev  0x000017dc      0x3cd ./drivers/fsl_ctimer.o
 .debug_abbrev  0x00001ba9      0x3ac ./drivers/fsl_dma.o
 .debug_abbrev  0x00001f55      0x2ed ./drivers/fsl_flexcomm.o
 .debug_abbrev  0x00002242      0x244 ./drivers/fsl_gpio.o
 .debug_abbrev  0x00002486      0x182 ./drivers/fsl_reset.o
 .debug_abbrev  0x00002608      0x367 ./drivers/fsl_sdif.o
 .debug_abbrev  0x0000296f      0x203 ./device/system_LPC55S69_cm33_core1.o
 .debug_abbrev  0x00002b72       0x70 /usr/local/mcuxpressoide-11.10.0_3148/ide/plugins/com.nxp.mcuxpresso.tools.linux_11.10.0.202311280810/tools/bin/../lib/gcc/arm-none-eabi/13.2.1/../../../../arm-none-eabi/lib/thumb/v8-m.main/nofp/libcr_nohost_nf.a(_cr__main.o)
 .debug_abbrev  0x00002be2       0xa8 /usr/local/mcuxpressoide-11.10.0_3148/ide/plugins/com.nxp.mcuxpresso.tools.linux_11.10.0.202311280810/tools/bin/../lib/gcc/arm-none-eabi/13.2.1/../../../../arm-none-eabi/lib/thumb/v8-m.main/nofp/libcr_c.a(memset.o)
 .debug_abbrev  0x00002c8a      0x284 /usr/local/mcuxpressoide-11.10.0_3148/ide/plugins/com.nxp.mcuxpresso.tools.linux_11.10.0.202311280810/tools/bin/../lib/gcc/arm-none-eabi/13.2.1/../../../../arm-none-eabi/lib/thumb/v8-m.main/nofp/libcr_c.a(alloc.o)
 .debug_abbrev  0x00002f0e       0x44 /usr/local/mcuxpressoide-11.10.0_3148/ide/plugins/com.nxp.mcuxpresso.tools.linux_11.10.0.202311280810/tools/bin/../lib/gcc/arm-none-eabi/13.2.1/../../../../arm-none-eabi/lib/thumb/v8-m.main/nofp/libcr_c.a(errno.o)
 .debug_abbrev  0x00002f52      0x169 /usr/local/mcuxpressoide-11.10.0_3148/ide/plugins/com.nxp.mcuxpresso.tools.linux_11.10.0.202311280810/tools/bin/../lib/gcc/arm-none-eabi/13.2.1/../../../../arm-none-eabi/lib/thumb/v8-m.main/nofp/libcr_c.a(initio.o)
 .debug_abbrev  0x000030bb       0xe1 /usr/local/mcuxpressoide-11.10.0_3148/ide/plugins/com.nxp.mcuxpresso.tools.linux_11.10.0.202311280810/tools/bin/../lib/gcc/arm-none-eabi/13.2.1/../../../../arm-none-eabi/lib/thumb/v8-m.main/nofp/libcr_c.a(setvbuf.o)
 .debug_abbrev  0x0000319c       0xa7 /usr/local/mcuxpressoide-11.10.0_3148/ide/plugins/com.nxp.mcuxpresso.tools.linux_11.10.0.202311280810/tools/bin/../lib/gcc/arm-none-eabi/13.2.1/../../../../arm-none-eabi/lib/thumb/v8-m.main/nofp/libcr_c.a(strlen.o)
 .debug_abbrev  0x00003243      0x152 /usr/local/mcuxpressoide-11.10.0_3148/ide/plugins/com.nxp.mcuxpresso.tools.linux_11.10.0.202311280810/tools/bin/../lib/gcc/arm-none-eabi/13.2.1/../../../../arm-none-eabi/lib/thumb/v8-m.main/nofp/libcr_c.a(_deferredlazyseek.o)
 .debug_abbrev  0x00003395      0x119 /usr/local/mcuxpressoide-11.10.0_3148/ide/plugins/com.nxp.mcuxpresso.tools.linux_11.10.0.202311280810/tools/bin/../lib/gcc/arm-none-eabi/13.2.1/../../../../arm-none-eabi/lib/thumb/v8-m.main/nofp/libcr_c.a(_fdopen.o)
 .debug_abbrev  0x000034ae       0xf1 /usr/local/mcuxpressoide-11.10.0_3148/ide/plugins/com.nxp.mcuxpresso.tools.linux_11.10.0.202311280810/tools/bin/../lib/gcc/arm-none-eabi/13.2.1/../../../../arm-none-eabi/lib/thumb/v8-m.main/nofp/libcr_c.a(_fflush.o)
 .debug_abbrev  0x0000359f      0x126 /usr/local/mcuxpressoide-11.10.0_3148/ide/plugins/com.nxp.mcuxpresso.tools.linux_11.10.0.202311280810/tools/bin/../lib/gcc/arm-none-eabi/13.2.1/../../../../arm-none-eabi/lib/thumb/v8-m.main/nofp/libcr_c.a(_writebuf.o)
 .debug_abbrev  0x000036c5      0x155 /usr/local/mcuxpressoide-11.10.0_3148/ide/plugins/com.nxp.mcuxpresso.tools.linux_11.10.0.202311280810/tools/bin/../lib/gcc/arm-none-eabi/13.2.1/../../../../arm-none-eabi/lib/thumb/v8-m.main/nofp/libcr_c.a(fclose.o)
 .debug_abbrev  0x0000381a      0x125 /usr/local/mcuxpressoide-11.10.0_3148/ide/plugins/com.nxp.mcuxpresso.tools.linux_11.10.0.202311280810/tools/bin/../lib/gcc/arm-none-eabi/13.2.1/../../../../arm-none-eabi/lib/thumb/v8-m.main/nofp/libcr_c.a(fflush.o)
 .debug_abbrev  0x0000393f      0x11b /usr/local/mcuxpressoide-11.10.0_3148/ide/plugins/com.nxp.mcuxpresso.tools.linux_11.10.0.202311280810/tools/bin/../lib/gcc/arm-none-eabi/13.2.1/../../../../arm-none-eabi/lib/thumb/v8-m.main/nofp/libcr_c.a(fseek.o)
 .debug_abbrev  0x00003a5a       0xc2 /usr/local/mcuxpressoide-11.10.0_3148/ide/plugins/com.nxp.mcuxpresso.tools.linux_11.10.0.202311280810/tools/bin/../lib/gcc/arm-none-eabi/13.2.1/../../../../arm-none-eabi/lib/thumb/v8-m.main/nofp/libcr_c.a(ftell.o)
 .debug_abbrev  0x00003b1c       0xfb /usr/local/mcuxpressoide-11.10.0_3148/ide/plugins/com.nxp.mcuxpresso.tools.linux_11.10.0.202311280810/tools/bin/../lib/gcc/arm-none-eabi/13.2.1/../../../../arm-none-eabi/lib/thumb/v8-m.main/nofp/libcr_c.a(remove.o)
 .debug_abbrev  0x00003c17      0x12c /usr/local/mcuxpressoide-11.10.0_3148/ide/plugins/com.nxp.mcuxpresso.tools.linux_11.10.0.202311280810/tools/bin/../lib/gcc/arm-none-eabi/13.2.1/../../../../arm-none-eabi/lib/thumb/v8-m.main/nofp/libcr_c.a(_do_fflush.o)
 .debug_abbrev  0x00003d43       0xb5 /usr/local/mcuxpressoide-11.10.0_3148/ide/plugins/com.nxp.mcuxpresso.tools.linux_11.10.0.202311280810/tools/bin/../lib/gcc/arm-none-eabi/13.2.1/../../../../arm-none-eabi/lib/thumb/v8-m.main/nofp/libcr_nohost_nf.a(__ciob.o)
 .debug_abbrev  0x00003df8       0x5c /usr/local/mcuxpressoide-11.10.0_3148/ide/plugins/com.nxp.mcuxpresso.tools.linux_11.10.0.202311280810/tools/bin/../lib/gcc/arm-none-eabi/13.2.1/../../../../arm-none-eabi/lib/thumb/v8-m.main/nofp/libcr_nohost_nf.a(__sys_close.o)
 .debug_abbrev  0x00003e54       0x5c /usr/local/mcuxpressoide-11.10.0_3148/ide/plugins/com.nxp.mcuxpresso.tools.linux_11.10.0.202311280810/tools/bin/../lib/gcc/arm-none-eabi/13.2.1/../../../../arm-none-eabi/lib/thumb/v8-m.main/nofp/libcr_nohost_nf.a(__sys_flen.o)
 .debug_abbrev  0x00003eb0       0x5c /usr/local/mcuxpressoide-11.10.0_3148/ide/plugins/com.nxp.mcuxpresso.tools.linux_11.10.0.202311280810/tools/bin/../lib/gcc/arm-none-eabi/13.2.1/../../../../arm-none-eabi/lib/thumb/v8-m.main/nofp/libcr_nohost_nf.a(__sys_istty.o)
 .debug_abbrev  0x00003f0c       0x7d /usr/local/mcuxpressoide-11.10.0_3148/ide/plugins/com.nxp.mcuxpresso.tools.linux_11.10.0.202311280810/tools/bin/../lib/gcc/arm-none-eabi/13.2.1/../../../../arm-none-eabi/lib/thumb/v8-m.main/nofp/libcr_nohost_nf.a(__sys_remove.o)
 .debug_abbrev  0x00003f89       0x6d /usr/local/mcuxpressoide-11.10.0_3148/ide/plugins/com.nxp.mcuxpresso.tools.linux_11.10.0.202311280810/tools/bin/../lib/gcc/arm-none-eabi/13.2.1/../../../../arm-none-eabi/lib/thumb/v8-m.main/nofp/libcr_nohost_nf.a(__sys_seek.o)
 .debug_abbrev  0x00003ff6       0x76 /usr/local/mcuxpressoide-11.10.0_3148/ide/plugins/com.nxp.mcuxpresso.tools.linux_11.10.0.202311280810/tools/bin/../lib/gcc/arm-none-eabi/13.2.1/../../../../arm-none-eabi/lib/thumb/v8-m.main/nofp/libcr_nohost_nf.a(__sys_tmpnam.o)
 .debug_abbrev  0x0000406c       0x76 /usr/local/mcuxpressoide-11.10.0_3148/ide/plugins/com.nxp.mcuxpresso.tools.linux_11.10.0.202311280810/tools/bin/../lib/gcc/arm-none-eabi/13.2.1/../../../../arm-none-eabi/lib/thumb/v8-m.main/nofp/libcr_nohost_nf.a(__sys_write.o)

.debug_aranges  0x00000000     0x1078
 .debug_aranges
                0x00000000       0x28 ./utilities/fsl_assert.o
 .debug_aranges
                0x00000028       0x78 ./utilities/fsl_debug_console.o
 .debug_aranges
                0x000000a0       0x20 ./utilities/fsl_memcpy.o
 .debug_aranges
                0x000000c0      0x268 ./startup/startup_lpc55s69_cm33_core1.o
 .debug_aranges
                0x00000328       0x60 ./source/main_core1.o
 .debug_aranges
                0x00000388       0x20 ./source/semihost_hardfault.o
 .debug_aranges
                0x000003a8       0x18 ./lcd/fonts/fixed12.o
 .debug_aranges
                0x000003c0       0x30 ./lcd/lcd.o
 .debug_aranges
                0x000003f0      0x100 ./lcd/lcd_dpy.o
 .debug_aranges
                0x000004f0       0x68 ./lcd/lcd_private.o
 .debug_aranges
                0x00000558       0x60 ./lcd/lcd_ts.o
 .debug_aranges
                0x000005b8      0x228 ./drivers/fsl_clock.o
 .debug_aranges
                0x000007e0       0xe0 ./drivers/fsl_ctimer.o
 .debug_aranges
                0x000008c0      0x138 ./drivers/fsl_dma.o
 .debug_aranges
                0x000009f8       0x90 ./drivers/fsl_flexcomm.o
 .debug_aranges
                0x00000a88       0x38 ./drivers/fsl_gpio.o
 .debug_aranges
                0x00000ac0       0x30 ./drivers/fsl_reset.o
 .debug_aranges
                0x00000af0      0x1b8 ./drivers/fsl_sdif.o
 .debug_aranges
                0x00000ca8       0x88 ./device/system_LPC55S69_cm33_core1.o
 .debug_aranges
                0x00000d30       0x20 /usr/local/mcuxpressoide-11.10.0_3148/ide/plugins/com.nxp.mcuxpresso.tools.linux_11.10.0.202311280810/tools/bin/../lib/gcc/arm-none-eabi/13.2.1/../../../../arm-none-eabi/lib/thumb/v8-m.main/nofp/libcr_nohost_nf.a(_cr__main.o)
 .debug_aranges
                0x00000d50       0x20 /usr/local/mcuxpressoide-11.10.0_3148/ide/plugins/com.nxp.mcuxpresso.tools.linux_11.10.0.202311280810/tools/bin/../lib/gcc/arm-none-eabi/13.2.1/../../../../arm-none-eabi/lib/thumb/v8-m.main/nofp/libcr_c.a(memset.o)
 .debug_aranges
                0x00000d70       0x40 /usr/local/mcuxpressoide-11.10.0_3148/ide/plugins/com.nxp.mcuxpresso.tools.linux_11.10.0.202311280810/tools/bin/../lib/gcc/arm-none-eabi/13.2.1/../../../../arm-none-eabi/lib/thumb/v8-m.main/nofp/libcr_c.a(alloc.o)
 .debug_aranges
                0x00000db0       0x18 /usr/local/mcuxpressoide-11.10.0_3148/ide/plugins/com.nxp.mcuxpresso.tools.linux_11.10.0.202311280810/tools/bin/../lib/gcc/arm-none-eabi/13.2.1/../../../../arm-none-eabi/lib/thumb/v8-m.main/nofp/libcr_c.a(errno.o)
 .debug_aranges
                0x00000dc8       0x28 /usr/local/mcuxpressoide-11.10.0_3148/ide/plugins/com.nxp.mcuxpresso.tools.linux_11.10.0.202311280810/tools/bin/../lib/gcc/arm-none-eabi/13.2.1/../../../../arm-none-eabi/lib/thumb/v8-m.main/nofp/libcr_c.a(initio.o)
 .debug_aranges
                0x00000df0       0x20 /usr/local/mcuxpressoide-11.10.0_3148/ide/plugins/com.nxp.mcuxpresso.tools.linux_11.10.0.202311280810/tools/bin/../lib/gcc/arm-none-eabi/13.2.1/../../../../arm-none-eabi/lib/thumb/v8-m.main/nofp/libcr_c.a(setvbuf.o)
 .debug_aranges
                0x00000e10       0x20 /usr/local/mcuxpressoide-11.10.0_3148/ide/plugins/com.nxp.mcuxpresso.tools.linux_11.10.0.202311280810/tools/bin/../lib/gcc/arm-none-eabi/13.2.1/../../../../arm-none-eabi/lib/thumb/v8-m.main/nofp/libcr_c.a(strlen.o)
 .debug_aranges
                0x00000e30       0x28 /usr/local/mcuxpressoide-11.10.0_3148/ide/plugins/com.nxp.mcuxpresso.tools.linux_11.10.0.202311280810/tools/bin/../lib/gcc/arm-none-eabi/13.2.1/../../../../arm-none-eabi/lib/thumb/v8-m.main/nofp/libcr_c.a(_deferredlazyseek.o)
 .debug_aranges
                0x00000e58       0x20 /usr/local/mcuxpressoide-11.10.0_3148/ide/plugins/com.nxp.mcuxpresso.tools.linux_11.10.0.202311280810/tools/bin/../lib/gcc/arm-none-eabi/13.2.1/../../../../arm-none-eabi/lib/thumb/v8-m.main/nofp/libcr_c.a(_fdopen.o)
 .debug_aranges
                0x00000e78       0x20 /usr/local/mcuxpressoide-11.10.0_3148/ide/plugins/com.nxp.mcuxpresso.tools.linux_11.10.0.202311280810/tools/bin/../lib/gcc/arm-none-eabi/13.2.1/../../../../arm-none-eabi/lib/thumb/v8-m.main/nofp/libcr_c.a(_fflush.o)
 .debug_aranges
                0x00000e98       0x20 /usr/local/mcuxpressoide-11.10.0_3148/ide/plugins/com.nxp.mcuxpresso.tools.linux_11.10.0.202311280810/tools/bin/../lib/gcc/arm-none-eabi/13.2.1/../../../../arm-none-eabi/lib/thumb/v8-m.main/nofp/libcr_c.a(_writebuf.o)
 .debug_aranges
                0x00000eb8       0x20 /usr/local/mcuxpressoide-11.10.0_3148/ide/plugins/com.nxp.mcuxpresso.tools.linux_11.10.0.202311280810/tools/bin/../lib/gcc/arm-none-eabi/13.2.1/../../../../arm-none-eabi/lib/thumb/v8-m.main/nofp/libcr_c.a(fclose.o)
 .debug_aranges
                0x00000ed8       0x20 /usr/local/mcuxpressoide-11.10.0_3148/ide/plugins/com.nxp.mcuxpresso.tools.linux_11.10.0.202311280810/tools/bin/../lib/gcc/arm-none-eabi/13.2.1/../../../../arm-none-eabi/lib/thumb/v8-m.main/nofp/libcr_c.a(fflush.o)
 .debug_aranges
                0x00000ef8       0x20 /usr/local/mcuxpressoide-11.10.0_3148/ide/plugins/com.nxp.mcuxpresso.tools.linux_11.10.0.202311280810/tools/bin/../lib/gcc/arm-none-eabi/13.2.1/../../../../arm-none-eabi/lib/thumb/v8-m.main/nofp/libcr_c.a(fseek.o)
 .debug_aranges
                0x00000f18       0x20 /usr/local/mcuxpressoide-11.10.0_3148/ide/plugins/com.nxp.mcuxpresso.tools.linux_11.10.0.202311280810/tools/bin/../lib/gcc/arm-none-eabi/13.2.1/../../../../arm-none-eabi/lib/thumb/v8-m.main/nofp/libcr_c.a(ftell.o)
 .debug_aranges
                0x00000f38       0x28 /usr/local/mcuxpressoide-11.10.0_3148/ide/plugins/com.nxp.mcuxpresso.tools.linux_11.10.0.202311280810/tools/bin/../lib/gcc/arm-none-eabi/13.2.1/../../../../arm-none-eabi/lib/thumb/v8-m.main/nofp/libcr_c.a(remove.o)
 .debug_aranges
                0x00000f60       0x20 /usr/local/mcuxpressoide-11.10.0_3148/ide/plugins/com.nxp.mcuxpresso.tools.linux_11.10.0.202311280810/tools/bin/../lib/gcc/arm-none-eabi/13.2.1/../../../../arm-none-eabi/lib/thumb/v8-m.main/nofp/libcr_c.a(_do_fflush.o)
 .debug_aranges
                0x00000f80       0x18 /usr/local/mcuxpressoide-11.10.0_3148/ide/plugins/com.nxp.mcuxpresso.tools.linux_11.10.0.202311280810/tools/bin/../lib/gcc/arm-none-eabi/13.2.1/../../../../arm-none-eabi/lib/thumb/v8-m.main/nofp/libcr_nohost_nf.a(__ciob.o)
 .debug_aranges
                0x00000f98       0x20 /usr/local/mcuxpressoide-11.10.0_3148/ide/plugins/com.nxp.mcuxpresso.tools.linux_11.10.0.202311280810/tools/bin/../lib/gcc/arm-none-eabi/13.2.1/../../../../arm-none-eabi/lib/thumb/v8-m.main/nofp/libcr_nohost_nf.a(__sys_close.o)
 .debug_aranges
                0x00000fb8       0x20 /usr/local/mcuxpressoide-11.10.0_3148/ide/plugins/com.nxp.mcuxpresso.tools.linux_11.10.0.202311280810/tools/bin/../lib/gcc/arm-none-eabi/13.2.1/../../../../arm-none-eabi/lib/thumb/v8-m.main/nofp/libcr_nohost_nf.a(__sys_flen.o)
 .debug_aranges
                0x00000fd8       0x20 /usr/local/mcuxpressoide-11.10.0_3148/ide/plugins/com.nxp.mcuxpresso.tools.linux_11.10.0.202311280810/tools/bin/../lib/gcc/arm-none-eabi/13.2.1/../../../../arm-none-eabi/lib/thumb/v8-m.main/nofp/libcr_nohost_nf.a(__sys_istty.o)
 .debug_aranges
                0x00000ff8       0x20 /usr/local/mcuxpressoide-11.10.0_3148/ide/plugins/com.nxp.mcuxpresso.tools.linux_11.10.0.202311280810/tools/bin/../lib/gcc/arm-none-eabi/13.2.1/../../../../arm-none-eabi/lib/thumb/v8-m.main/nofp/libcr_nohost_nf.a(__sys_remove.o)
 .debug_aranges
                0x00001018       0x20 /usr/local/mcuxpressoide-11.10.0_3148/ide/plugins/com.nxp.mcuxpresso.tools.linux_11.10.0.202311280810/tools/bin/../lib/gcc/arm-none-eabi/13.2.1/../../../../arm-none-eabi/lib/thumb/v8-m.main/nofp/libcr_nohost_nf.a(__sys_seek.o)
 .debug_aranges
                0x00001038       0x20 /usr/local/mcuxpressoide-11.10.0_3148/ide/plugins/com.nxp.mcuxpresso.tools.linux_11.10.0.202311280810/tools/bin/../lib/gcc/arm-none-eabi/13.2.1/../../../../arm-none-eabi/lib/thumb/v8-m.main/nofp/libcr_nohost_nf.a(__sys_tmpnam.o)
 .debug_aranges
                0x00001058       0x20 /usr/local/mcuxpressoide-11.10.0_3148/ide/plugins/com.nxp.mcuxpresso.tools.linux_11.10.0.202311280810/tools/bin/../lib/gcc/arm-none-eabi/13.2.1/../../../../arm-none-eabi/lib/thumb/v8-m.main/nofp/libcr_nohost_nf.a(__sys_write.o)

.debug_ranges   0x00000000      0xdf0
 .debug_ranges  0x00000000       0x18 ./utilities/fsl_assert.o
 .debug_ranges  0x00000018       0x68 ./utilities/fsl_debug_console.o
 .debug_ranges  0x00000080      0x258 ./startup/startup_lpc55s69_cm33_core1.o
 .debug_ranges  0x000002d8       0x50 ./source/main_core1.o
 .debug_ranges  0x00000328       0x10 ./source/semihost_hardfault.o
 .debug_ranges  0x00000338       0x20 ./lcd/lcd.o
 .debug_ranges  0x00000358       0xf0 ./lcd/lcd_dpy.o
 .debug_ranges  0x00000448       0x58 ./lcd/lcd_private.o
 .debug_ranges  0x000004a0       0x50 ./lcd/lcd_ts.o
 .debug_ranges  0x000004f0      0x218 ./drivers/fsl_clock.o
 .debug_ranges  0x00000708       0xd0 ./drivers/fsl_ctimer.o
 .debug_ranges  0x000007d8      0x128 ./drivers/fsl_dma.o
 .debug_ranges  0x00000900       0x80 ./drivers/fsl_flexcomm.o
 .debug_ranges  0x00000980       0x28 ./drivers/fsl_gpio.o
 .debug_ranges  0x000009a8       0x20 ./drivers/fsl_reset.o
 .debug_ranges  0x000009c8      0x1a8 ./drivers/fsl_sdif.o
 .debug_ranges  0x00000b70       0x78 ./device/system_LPC55S69_cm33_core1.o
 .debug_ranges  0x00000be8       0x10 /usr/local/mcuxpressoide-11.10.0_3148/ide/plugins/com.nxp.mcuxpresso.tools.linux_11.10.0.202311280810/tools/bin/../lib/gcc/arm-none-eabi/13.2.1/../../../../arm-none-eabi/lib/thumb/v8-m.main/nofp/libcr_nohost_nf.a(_cr__main.o)
 .debug_ranges  0x00000bf8       0x10 /usr/local/mcuxpressoide-11.10.0_3148/ide/plugins/com.nxp.mcuxpresso.tools.linux_11.10.0.202311280810/tools/bin/../lib/gcc/arm-none-eabi/13.2.1/../../../../arm-none-eabi/lib/thumb/v8-m.main/nofp/libcr_c.a(memset.o)
 .debug_ranges  0x00000c08       0x48 /usr/local/mcuxpressoide-11.10.0_3148/ide/plugins/com.nxp.mcuxpresso.tools.linux_11.10.0.202311280810/tools/bin/../lib/gcc/arm-none-eabi/13.2.1/../../../../arm-none-eabi/lib/thumb/v8-m.main/nofp/libcr_c.a(alloc.o)
 .debug_ranges  0x00000c50       0x18 /usr/local/mcuxpressoide-11.10.0_3148/ide/plugins/com.nxp.mcuxpresso.tools.linux_11.10.0.202311280810/tools/bin/../lib/gcc/arm-none-eabi/13.2.1/../../../../arm-none-eabi/lib/thumb/v8-m.main/nofp/libcr_c.a(initio.o)
 .debug_ranges  0x00000c68       0x10 /usr/local/mcuxpressoide-11.10.0_3148/ide/plugins/com.nxp.mcuxpresso.tools.linux_11.10.0.202311280810/tools/bin/../lib/gcc/arm-none-eabi/13.2.1/../../../../arm-none-eabi/lib/thumb/v8-m.main/nofp/libcr_c.a(setvbuf.o)
 .debug_ranges  0x00000c78       0x10 /usr/local/mcuxpressoide-11.10.0_3148/ide/plugins/com.nxp.mcuxpresso.tools.linux_11.10.0.202311280810/tools/bin/../lib/gcc/arm-none-eabi/13.2.1/../../../../arm-none-eabi/lib/thumb/v8-m.main/nofp/libcr_c.a(strlen.o)
 .debug_ranges  0x00000c88       0x30 /usr/local/mcuxpressoide-11.10.0_3148/ide/plugins/com.nxp.mcuxpresso.tools.linux_11.10.0.202311280810/tools/bin/../lib/gcc/arm-none-eabi/13.2.1/../../../../arm-none-eabi/lib/thumb/v8-m.main/nofp/libcr_c.a(_deferredlazyseek.o)
 .debug_ranges  0x00000cb8       0x10 /usr/local/mcuxpressoide-11.10.0_3148/ide/plugins/com.nxp.mcuxpresso.tools.linux_11.10.0.202311280810/tools/bin/../lib/gcc/arm-none-eabi/13.2.1/../../../../arm-none-eabi/lib/thumb/v8-m.main/nofp/libcr_c.a(_fdopen.o)
 .debug_ranges  0x00000cc8       0x10 /usr/local/mcuxpressoide-11.10.0_3148/ide/plugins/com.nxp.mcuxpresso.tools.linux_11.10.0.202311280810/tools/bin/../lib/gcc/arm-none-eabi/13.2.1/../../../../arm-none-eabi/lib/thumb/v8-m.main/nofp/libcr_c.a(_fflush.o)
 .debug_ranges  0x00000cd8       0x10 /usr/local/mcuxpressoide-11.10.0_3148/ide/plugins/com.nxp.mcuxpresso.tools.linux_11.10.0.202311280810/tools/bin/../lib/gcc/arm-none-eabi/13.2.1/../../../../arm-none-eabi/lib/thumb/v8-m.main/nofp/libcr_c.a(_writebuf.o)
 .debug_ranges  0x00000ce8       0x10 /usr/local/mcuxpressoide-11.10.0_3148/ide/plugins/com.nxp.mcuxpresso.tools.linux_11.10.0.202311280810/tools/bin/../lib/gcc/arm-none-eabi/13.2.1/../../../../arm-none-eabi/lib/thumb/v8-m.main/nofp/libcr_c.a(fclose.o)
 .debug_ranges  0x00000cf8       0x28 /usr/local/mcuxpressoide-11.10.0_3148/ide/plugins/com.nxp.mcuxpresso.tools.linux_11.10.0.202311280810/tools/bin/../lib/gcc/arm-none-eabi/13.2.1/../../../../arm-none-eabi/lib/thumb/v8-m.main/nofp/libcr_c.a(fflush.o)
 .debug_ranges  0x00000d20       0x10 /usr/local/mcuxpressoide-11.10.0_3148/ide/plugins/com.nxp.mcuxpresso.tools.linux_11.10.0.202311280810/tools/bin/../lib/gcc/arm-none-eabi/13.2.1/../../../../arm-none-eabi/lib/thumb/v8-m.main/nofp/libcr_c.a(fseek.o)
 .debug_ranges  0x00000d30       0x10 /usr/local/mcuxpressoide-11.10.0_3148/ide/plugins/com.nxp.mcuxpresso.tools.linux_11.10.0.202311280810/tools/bin/../lib/gcc/arm-none-eabi/13.2.1/../../../../arm-none-eabi/lib/thumb/v8-m.main/nofp/libcr_c.a(ftell.o)
 .debug_ranges  0x00000d40       0x18 /usr/local/mcuxpressoide-11.10.0_3148/ide/plugins/com.nxp.mcuxpresso.tools.linux_11.10.0.202311280810/tools/bin/../lib/gcc/arm-none-eabi/13.2.1/../../../../arm-none-eabi/lib/thumb/v8-m.main/nofp/libcr_c.a(remove.o)
 .debug_ranges  0x00000d58       0x28 /usr/local/mcuxpressoide-11.10.0_3148/ide/plugins/com.nxp.mcuxpresso.tools.linux_11.10.0.202311280810/tools/bin/../lib/gcc/arm-none-eabi/13.2.1/../../../../arm-none-eabi/lib/thumb/v8-m.main/nofp/libcr_c.a(_do_fflush.o)
 .debug_ranges  0x00000d80       0x10 /usr/local/mcuxpressoide-11.10.0_3148/ide/plugins/com.nxp.mcuxpresso.tools.linux_11.10.0.202311280810/tools/bin/../lib/gcc/arm-none-eabi/13.2.1/../../../../arm-none-eabi/lib/thumb/v8-m.main/nofp/libcr_nohost_nf.a(__sys_close.o)
 .debug_ranges  0x00000d90       0x10 /usr/local/mcuxpressoide-11.10.0_3148/ide/plugins/com.nxp.mcuxpresso.tools.linux_11.10.0.202311280810/tools/bin/../lib/gcc/arm-none-eabi/13.2.1/../../../../arm-none-eabi/lib/thumb/v8-m.main/nofp/libcr_nohost_nf.a(__sys_flen.o)
 .debug_ranges  0x00000da0       0x10 /usr/local/mcuxpressoide-11.10.0_3148/ide/plugins/com.nxp.mcuxpresso.tools.linux_11.10.0.202311280810/tools/bin/../lib/gcc/arm-none-eabi/13.2.1/../../../../arm-none-eabi/lib/thumb/v8-m.main/nofp/libcr_nohost_nf.a(__sys_istty.o)
 .debug_ranges  0x00000db0       0x10 /usr/local/mcuxpressoide-11.10.0_3148/ide/plugins/com.nxp.mcuxpresso.tools.linux_11.10.0.202311280810/tools/bin/../lib/gcc/arm-none-eabi/13.2.1/../../../../arm-none-eabi/lib/thumb/v8-m.main/nofp/libcr_nohost_nf.a(__sys_remove.o)
 .debug_ranges  0x00000dc0       0x10 /usr/local/mcuxpressoide-11.10.0_3148/ide/plugins/com.nxp.mcuxpresso.tools.linux_11.10.0.202311280810/tools/bin/../lib/gcc/arm-none-eabi/13.2.1/../../../../arm-none-eabi/lib/thumb/v8-m.main/nofp/libcr_nohost_nf.a(__sys_seek.o)
 .debug_ranges  0x00000dd0       0x10 /usr/local/mcuxpressoide-11.10.0_3148/ide/plugins/com.nxp.mcuxpresso.tools.linux_11.10.0.202311280810/tools/bin/../lib/gcc/arm-none-eabi/13.2.1/../../../../arm-none-eabi/lib/thumb/v8-m.main/nofp/libcr_nohost_nf.a(__sys_tmpnam.o)
 .debug_ranges  0x00000de0       0x10 /usr/local/mcuxpressoide-11.10.0_3148/ide/plugins/com.nxp.mcuxpresso.tools.linux_11.10.0.202311280810/tools/bin/../lib/gcc/arm-none-eabi/13.2.1/../../../../arm-none-eabi/lib/thumb/v8-m.main/nofp/libcr_nohost_nf.a(__sys_write.o)

.debug_macro    0x00000000    0x16f37
 .debug_macro   0x00000000      0x146 ./utilities/fsl_assert.o
 .debug_macro   0x00000146      0xb0e ./utilities/fsl_assert.o
 .debug_macro   0x00000c54       0x10 ./utilities/fsl_assert.o
 .debug_macro   0x00000c64       0x1c ./utilities/fsl_assert.o
 .debug_macro   0x00000c80       0x22 ./utilities/fsl_assert.o
 .debug_macro   0x00000ca2      0x12e ./utilities/fsl_assert.o
 .debug_macro   0x00000dd0      0x5b3 ./utilities/fsl_assert.o
 .debug_macro   0x00001383       0x22 ./utilities/fsl_assert.o
 .debug_macro   0x000013a5       0x10 ./utilities/fsl_assert.o
 .debug_macro   0x000013b5       0x46 ./utilities/fsl_assert.o
 .debug_macro   0x000013fb       0x1c ./utilities/fsl_assert.o
 .debug_macro   0x00001417       0x2a ./utilities/fsl_assert.o
 .debug_macro   0x00001441       0xdf ./utilities/fsl_assert.o
 .debug_macro   0x00001520     0x1543 ./utilities/fsl_assert.o
 .debug_macro   0x00002a63       0x2e ./utilities/fsl_assert.o
 .debug_macro   0x00002a91    0x116e8 ./utilities/fsl_assert.o
 .debug_macro   0x00014179      0x4f1 ./utilities/fsl_assert.o
 .debug_macro   0x0001466a       0x7a ./utilities/fsl_assert.o
 .debug_macro   0x000146e4       0xa8 ./utilities/fsl_assert.o
 .debug_macro   0x0001478c      0x2ca ./utilities/fsl_assert.o
 .debug_macro   0x00014a56       0x16 ./utilities/fsl_assert.o
 .debug_macro   0x00014a6c       0xee ./utilities/fsl_assert.o
 .debug_macro   0x00014b5a       0x1c ./utilities/fsl_assert.o
 .debug_macro   0x00014b76       0x1c ./utilities/fsl_assert.o
 .debug_macro   0x00014b92       0x34 ./utilities/fsl_assert.o
 .debug_macro   0x00014bc6      0x16c ./utilities/fsl_debug_console.o
 .debug_macro   0x00014d32       0x16 ./utilities/fsl_debug_console.o
 .debug_macro   0x00014d48       0x10 ./utilities/fsl_debug_console.o
 .debug_macro   0x00014d58       0x28 ./utilities/fsl_debug_console.o
 .debug_macro   0x00014d80       0xc4 ./utilities/fsl_debug_console.o
 .debug_macro   0x00014e44       0x16 ./utilities/fsl_debug_console.o
 .debug_macro   0x00014e5a       0x47 ./utilities/fsl_debug_console.o
 .debug_macro   0x00014ea1       0x29 ./startup/startup_lpc55s69_cm33_core1.o
 .debug_macro   0x00014eca      0x226 ./source/main_core1.o
 .debug_macro   0x000150f0       0x2f ./source/main_core1.o
 .debug_macro   0x0001511f       0x10 ./source/main_core1.o
 .debug_macro   0x0001512f       0xfe ./source/main_core1.o
 .debug_macro   0x0001522d      0x1f0 ./source/main_core1.o
 .debug_macro   0x0001541d      0x304 ./source/main_core1.o
 .debug_macro   0x00015721      0x100 ./source/main_core1.o
 .debug_macro   0x00015821       0x11 ./source/semihost_hardfault.o
 .debug_macro   0x00015832       0x4b ./lcd/fonts/fixed12.o
 .debug_macro   0x0001587d       0xfa ./lcd/fonts/fixed12.o
 .debug_macro   0x00015977      0x159 ./lcd/lcd.o
 .debug_macro   0x00015ad0       0x6c ./lcd/lcd.o
 .debug_macro   0x00015b3c       0x5e ./lcd/lcd.o
 .debug_macro   0x00015b9a      0x188 ./lcd/lcd_dpy.o
 .debug_macro   0x00015d22      0x118 ./lcd/lcd_dpy.o
 .debug_macro   0x00015e3a      0x1b8 ./lcd/lcd_private.o
 .debug_macro   0x00015ff2       0x10 ./lcd/lcd_private.o
 .debug_macro   0x00016002       0x10 ./lcd/lcd_private.o
 .debug_macro   0x00016012       0x46 ./lcd/lcd_private.o
 .debug_macro   0x00016058      0x334 ./lcd/lcd_ts.o
 .debug_macro   0x0001638c       0xd8 ./lcd/lcd_ts.o
 .debug_macro   0x00016464      0x1ca ./drivers/fsl_clock.o
 .debug_macro   0x0001662e      0x13b ./drivers/fsl_ctimer.o
 .debug_macro   0x00016769      0x13a ./drivers/fsl_dma.o
 .debug_macro   0x000168a3       0x70 ./drivers/fsl_dma.o
 .debug_macro   0x00016913      0x134 ./drivers/fsl_flexcomm.o
 .debug_macro   0x00016a47      0x13b ./drivers/fsl_gpio.o
 .debug_macro   0x00016b82      0x12b ./drivers/fsl_reset.o
 .debug_macro   0x00016cad      0x17c ./drivers/fsl_sdif.o
 .debug_macro   0x00016e29       0x5e ./drivers/fsl_sdif.o
 .debug_macro   0x00016e87       0xb0 ./device/system_LPC55S69_cm33_core1.o

.debug_line     0x00000000     0xb886
 .debug_line    0x00000000      0x458 ./utilities/fsl_assert.o
 .debug_line    0x00000458      0x926 ./utilities/fsl_debug_console.o
 .debug_line    0x00000d7e       0x89 ./utilities/fsl_memcpy.o
 .debug_line    0x00000e07      0x791 ./startup/startup_lpc55s69_cm33_core1.o
 .debug_line    0x00001598      0x9fb ./source/main_core1.o
 .debug_line    0x00001f93       0x59 ./source/semihost_hardfault.o
 .debug_line    0x00001fec      0x18c ./lcd/fonts/fixed12.o
 .debug_line    0x00002178      0x47c ./lcd/lcd.o
 .debug_line    0x000025f4     0x11d1 ./lcd/lcd_dpy.o
 .debug_line    0x000037c5      0x80e ./lcd/lcd_private.o
 .debug_line    0x00003fd3      0x628 ./lcd/lcd_ts.o
 .debug_line    0x000045fb     0x1888 ./drivers/fsl_clock.o
 .debug_line    0x00005e83      0x959 ./drivers/fsl_ctimer.o
 .debug_line    0x000067dc      0xe68 ./drivers/fsl_dma.o
 .debug_line    0x00007644      0x65a ./drivers/fsl_flexcomm.o
 .debug_line    0x00007c9e      0x440 ./drivers/fsl_gpio.o
 .debug_line    0x000080de      0x427 ./drivers/fsl_reset.o
 .debug_line    0x00008505     0x13f5 ./drivers/fsl_sdif.o
 .debug_line    0x000098fa      0x6d3 ./device/system_LPC55S69_cm33_core1.o
 .debug_line    0x00009fcd       0xc4 /usr/local/mcuxpressoide-11.10.0_3148/ide/plugins/com.nxp.mcuxpresso.tools.linux_11.10.0.202311280810/tools/bin/../lib/gcc/arm-none-eabi/13.2.1/../../../../arm-none-eabi/lib/thumb/v8-m.main/nofp/libcr_nohost_nf.a(_cr__main.o)
 .debug_line    0x0000a091       0x7b /usr/local/mcuxpressoide-11.10.0_3148/ide/plugins/com.nxp.mcuxpresso.tools.linux_11.10.0.202311280810/tools/bin/../lib/gcc/arm-none-eabi/13.2.1/../../../../arm-none-eabi/lib/thumb/v8-m.main/nofp/libcr_c.a(memset.o)
 .debug_line    0x0000a10c      0x37d /usr/local/mcuxpressoide-11.10.0_3148/ide/plugins/com.nxp.mcuxpresso.tools.linux_11.10.0.202311280810/tools/bin/../lib/gcc/arm-none-eabi/13.2.1/../../../../arm-none-eabi/lib/thumb/v8-m.main/nofp/libcr_c.a(alloc.o)
 .debug_line    0x0000a489       0x4e /usr/local/mcuxpressoide-11.10.0_3148/ide/plugins/com.nxp.mcuxpresso.tools.linux_11.10.0.202311280810/tools/bin/../lib/gcc/arm-none-eabi/13.2.1/../../../../arm-none-eabi/lib/thumb/v8-m.main/nofp/libcr_c.a(errno.o)
 .debug_line    0x0000a4d7      0x149 /usr/local/mcuxpressoide-11.10.0_3148/ide/plugins/com.nxp.mcuxpresso.tools.linux_11.10.0.202311280810/tools/bin/../lib/gcc/arm-none-eabi/13.2.1/../../../../arm-none-eabi/lib/thumb/v8-m.main/nofp/libcr_c.a(initio.o)
 .debug_line    0x0000a620       0xec /usr/local/mcuxpressoide-11.10.0_3148/ide/plugins/com.nxp.mcuxpresso.tools.linux_11.10.0.202311280810/tools/bin/../lib/gcc/arm-none-eabi/13.2.1/../../../../arm-none-eabi/lib/thumb/v8-m.main/nofp/libcr_c.a(setvbuf.o)
 .debug_line    0x0000a70c      0x109 /usr/local/mcuxpressoide-11.10.0_3148/ide/plugins/com.nxp.mcuxpresso.tools.linux_11.10.0.202311280810/tools/bin/../lib/gcc/arm-none-eabi/13.2.1/../../../../arm-none-eabi/lib/thumb/v8-m.main/nofp/libcr_c.a(strlen.o)
 .debug_line    0x0000a815      0x2e9 /usr/local/mcuxpressoide-11.10.0_3148/ide/plugins/com.nxp.mcuxpresso.tools.linux_11.10.0.202311280810/tools/bin/../lib/gcc/arm-none-eabi/13.2.1/../../../../arm-none-eabi/lib/thumb/v8-m.main/nofp/libcr_c.a(_deferredlazyseek.o)
 .debug_line    0x0000aafe      0x11c /usr/local/mcuxpressoide-11.10.0_3148/ide/plugins/com.nxp.mcuxpresso.tools.linux_11.10.0.202311280810/tools/bin/../lib/gcc/arm-none-eabi/13.2.1/../../../../arm-none-eabi/lib/thumb/v8-m.main/nofp/libcr_c.a(_fdopen.o)
 .debug_line    0x0000ac1a      0x11f /usr/local/mcuxpressoide-11.10.0_3148/ide/plugins/com.nxp.mcuxpresso.tools.linux_11.10.0.202311280810/tools/bin/../lib/gcc/arm-none-eabi/13.2.1/../../../../arm-none-eabi/lib/thumb/v8-m.main/nofp/libcr_c.a(_fflush.o)
 .debug_line    0x0000ad39      0x12d /usr/local/mcuxpressoide-11.10.0_3148/ide/plugins/com.nxp.mcuxpresso.tools.linux_11.10.0.202311280810/tools/bin/../lib/gcc/arm-none-eabi/13.2.1/../../../../arm-none-eabi/lib/thumb/v8-m.main/nofp/libcr_c.a(_writebuf.o)
 .debug_line    0x0000ae66      0x10f /usr/local/mcuxpressoide-11.10.0_3148/ide/plugins/com.nxp.mcuxpresso.tools.linux_11.10.0.202311280810/tools/bin/../lib/gcc/arm-none-eabi/13.2.1/../../../../arm-none-eabi/lib/thumb/v8-m.main/nofp/libcr_c.a(fclose.o)
 .debug_line    0x0000af75       0xe1 /usr/local/mcuxpressoide-11.10.0_3148/ide/plugins/com.nxp.mcuxpresso.tools.linux_11.10.0.202311280810/tools/bin/../lib/gcc/arm-none-eabi/13.2.1/../../../../arm-none-eabi/lib/thumb/v8-m.main/nofp/libcr_c.a(fflush.o)
 .debug_line    0x0000b056      0x232 /usr/local/mcuxpressoide-11.10.0_3148/ide/plugins/com.nxp.mcuxpresso.tools.linux_11.10.0.202311280810/tools/bin/../lib/gcc/arm-none-eabi/13.2.1/../../../../arm-none-eabi/lib/thumb/v8-m.main/nofp/libcr_c.a(fseek.o)
 .debug_line    0x0000b288      0x10a /usr/local/mcuxpressoide-11.10.0_3148/ide/plugins/com.nxp.mcuxpresso.tools.linux_11.10.0.202311280810/tools/bin/../lib/gcc/arm-none-eabi/13.2.1/../../../../arm-none-eabi/lib/thumb/v8-m.main/nofp/libcr_c.a(ftell.o)
 .debug_line    0x0000b392       0xec /usr/local/mcuxpressoide-11.10.0_3148/ide/plugins/com.nxp.mcuxpresso.tools.linux_11.10.0.202311280810/tools/bin/../lib/gcc/arm-none-eabi/13.2.1/../../../../arm-none-eabi/lib/thumb/v8-m.main/nofp/libcr_c.a(remove.o)
 .debug_line    0x0000b47e       0xfc /usr/local/mcuxpressoide-11.10.0_3148/ide/plugins/com.nxp.mcuxpresso.tools.linux_11.10.0.202311280810/tools/bin/../lib/gcc/arm-none-eabi/13.2.1/../../../../arm-none-eabi/lib/thumb/v8-m.main/nofp/libcr_c.a(_do_fflush.o)
 .debug_line    0x0000b57a       0xea /usr/local/mcuxpressoide-11.10.0_3148/ide/plugins/com.nxp.mcuxpresso.tools.linux_11.10.0.202311280810/tools/bin/../lib/gcc/arm-none-eabi/13.2.1/../../../../arm-none-eabi/lib/thumb/v8-m.main/nofp/libcr_nohost_nf.a(__ciob.o)
 .debug_line    0x0000b664       0x4e /usr/local/mcuxpressoide-11.10.0_3148/ide/plugins/com.nxp.mcuxpresso.tools.linux_11.10.0.202311280810/tools/bin/../lib/gcc/arm-none-eabi/13.2.1/../../../../arm-none-eabi/lib/thumb/v8-m.main/nofp/libcr_nohost_nf.a(__sys_close.o)