/home/mohamed/apps/MCUXpresso_11.10.0_3148/workspace/lpcxpresso55s69_mailbox_interrupt_cm33_core1/CMSIS/core_cm33.h:2390:22:__NVIC_EnableIRQ	16	static
/home/mohamed/apps/MCUXpresso_11.10.0_3148/workspace/lpcxpresso55s69_mailbox_interrupt_cm33_core1/CMSIS/core_cm33.h:2587:22:__NVIC_SetPriority	16	static
../source/mailbox_interrupt_core1.c:107:6:mb_init	8	static
../source/mailbox_interrupt_core1.c:117:10:mb_pop_evt	16	static
../source/mailbox_interrupt_core1.c:124:6:mb_push_evt	16	static
../source/mailbox_interrupt_core1.c:145:6:next_event	24	static
../source/mailbox_interrupt_core1.c:153:6:MAILBOX_IRQHandler	16	static
../source/mailbox_interrupt_core1.c:180:6:init_p	4	static
../source/mailbox_interrupt_core1.c:187:5:main	136	static
